******************************************************************************
                  TI ARM Linker PC v18.12.1                    
******************************************************************************
>> Linked Tue Apr 30 10:09:05 2019

OUTPUT FILE NAME:   <uartecho_EK_TM4C1294XL_TI.out>
ENTRY POINT SYMBOL: "_c_int00"  address: 000057e1


MEMORY CONFIGURATION

         name            origin    length      used     unused   attr    fill
----------------------  --------  ---------  --------  --------  ----  --------
  FLASH                 00000000   00100000  0000a484  000f5b7c  R  X
  SRAM                  20000000   00040000  00002472  0003db8e  RW X


SEGMENT ALLOCATION MAP

run origin  load origin   length   init length attrs members
----------  ----------- ---------- ----------- ----- -------
00000000    00000000    0000a490   0000a490    r-x
  00000000    00000000    0000003c   0000003c    r-- .resetVecs
  00000040    00000040    00007682   00007682    r-x .text
  000076c4    000076c4    00002b36   00002b36    r-- .const
  0000a200    0000a200    00000290   00000290    r-- .cinit
20000000    20000000    00000360   00000000    rw-
  20000000    20000000    00000360   00000000    rw- .vecs
20000380    20000380    00002118   00000000    rw-
  20000380    20000380    00001830   00000000    rw- .bss
  20001bb0    20001bb0    000005e2   00000000    rw- .data
  20002198    20002198    00000300   00000000    rw- .stack


SECTION ALLOCATION MAP

 output                                  attributes/
section   page    origin      length       input sections
--------  ----  ----------  ----------   ----------------
.text      0    00000040    00007682     
                  00000040    00000430     sysbios.aem4f : BIOS.obj (.text:ti_sysbios_family_arm_m3_Hwi_excDumpRegs__I)
                  00000470    0000034c     ti.targets.arm.rtsarm.aem4f : System.oem4f (.text:xdc_runtime_System_doPrint__I)
                  000007bc    00000004     driverlib.lib : uart.obj (.text:UARTIntClear)
                  000007c0    000002ec     sysbios.aem4f : BIOS.obj (.text:ti_sysbios_knl_Semaphore_pend__E)
                  00000aac    00000004     rtsv7M4_T_le_v4SPD16_eabi.lib : exit.c.obj (.text:abort:abort)
                  00000ab0    0000026c     sysbios.aem4f : BIOS.obj (.text:ti_sysbios_heaps_HeapMem_free__E)
                  00000d1c    00000004     uartecho_pem4f.oem4f (.text:ti_sysbios_BIOS_RtsGateProxy_enter__E)
                  00000d20    00000250     sysbios.aem4f : BIOS.obj (.text:ti_sysbios_heaps_HeapMem_alloc__E)
                  00000f70    00000234                   : BIOS.obj (.text:ti_sysbios_knl_Task_Instance_finalize__E)
                  000011a4    0000020c     drivers_tivaware.aem4f : UARTTiva.oem4f (.text:UARTTiva_open)
                  000013b0    00000204     Boot.aem4f : Boot_sysctl.oem4f (.text:ti_catalog_arm_cortexm4_tiva_ce_Boot_sysCtlClockFreqSetI__I)
                  000015b4    00000004     uartecho_pem4f.oem4f (.text:ti_sysbios_BIOS_RtsGateProxy_leave__E)
                  000015b8    000001fc     sysbios.aem4f : BIOS.obj (.text:ti_sysbios_family_arm_m3_Hwi_excHandlerMax__I)
                  000017b4    00000004                   : BIOS.obj (.text:ti_sysbios_family_arm_lm4_Timer_masterEnable__I)
                  000017b8    000001c0                   : BIOS.obj (.text:ti_sysbios_knl_Task_Instance_init__E)
                  00001978    0000018c                   : BIOS.obj (.text:ti_sysbios_family_arm_lm4_Timer_start__E)
                  00001b04    00000004     uartecho_pem4f.oem4f (.text:ti_sysbios_family_arm_m3_Hwi_destruct)
                  00001b08    00000178     sysbios.aem4f : BIOS.obj (.text:ti_sysbios_family_arm_lm4_TimestampProvider_get64__E)
                  00001c80    00000174                   : BIOS.obj (.text:ti_sysbios_family_arm_m3_Hwi_excBusFault__I)
                  00001df4    00000004     uartecho_pem4f.oem4f (.text:ti_sysbios_family_arm_m3_TaskSupport_Module__startupDone__S)
                  00001df8    00000164     sysbios.aem4f : BIOS.obj (.text:ti_sysbios_family_arm_m3_Hwi_excUsageFault__I)
                  00001f5c    00000150     drivers_tivaware.aem4f : GPIOTiva.oem4f (.text:GPIO_setConfig)
                  000020ac    00000004     uartecho_pem4f.oem4f (.text:ti_sysbios_heaps_HeapMem_Module_GateProxy_enter__E)
                  000020b0    00000148     sysbios.aem4f : BIOS.obj (.text:ti_sysbios_family_arm_m3_Hwi_excMemFault__I)
                  000021f8    00000140                   : BIOS.obj (.text:ti_sysbios_knl_Semaphore_post__E)
                  00002338    0000013c                   : BIOS.obj (.text:ti_sysbios_heaps_HeapMem_Instance_init__E)
                  00002474    00000004     uartecho_pem4f.oem4f (.text:ti_sysbios_heaps_HeapMem_Module_GateProxy_leave__E)
                  00002478    0000013c     sysbios.aem4f : BIOS.obj (.text:ti_sysbios_knl_Clock_workFunc__E)
                  000025b4    00000004     uartecho_pem4f.oem4f (.text:ti_sysbios_knl_Clock_TimerProxy_getMaxTicks__E)
                  000025b8    00000138     sysbios.aem4f : BIOS.obj (.text:ti_sysbios_family_arm_m3_Hwi_dispatchC__I)
                  000026f0    00000138     uartecho_pem4f.oem4f (.text:ti_uia_loggers_LoggerStopMode_writeMemoryRange__E)
                  00002828    00000134     uartecho.obj (.text:main)
                  0000295c    00000130     driverlib.lib : gpio.obj (.text:GPIOPadConfigSet)
                  00002a8c    00000004     uartecho_pem4f.oem4f (.text:ti_sysbios_knl_Clock_TimerProxy_getPeriod__E)
                  00002a90    0000011c     sysbios.aem4f : BIOS.obj (.text:ti_sysbios_knl_Clock_Instance_init__E)
                  00002bac    00000004     uartecho_pem4f.oem4f (.text:ti_sysbios_knl_Clock_destruct)
                  00002bb0    0000011c     sysbios.aem4f : BIOS.obj (.text:ti_sysbios_knl_Swi_run__I)
                  00002ccc    00000118     ti.targets.arm.rtsarm.aem4f : Error.oem4f (.text:xdc_runtime_Error_policyDefault__E)
                  00002de4    0000010c     uartecho_pem4f.oem4f (.text:ti_uia_loggers_LoggerStopMode_write8__E)
                  00002ef0    00000100     ti.targets.arm.rtsarm.aem4f : Core-mem.oem4f (.text:xdc_runtime_Core_createObject__I)
                  00002ff0    000000f8                                 : Startup.oem4f (.text:xdc_runtime_Startup_startMods__I)
                  000030e8    000000f8     uartecho_pem4f.oem4f (.text:xdc_runtime_System_printfExtend__I)
                  000031e0    000000f4     sysbios.aem4f : m3_Hwi_asm.obj (.text:ti_sysbios_family_arm_m3_Hwi_dispatch__I)
                  000032d4    000000f4     uartecho_pem4f.oem4f (.text:ti_uia_loggers_LoggerStopMode_write4__E)
                  000033c8    000000e8     uartecho_pem4f.oem4f (.text:ti_uia_loggers_LoggerStopMode_write1__E)
                  000034b0    000000e8     uartecho_pem4f.oem4f (.text:ti_uia_loggers_LoggerStopMode_write2__E)
                  00003598    000000d8     sysbios.aem4f : BIOS.obj (.text:ti_sysbios_family_arm_lm4_TimestampProvider_get32__E)
                  00003670    000000d8     uartecho_pem4f.oem4f (.text:ti_uia_loggers_LoggerStopMode_write0__E)
                  00003748    000000cc     sysbios.aem4f : BIOS.obj (.text:ti_sysbios_knl_Task_schedule__I)
                  00003814    000000cc     ti.targets.arm.rtsarm.aem4f : Core-smem.oem4f (.text:xdc_runtime_Core_constructObject__I)
                  000038e0    000000bc     sysbios.aem4f : BIOS.obj (.text:ti_sysbios_family_arm_m3_Hwi_excDebugMon__I)
                  0000399c    00000004     uartecho_pem4f.oem4f (.text:ti_sysbios_knl_Queue_destruct)
                  000039a0    000000bc     sysbios.aem4f : BIOS.obj (.text:ti_sysbios_family_arm_m3_Hwi_excHardFault__I)
                  00003a5c    00000004     uartecho_pem4f.oem4f (.text:ti_sysbios_knl_Semaphore_destruct)
                  00003a60    000000bc     sysbios.aem4f : BIOS.obj (.text:ti_sysbios_knl_Task_startCore__E)
                  00003b1c    00000004     ti.uia.loggers.aem4f : LoggerStopMode.oem4f (.text:ti_uia_loggers_LoggerStopMode_getContents__E)
                  00003b20    000000bc     sysbios.aem4f : BIOS.obj (.text:ti_sysbios_utils_Load_updateLoads__E)
                  00003bdc    000000b8     EK_TM4C1294XL.obj (.text:EK_TM4C1294XL_initGeneral)
                  00003c94    00000004     uartecho_pem4f.oem4f (.text:ti_uia_loggers_LoggerStopMode_getFilterLevel__E)
                  00003c98    000000b4     sysbios.aem4f : BIOS.obj (.text:ti_sysbios_gates_GateMutex_enter__E)
                  00003d4c    00000004     ti.uia.loggers.aem4f : LoggerStopMode.oem4f (.text:ti_uia_loggers_LoggerStopMode_getInstanceId__E)
                  00003d50    000000b4     sysbios.aem4f : BIOS.obj (.text:ti_sysbios_knl_Task_checkStacks__E)
                  00003e04    00000004     ti.uia.loggers.aem4f : LoggerStopMode.oem4f (.text:ti_uia_loggers_LoggerStopMode_getMaxLength__E)
                  00003e08    000000b0     sysbios.aem4f : BIOS.obj (.text:ti_sysbios_utils_Load_idleFxn__E)
                  00003eb8    000000ac     drivers_tivaware.aem4f : UARTTiva.oem4f (.text:readTaskBlocking)
                  00003f64    00000004     ti.uia.loggers.aem4f : LoggerStopMode.oem4f (.text:ti_uia_loggers_LoggerStopMode_getPriority__E)
                  00003f68    000000ac     sysbios.aem4f : BIOS.obj (.text:ti_sysbios_family_arm_lm4_Timer_enableTiva__I)
                  00004014    00000004     ti.uia.loggers.aem4f : LoggerStopMode.oem4f (.text:ti_uia_loggers_LoggerStopMode_getTransferType__E)
                  00004018    000000ac     sysbios.aem4f : BIOS.obj (.text:ti_sysbios_knl_Swi_post__E)
                  000040c4    00000004     ti.targets.arm.rtsarm.aem4f : Error.oem4f (.text:xdc_runtime_Error_getSite__E)
                  000040c8    000000a8     sysbios.aem4f : BIOS.obj (.text:ti_sysbios_family_arm_lm4_Timer_enableTimers__I)
                  00004170    000000a8                   : BIOS.obj (.text:ti_sysbios_knl_Task_blockI__E)
                  00004218    000000a8                   : BIOS.obj (.text:ti_sysbios_knl_Task_postInit__I)
                  000042c0    000000a4                   : BIOS.obj (.text:ti_sysbios_knl_Clock_Instance_finalize__E)
                  00004364    000000a0     auto_init.aem4f : auto_init.oem4f (.text)
                  00004404    000000a0     ti.targets.arm.rtsarm.aem4f : Text.oem4f (.text:xdc_runtime_Text_putMod__E)
                  000044a4    0000009c     rtsv7M4_T_le_v4SPD16_eabi.lib : memcpy_t2.asm.obj (.text)
                  00004540    0000009c     sysbios.aem4f : BIOS.obj (.text:ti_sysbios_knl_Semaphore_Instance_init__E)
                  000045dc    0000009a     ti.targets.arm.rtsarm.aem4f : Text.oem4f (.text:xdc_runtime_Text_putSite__E)
                  00004676    00000098     drivers_tivaware.aem4f : UARTTiva.oem4f (.text:UARTTiva_readPolling)
                  0000470e    00000002     rtsv7M4_T_le_v4SPD16_eabi.lib : _lock.c.obj (.text:_nop)
                  00004710    00000098     Boot.aem4f : Boot.oem4f (.text:ti_catalog_arm_cortexm4_tiva_ce_Boot_sysCtlClockFreqSet__E)
                  000047a8    00000094     drivers_tivaware.aem4f : UARTTiva.oem4f (.text:UARTTiva_write)
                  0000483c    00000004     uartecho_pem4f.oem4f (.text:xdc_runtime_System_Module_GateProxy_enter__E)
                  00004840    00000094     sysbios.aem4f : BIOS.obj (.text:ti_sysbios_family_arm_m3_Hwi_Instance_init__E)
                  000048d4    00000004     uartecho_pem4f.oem4f (.text:xdc_runtime_System_Module_GateProxy_leave__E)
                  000048d8    00000094     sysbios.aem4f : BIOS.obj (.text:ti_sysbios_family_arm_m3_Hwi_initNVIC__E)
                  0000496c    00000004     ti.targets.arm.rtsarm.aem4f : System.oem4f (.text:xdc_runtime_System_aprintf_va__F)
                  00004970    00000094     sysbios.aem4f : BIOS.obj (.text:ti_sysbios_knl_Task_exit__E)
                  00004a04    00000004     ti.targets.arm.rtsarm.aem4f : System.oem4f (.text:xdc_runtime_System_printf_va__F)
                  00004a08    00000090     sysbios.aem4f : BIOS.obj (.text:ti_sysbios_knl_Task_unblockI__E)
                  00004a98    00000090     ti.uia.loggers.aem4f : LoggerStopMode.oem4f (.text:ti_uia_loggers_LoggerStopMode_initQueueDescriptor__E)
                  00004b28    0000008c     drivers_tivaware.aem4f : GPIOTiva.oem4f (.text:GPIO_init)
                  00004bb4    0000008c                            : UARTTiva.oem4f (.text:UARTTiva_control)
                  00004c40    0000008c     sysbios.aem4f : m3_TaskSupport_asm.obj (.text:ti_sysbios_family_arm_m3_TaskSupport_buildTaskStack)
                  00004ccc    0000008a     drivers_tivaware.aem4f : UARTTiva.oem4f (.text:readIsrTextBlocking)
                  00004d56    00000002     rtsv7M4_T_le_v4SPD16_eabi.lib : div0.asm.obj (.text)
                  00004d58    00000088     uartecho.obj (.text:echoFxn)
                  00004de0    00000084     sysbios.aem4f : BIOS.obj (.text:ti_sysbios_family_arm_m3_Hwi_postInit__I)
                  00004e64    00000082     drivers_tivaware.aem4f : UARTTiva.oem4f (.text:readIsrTextCallback)
                  00004ee6    0000007a                            : UARTTiva.oem4f (.text:readTaskCallback)
                  00004f60    0000007a     rtsv7M4_T_le_v4SPD16_eabi.lib : memset_t2.asm.obj (.text)
                  00004fda    00000006     driverlib.lib : gpio.obj (.text:GPIOIntClear)
                  00004fe0    00000074     sysbios.aem4f : BIOS.obj (.text:ti_sysbios_knl_Clock_start__E)
                  00005054    00000074     ti.uia.runtime.aem4f : QueueDescriptor.oem4f (.text:ti_uia_runtime_QueueDescriptor_addToList__E)
                  000050c8    0000006d     ti.targets.arm.rtsarm.aem4f : System.oem4f (.text:xdc_runtime_System_formatNum__I)
                  00005135    00000001     --HOLE-- [fill = 0]
                  00005136    00000002     uartecho_pem4f.oem4f (.text:ti_sysbios_BIOS_nullFunc__I)
                  00005138    0000006c     sysbios.aem4f : BIOS.obj (.text:ti_sysbios_knl_Swi_restoreHwi__E)
                  000051a4    0000006c     drivers_tivaware.aem4f : UARTTiva.oem4f (.text:writeData)
                  00005210    0000006c     ti.targets.arm.rtsarm.aem4f : Error.oem4f (.text:xdc_runtime_Error_print__E)
                  0000527c    0000006c                                 : Memory.oem4f (.text:xdc_runtime_Memory_alloc__E)
                  000052e8    00000068     rtsv7M4_T_le_v4SPD16_eabi.lib : copy_decompress_lzss.c.obj (.text:decompress:lzss:__TI_decompress_lzss)
                  00005350    00000066     ti.uia.loggers.aem4f : LoggerStopMode.oem4f (.text:ti_uia_loggers_LoggerStopMode_flush__E)
                  000053b6    00000066     ti.targets.arm.rtsarm.aem4f : Core-mem.oem4f (.text:xdc_runtime_Core_deleteObject__I)
                  0000541c    00000064     drivers_tivaware.aem4f : GPIOTiva.oem4f (.text:GPIO_hwiIntFxn)
                  00005480    00000064     sysbios.aem4f : BIOS.obj (.text:ti_sysbios_family_arm_lm4_Timer_Module_startup__E)
                  000054e4    00000064     uartecho_pem4f.oem4f (.text:ti_sysbios_family_arm_m3_Hwi_create)
                  00005548    00000060     sysbios.aem4f : BIOS.obj (.text:ti_sysbios_family_arm_lm4_Timer_isrStub__E)
                  000055a8    00000060                   : BIOS.obj (.text:ti_sysbios_knl_Clock_logTick__E)
                  00005608    00000060                   : BIOS.obj (.text:ti_sysbios_utils_Load_logCPULoad__I)
                  00005668    0000005e     drivers_tivaware.aem4f : UARTTiva.oem4f (.text:readIsrBinaryBlocking)
                  000056c6    00000002     uartecho_pem4f.oem4f (.text:ti_uia_loggers_LoggerStopMode_setFilterLevel__E)
                  000056c8    0000005c     sysbios.aem4f : BIOS.obj (.text:ti_sysbios_knl_Swi_schedule__I)
                  00005724    00000002     ti.uia.loggers.aem4f : LoggerStopMode.oem4f (.text:ti_uia_loggers_LoggerStopMode_setPriority__E)
                  00005726    00000002     uartecho_pem4f.oem4f (.text:xdc_runtime_Startup_reset__I)
                  00005728    0000005c     sysbios.aem4f : BIOS.obj (.text:ti_sysbios_knl_Task_Module_startup__E)
                  00005784    0000005b     ti.targets.arm.rtsarm.aem4f : Text.oem4f (.text:xdc_runtime_Text_putLab__E)
                  000057df    00000001     --HOLE-- [fill = 0]
                  000057e0    00000058     boot.aem4f : boot.oem4f (.text)
                  00005838    00000058     rtsv7M4_T_le_v4SPD16_eabi.lib : hostwrite.c.obj (.text:HOSTwrite)
                  00005890    00000058     uartecho_pem4f.oem4f (.text:ti_sysbios_family_arm_m3_Hwi_construct)
                  000058e8    00000058     sysbios.aem4f : m3_Hwi_asm_switch.obj (.text:ti_sysbios_family_arm_m3_Hwi_initStacks__E)
                  00005940    00000056     driverlib.lib : gpio.obj (.text:GPIOIntTypeSet)
                  00005996    00000054     drivers_tivaware.aem4f : UARTTiva.oem4f (.text:readIsrBinaryCallback)
                  000059ea    00000002     --HOLE-- [fill = 0]
                  000059ec    00000054     uartecho_pem4f.oem4f (.text:ti_sysbios_knl_Task_construct)
                  00005a40    00000054     ti.targets.arm.rtsarm.aem4f : Assert.oem4f (.text:xdc_runtime_Assert_raise__I)
                  00005a94    00000050     drivers_tivaware.aem4f : GPIOTiva.oem4f (.text:GPIO_setCallback)
                  00005ae4    00000050                            : GPIOTiva.oem4f (.text:GPIO_write)
                  00005b34    00000050                            : UARTTiva.oem4f (.text:UARTTiva_writeCancel)
                  00005b84    00000050     Boot.aem4f : Boot_sysctl.oem4f (.text:_SysCtlFrequencyGet)
                  00005bd4    00000004     --HOLE-- [fill = 0]
                  00005bd8    00000050     sysbios.aem4f : BIOS.obj (.text:ti_sysbios_family_arm_m3_Hwi_Module_startup__E)
                  00005c28    00000050     ti.targets.arm.rtsarm.aem4f : Startup.oem4f (.text:xdc_runtime_Startup_exec__E)
                  00005c78    00000050                                 : Text.oem4f (.text:xdc_runtime_Text_visitRope2__I)
                  00005cc8    0000004c     drivers_tivaware.aem4f : UARTTiva.oem4f (.text:UARTTiva_close)
                  00005d14    0000004c     rtsv7M4_T_le_v4SPD16_eabi.lib : cpy_tbl.c.obj (.text:copy_in)
                  00005d60    0000004c     sysbios.aem4f : BIOS.obj (.text:ti_sysbios_heaps_HeapMem_getStats__E)
                  00005dac    00000004     --HOLE-- [fill = 0]
                  00005db0    0000004c                   : BIOS.obj (.text:ti_sysbios_knl_Swi_runLoop__I)
                  00005dfc    00000004     --HOLE-- [fill = 0]
                  00005e00    0000004c                   : BIOS.obj (.text:ti_sysbios_knl_Task_allBlockedFunction__I)
                  00005e4c    0000004c     ti.uia.loggers.aem4f : LoggerStopMode.oem4f (.text:ti_uia_loggers_LoggerStopMode_Module_startup__E)
                  00005e98    00000048     driverlib.lib : gpio.obj (.text:GPIOPinConfigure)
                  00005ee0    00000048     sysbios.aem4f : BIOS.obj (.text:ti_sysbios_family_arm_m3_Hwi_disableInterrupt__E)
                  00005f28    00000048                   : BIOS.obj (.text:ti_sysbios_family_arm_m3_Hwi_enableInterrupt__E)
                  00005f70    00000048                   : BIOS.obj (.text:ti_sysbios_family_arm_m3_Hwi_excReserved__I)
                  00005fb8    00000046     drivers_tivaware.aem4f : RingBuf.oem4f (.text:RingBuf_put)
                  00005ffe    00000046     ti.targets.arm.rtsarm.aem4f : Core-params.oem4f (.text:xdc_runtime_Core_assignParams__I)
                  00006044    00000004     --HOLE-- [fill = 0]
                  00006048    00000044     sysbios.aem4f : BIOS.obj (.text:ti_sysbios_family_arm_lm4_Timer_stop__E)
                  0000608c    00000004     --HOLE-- [fill = 0]
                  00006090    00000044                   : BIOS.obj (.text:ti_sysbios_family_arm_m3_Hwi_getStackInfo__E)
                  000060d4    00000044     ti.uia.loggers.aem4f : LoggerStopMode.oem4f (.text:ti_uia_loggers_LoggerStopMode_initBuffer__I)
                  00006118    00000044     ti.targets.arm.rtsarm.aem4f : Error.oem4f (.text:xdc_runtime_Error_setX__E)
                  0000615c    00000044                                 : SysMin.oem4f (.text:xdc_runtime_SysMin_flush__E)
                  000061a0    00000044                                 : Text.oem4f (.text:xdc_runtime_Text_xprintf__I)
                  000061e4    00000042     driverlib.lib : uart.obj (.text:UARTConfigSetExpClk)
                  00006226    00000042     drivers_tivaware.aem4f : UARTTiva.oem4f (.text:UARTTiva_hwiIntFxn)
                  00006268    00000042                            : UARTTiva.oem4f (.text:UARTTiva_writePolling)
                  000062aa    00000040                            : RingBuf.oem4f (.text:RingBuf_get)
                  000062ea    00000040                            : UARTTiva.oem4f (.text:UARTTiva_read)
                  0000632a    00000040     rtsv7M4_T_le_v4SPD16_eabi.lib : u_divt2.asm.obj (.text)
                  0000636a    00000006     driverlib.lib : gpio.obj (.text:GPIOPinWrite)
                  00006370    00000040     sysbios.aem4f : BIOS.obj (.text:ti_sysbios_family_arm_lm4_Timer_startup__E)
                  000063b0    0000003c                   : BIOS.obj (.text:ti_sysbios_family_arm_m3_Hwi_excSvCall__I)
                  000063ec    00000004     --HOLE-- [fill = 0]
                  000063f0    0000003c                   : BIOS.obj (.text:ti_sysbios_heaps_HeapMem_init__I)
                  0000642c    00000004     --HOLE-- [fill = 0]
                  00006430    0000003c                   : BIOS.obj (.text:ti_sysbios_knl_Swi_startup__E)
                  0000646c    00000038     drivers_tivaware.aem4f : UART.oem4f (.text:UART_init)
                  000064a4    00000038     rtsv7M4_T_le_v4SPD16_eabi.lib : trgmsg.c.obj (.text:__TI_writemsg)
                  000064dc    00000004     --HOLE-- [fill = 0]
                  000064e0    00000038     sysbios.aem4f : BIOS.obj (.text:ti_sysbios_family_arm_m3_Hwi_excNoIsr__I)
                  00006518    00000038                   : BIOS.obj (.text:ti_sysbios_knl_Task_processVitalTaskFlag__I)
                  00006550    00000038     ti.targets.arm.rtsarm.aem4f : SysMin.oem4f (.text:xdc_runtime_SysMin_putch__E)
                  00006588    00000038                                 : System.oem4f (.text:xdc_runtime_System_atexit__E)
                  000065c0    00000036     drivers_tivaware.aem4f : UARTTiva.oem4f (.text:UARTTiva_readCancel)
                  000065f6    00000002     --HOLE-- [fill = 0]
                  000065f8    00000034     driverlib.lib : sysctl.obj (.text:SysCtlPeripheralEnable)
                  0000662c    00000034     rtsv7M4_T_le_v4SPD16_eabi.lib : trgmsg.c.obj (.text:__TI_readmsg)
                  00006660    00000034     sysbios.aem4f : BIOS.obj (.text:ti_sysbios_family_arm_m3_Hwi_Instance_finalize__E)
                  00006694    00000004     --HOLE-- [fill = 0]
                  00006698    00000034                   : BIOS.obj (.text:ti_sysbios_family_arm_m3_Hwi_excNmi__I)
                  000066cc    00000004     --HOLE-- [fill = 0]
                  000066d0    00000034                   : BIOS.obj (.text:ti_sysbios_hal_Hwi_checkStack)
                  00006704    00000034     uartecho_pem4f.oem4f (.text:ti_sysbios_knl_Clock_construct)
                  00006738    00000034     ti.uia.loggers.aem4f : LoggerStopMode.oem4f (.text:ti_uia_loggers_LoggerStopMode_reset__E)
                  0000676c    00000034     ti.targets.arm.rtsarm.aem4f : Core-label.oem4f (.text:xdc_runtime_Core_assignLabel__I)
                  000067a0    00000033                                 : Text.oem4f (.text:xdc_runtime_Text_printVisFxn__I)
                  000067d3    00000005     --HOLE-- [fill = 0]
                  000067d8    00000032     sysbios.aem4f : BIOS.obj (.text:ti_sysbios_hal_Hwi_initStack)
                  0000680a    00000006     driverlib.lib : uart.obj (.text:UARTFIFOLevelSet)
                  00006810    00000032     sysbios.aem4f : BIOS.obj (.text:ti_sysbios_knl_Semaphore_pendTimeout__I)
                  00006842    00000002     --HOLE-- [fill = 0]
                  00006844    00000030     drivers_tivaware.aem4f : UART.oem4f (.text:UART_open)
                  00006874    00000030     uartecho_pem4f.oem4f (.text:ti_sysbios_BIOS_atExitFunc__I)
                  000068a4    00000004     --HOLE-- [fill = 0]
                  000068a8    00000030     sysbios.aem4f : BIOS.obj (.text:ti_sysbios_family_arm_m3_TaskSupport_start__E)
                  000068d8    00000030     uartecho_pem4f.oem4f (.text:ti_sysbios_gates_GateHwi_Object__create__S)
                  00006908    00000030     uartecho_pem4f.oem4f (.text:ti_sysbios_gates_GateMutex_Object__create__S)
                  00006938    00000030     uartecho_pem4f.oem4f (.text:ti_sysbios_heaps_HeapMem_Object__create__S)
                  00006968    00000030     uartecho_pem4f.oem4f (.text:ti_sysbios_knl_Semaphore_construct)
                  00006998    00000030     sysbios.aem4f : BIOS.obj (.text:ti_sysbios_utils_Load_updateCurrentThreadTime__E)
                  000069c8    00000030     uartecho_pem4f.oem4f (.text:ti_uia_loggers_LoggerStopMode_Object__create__S)
                  000069f8    00000030     ti.targets.arm.rtsarm.aem4f : SysMin.oem4f (.text:xdc_runtime_SysMin_abort__E)
                  00006a28    00000030                                 : System.oem4f (.text:xdc_runtime_System_processAtExit__E)
                  00006a58    0000002c     EK_TM4C1294XL.obj (.text:EK_TM4C1294XL_initUART)
                  00006a84    0000002c     uartecho_pem4f.oem4f (.text:ti_sysbios_knl_Clock_doTick__I)
                  00006ab0    0000002c     uartecho_pem4f.oem4f (.text:ti_sysbios_knl_Queue_construct)
                  00006adc    00000004     --HOLE-- [fill = 0]
                  00006ae0    0000002c     sysbios.aem4f : BIOS.obj (.text:ti_sysbios_knl_Task_restore__E)
                  00006b0c    0000002c     ti.targets.arm.rtsarm.aem4f : Text.oem4f (.text:xdc_runtime_Text_cordText__E)
                  00006b38    0000002a     driverlib.lib : gpio.obj (.text:GPIODirModeSet)
                  00006b62    0000002a     ti.targets.arm.rtsarm.aem4f : System.oem4f (.text:xdc_runtime_System_putchar__I)
                  00006b8c    00000004     --HOLE-- [fill = 0]
                  00006b90    00000028     sysbios.aem4f : BIOS.obj (.text:ti_sysbios_knl_Swi_Module_startup__E)
                  00006bb8    00000026                   : m3_Hwi_asm.obj (.text:ti_sysbios_family_arm_m3_Hwi_pendSV__I)
                  00006bde    00000026     ti.targets.arm.rtsarm.aem4f : System.oem4f (.text:xdc_runtime_System_avprintf__E)
                  00006c04    00000024     uartecho_pem4f.oem4f (.text:ti_sysbios_BIOS_registerRTSLock__I)
                  00006c28    00000024     uartecho_pem4f.oem4f (.text:ti_sysbios_BIOS_removeRTSLock__I)
                  00006c4c    00000024     uartecho_pem4f.oem4f (.text:ti_sysbios_BIOS_startFunc__I)
                  00006c70    00000024     sysbios.aem4f : BIOS.obj (.text:ti_sysbios_family_arm_m3_Hwi_doTaskRestore__I)
                  00006c94    00000024     uartecho_pem4f.oem4f (.text:ti_sysbios_gates_GateMutex_Object__delete__S)
                  00006cb8    00000024     sysbios.aem4f : BIOS.obj (.text:ti_sysbios_knl_Clock_Module_startup__E)
                  00006cdc    00000024     ti.targets.arm.rtsarm.aem4f : System.oem4f (.text:xdc_runtime_System_vprintf__E)
                  00006d00    00000022     sysbios.aem4f : BIOS.obj (.text:ti_sysbios_family_arm_lm4_Timer_write__I)
                  00006d22    00000022     uartecho_pem4f.oem4f (.text:xdc_runtime_SysMin_output__I)
                  00006d44    00000020     Boot.aem4f : Boot_sysctl.oem4f (.text:_SysCtlMemTimingGet)
                  00006d64    00000020     uartecho_pem4f.oem4f (.text:ti_sysbios_BIOS_rtsLock__I)
                  00006d84    00000020     sysbios.aem4f : m3_Hwi_asm.obj (.text:ti_sysbios_family_arm_m3_Hwi_excHandlerAsm__I)
                  00006da4    00000004     --HOLE-- [fill = 0]
                  00006da8    00000020                   : BIOS.obj (.text:ti_sysbios_family_arm_m3_Hwi_excHandler__I)
                  00006dc8    00000020     uartecho_pem4f.oem4f (.text:ti_sysbios_gates_GateHwi_Object__delete__S)
                  00006de8    00000020     uartecho_pem4f.oem4f (.text:ti_sysbios_heaps_HeapMem_Object__delete__S)
                  00006e08    00000020     uartecho_pem4f.oem4f (.text:ti_sysbios_knl_Clock_Object__destruct__S)
                  00006e28    00000020     sysbios.aem4f : BIOS.obj (.text:ti_sysbios_knl_Idle_run__E)
                  00006e48    00000020     uartecho_pem4f.oem4f (.text:ti_sysbios_knl_Semaphore_Object__destruct__S)
                  00006e68    00000020     uartecho_pem4f.oem4f (.text:ti_uia_loggers_LoggerStopMode_Object__delete__S)
                  00006e88    00000020     ti.targets.arm.rtsarm.aem4f : Registry.oem4f (.text:xdc_runtime_Registry_findById__E)
                  00006ea8    00000020                                 : SysMin.oem4f (.text:xdc_runtime_SysMin_Module_startup__E)
                  00006ec8    0000001e     uartecho_pem4f.oem4f (.text:ti_sysbios_BIOS_errorRaiseHook__I)
                  00006ee6    0000001e     sysbios.aem4f : m3_Hwi_asm_switch.obj (.text:ti_sysbios_family_xxx_Hwi_switchAndRunFunc)
                  00006f04    0000001c     driverlib.lib : uart.obj (.text:UARTDisable)
                  00006f20    0000001c     drivers_tivaware.aem4f : GPIOTiva.oem4f (.text:getGpioIntIndex)
                  00006f3c    0000001c     uartecho_pem4f.oem4f (.text:ti_sysbios_family_arm_m3_Hwi_Object__destruct__S)
                  00006f58    0000001c     sysbios.aem4f : BIOS.obj (.text:ti_sysbios_gates_GateMutex_Instance_init__E)
                  00006f74    0000001c     uartecho_pem4f.oem4f (.text:ti_sysbios_knl_Queue_Object__destruct__S)
                  00006f90    0000001c     sysbios.aem4f : BIOS.obj (.text:ti_sysbios_knl_Task_enter__I)
                  00006fac    0000001c     ti.uia.loggers.aem4f : LoggerStopMode.oem4f (.text:ti_uia_loggers_LoggerStopMode_Instance_init__E)
                  00006fc8    0000001c     ti.targets.arm.rtsarm.aem4f : Error.oem4f (.text:xdc_runtime_Error_raiseX__E)
                  00006fe4    0000001c                                 : Memory.oem4f (.text:xdc_runtime_Memory_valloc__E)
                  00007000    0000001c                                 : SysMin.oem4f (.text:xdc_runtime_SysMin_exit__E)
                  0000701c    0000001c                                 : System.oem4f (.text:xdc_runtime_System_abort__E)
                  00007038    0000001a     uartecho_pem4f.oem4f (.text:ti_sysbios_family_arm_m3_Hwi_Handle__label__S)
                  00007052    0000001a     uartecho_pem4f.oem4f (.text:ti_sysbios_gates_GateHwi_Handle__label__S)
                  0000706c    0000001a     uartecho_pem4f.oem4f (.text:ti_sysbios_gates_GateMutex_Handle__label__S)
                  00007086    0000001a     uartecho_pem4f.oem4f (.text:ti_sysbios_heaps_HeapMem_Handle__label__S)
                  000070a0    0000001a     uartecho_pem4f.oem4f (.text:ti_sysbios_knl_Swi_Handle__label__S)
                  000070ba    0000001a     uartecho_pem4f.oem4f (.text:ti_sysbios_knl_Task_Handle__label__S)
                  000070d4    0000001a     uartecho_pem4f.oem4f (.text:ti_uia_loggers_LoggerStopMode_Handle__label__S)
                  000070ee    0000001a     uartecho_pem4f.oem4f (.text:xdc_runtime_System_aprintf__E)
                  00007108    0000001a     uartecho_pem4f.oem4f (.text:xdc_runtime_System_printf__E)
                  00007122    00000002     --HOLE-- [fill = 0]
                  00007124    00000018     drivers_tivaware.aem4f : UART.oem4f (.text:UART_Params_init)
                  0000713c    00000018     rtsv7M4_T_le_v4SPD16_eabi.lib : args_main.c.obj (.text:_args_main)
                  00007154    00000018     uartecho_pem4f.oem4f (.text:ti_sysbios_BIOS_rtsUnlock__I)
                  0000716c    00000018     uartecho_pem4f.oem4f (.text:ti_sysbios_family_arm_lm4_Timer_Module__startupDone__F)
                  00007184    00000018     uartecho_pem4f.oem4f (.text:ti_sysbios_family_arm_m3_Hwi_Module__startupDone__F)
                  0000719c    00000018     sysbios.aem4f : m3_TaskSupport_asm.obj (.text:ti_sysbios_family_arm_m3_TaskSupport_swap__E)
                  000071b4    00000004     --HOLE-- [fill = 0]
                  000071b8    00000018                   : BIOS.obj (.text:ti_sysbios_gates_GateMutex_leave__E)
                  000071d0    00000018     ti.targets.arm.rtsarm.aem4f : Error.oem4f (.text:xdc_runtime_Error_check__E)
                  000071e8    00000018                                 : System.oem4f (.text:xdc_runtime_System_exit__E)
                  00007200    00000018                                 : Text.oem4f (.text:xdc_runtime_Text_ropeText__E)
                  00007218    00000016     uartecho_pem4f.oem4f (.text:ti_sysbios_BIOS_exitFunc__I)
                  0000722e    00000016     uartecho.obj (.text:ti_sysbios_knl_Task_Params_init)
                  00007244    00000016     ti.uia.loggers.aem4f : LoggerStopMode.oem4f (.text:ti_uia_loggers_LoggerStopMode_disable__E)
                  0000725a    00000016                          : LoggerStopMode.oem4f (.text:ti_uia_loggers_LoggerStopMode_enable__E)
                  00007270    00000014     driverlib.lib : uart.obj (.text:UARTEnable)
                  00007284    00000014     rtsv7M4_T_le_v4SPD16_eabi.lib : strlen.c.obj (.text:strlen)
                  00007298    00000014     uartecho_pem4f.oem4f (.text:ti_sysbios_family_arm_m3_Hwi_Object__get__S)
                  000072ac    00000004     --HOLE-- [fill = 0]
                  000072b0    00000014     sysbios.aem4f : BIOS.obj (.text:ti_sysbios_family_arm_m3_Hwi_switchFromBootStack__E)
                  000072c4    00000014     uartecho_pem4f.oem4f (.text:ti_sysbios_heaps_HeapMem_Object__get__S)
                  000072d8    00000014     uartecho_pem4f.oem4f (.text:ti_sysbios_knl_Swi_Object__get__S)
                  000072ec    00000012     driverlib.lib : gpio.obj (.text:GPIOPinTypeUART)
                  000072fe    00000012     drivers_tivaware.aem4f : RingBuf.oem4f (.text:RingBuf_construct)
                  00007310    00000012     sysbios.aem4f : BIOS.obj (.text:ti_sysbios_hal_Hwi_Module_startup__E)
                  00007322    00000012     uartecho_pem4f.oem4f (.text:xdc_runtime_Startup_exec__I)
                  00007334    00000010     uartecho_pem4f.oem4f (.text:.bootCodeSection:ti_catalog_arm_cortexm4_tiva_ce_Boot_init__I)
                  00007344    00000010     drivers_tivaware.aem4f : UARTTiva.oem4f (.text:readBlockingTimeout)
                  00007354    00000004     --HOLE-- [fill = 0]
                  00007358    00000010     sysbios.aem4f : BIOS.obj (.text:ti_sysbios_BIOS_getCpuFreq__E)
                  00007368    00000010                   : BIOS.obj (.text:ti_sysbios_BIOS_setThreadType__E)
                  00007378    00000010                   : BIOS.obj (.text:ti_sysbios_BIOS_start__E)
                  00007388    00000010                   : BIOS.obj (.text:ti_sysbios_family_arm_lm4_TimestampProvider_rolloverFunc__E)
                  00007398    00000010                   : m3_TaskSupport_asm.obj (.text:ti_sysbios_family_arm_m3_TaskSupport_glue)
                  000073a8    00000010                   : BIOS.obj (.text:ti_sysbios_gates_GateMutex_Instance_finalize__E)
                  000073b8    00000010                   : BIOS.obj (.text:ti_sysbios_knl_Semaphore_Instance_finalize__E)
                  000073c8    00000010                   : BIOS.obj (.text:ti_sysbios_knl_Swi_disable__E)
                  000073d8    00000010     uartecho_pem4f.oem4f (.text:ti_sysbios_knl_Task_Object__get__S)
                  000073e8    00000010     sysbios.aem4f : BIOS.obj (.text:ti_sysbios_knl_Task_disable__E)
                  000073f8    00000010     uartecho_pem4f.oem4f (.text:ti_uia_loggers_LoggerStopMode_Object__get__S)
                  00007408    00000010     ti.uia.loggers.aem4f : LoggerStopMode.oem4f (.text:ti_uia_loggers_LoggerStopMode_isEmpty__E)
                  00007418    00000010     ti.targets.arm.rtsarm.aem4f : Gate.oem4f (.text:xdc_runtime_Gate_leaveSystem__E)
                  00007428    00000010                                 : Memory.oem4f (.text:xdc_runtime_Memory_free__E)
                  00007438    00000010                                 : SysMin.oem4f (.text:xdc_runtime_SysMin_ready__E)
                  00007448    00000010                                 : System.oem4f (.text:xdc_runtime_System_vsnprintf__E)
                  00007458    00000010     uartecho_pem4f.oem4f (.text:xdc_runtime_Text_visitRope__I)
                  00007468    0000000e     driverlib.lib : gpio.obj (.text:GPIOIntStatus)
                  00007476    0000000e                   : uart.obj (.text:UARTCharGetNonBlocking)
                  00007484    0000000e                   : uart.obj (.text:UARTCharPutNonBlocking)
                  00007492    0000000e     rtsv7M4_T_le_v4SPD16_eabi.lib : copy_decompress_none.c.obj (.text:decompress:none:__TI_decompress_none)
                  000074a0    0000000e     sysbios.aem4f : BIOS.obj (.text:ti_sysbios_knl_Idle_loop__E)
                  000074ae    00000002     --HOLE-- [fill = 0]
                  000074b0    0000000e                   : BIOS.obj (.text:ti_sysbios_knl_Queue_empty__E)
                  000074be    0000000c     drivers_tivaware.aem4f : RingBuf.oem4f (.text:RingBuf_peek)
                  000074ca    0000000c     driverlib.lib : uart.obj (.text:UARTFlowControlSet)
                  000074d6    0000000c     drivers_tivaware.aem4f : UARTTiva.oem4f (.text:UARTTiva_init)
                  000074e2    00000002     --HOLE-- [fill = 0]
                  000074e4    0000000c     rtsv7M4_T_le_v4SPD16_eabi.lib : _lock.c.obj (.text:_register_lock)
                  000074f0    0000000c                                   : _lock.c.obj (.text:_register_unlock)
                  000074fc    0000000c                                   : copy_zero_init.c.obj (.text:decompress:ZI:__TI_zero_init)
                  00007508    0000000c     sysbios.aem4f : BIOS.obj (.text:ti_sysbios_family_arm_lm4_Timer_getMaxTicks__E)
                  00007514    00000004     --HOLE-- [fill = 0]
                  00007518    0000000c                   : BIOS.obj (.text:ti_sysbios_family_arm_lm4_TimestampProvider_startTimer__E)
                  00007524    0000000c     uartecho_pem4f.oem4f (.text:ti_sysbios_family_arm_m3_Hwi_Params__init__S)
                  00007530    0000000c     sysbios.aem4f : BIOS.obj (.text:ti_sysbios_family_arm_m3_Hwi_disableFxn__E)
                  0000753c    00000004     --HOLE-- [fill = 0]
                  00007540    0000000c                   : BIOS.obj (.text:ti_sysbios_family_arm_m3_TaskSupport_checkStack__E)
                  0000754c    00000004     --HOLE-- [fill = 0]
                  00007550    0000000c                   : BIOS.obj (.text:ti_sysbios_family_arm_m3_TaskSupport_getStackAlignment__E)
                  0000755c    00000004     --HOLE-- [fill = 0]
                  00007560    0000000c                   : BIOS.obj (.text:ti_sysbios_gates_GateHwi_enter__E)
                  0000756c    0000000c     uartecho_pem4f.oem4f (.text:ti_sysbios_knl_Clock_Params__init__S)
                  00007578    0000000c     uartecho_pem4f.oem4f (.text:ti_sysbios_knl_Queue_Object__get__S)
                  00007584    0000000c     uartecho_pem4f.oem4f (.text:ti_sysbios_knl_Semaphore_Params__init__S)
                  00007590    0000000c     uartecho_pem4f.oem4f (.text:ti_sysbios_knl_Task_Params__init__S)
                  0000759c    0000000c     ti.targets.arm.rtsarm.aem4f : Error.oem4f (.text:xdc_runtime_Error_init__E)
                  000075a8    0000000c                                 : Gate.oem4f (.text:xdc_runtime_Gate_enterSystem__E)
                  000075b4    0000000c                                 : Memory.oem4f (.text:xdc_runtime_Memory_calloc__E)
                  000075c0    0000000c                                 : Memory.oem4f (.text:xdc_runtime_Memory_getMaxDefaultTypeAlign__E)
                  000075cc    0000000a     driverlib.lib : uart.obj (.text:UARTCharGet)
                  000075d6    0000000a                   : uart.obj (.text:UARTCharPut)
                  000075e0    0000000a                   : uart.obj (.text:UARTIntDisable)
                  000075ea    0000000a                   : uart.obj (.text:UARTIntStatus)
                  000075f4    0000000a     drivers_tivaware.aem4f : UART.oem4f (.text:UART_read)
                  000075fe    0000000a                            : UART.oem4f (.text:UART_write)
                  00007608    0000000a     uartecho_pem4f.oem4f (.text:xdc_runtime_IHeap_alloc)
                  00007612    0000000a     uartecho_pem4f.oem4f (.text:xdc_runtime_IHeap_free)
                  0000761c    00000008     EK_TM4C1294XL.obj (.text:EK_TM4C1294XL_initGPIO)
                  00007624    00000008     driverlib.lib : uart.obj (.text:UARTIntEnable)
                  0000762c    00000008                   : uart.obj (.text:UARTRxErrorGet)
                  00007634    00000008     drivers_tivaware.aem4f : UARTTiva.oem4f (.text:readSemCallback)
                  0000763c    00000008     sysbios.aem4f : BIOS.obj (.text:ti_sysbios_family_arm_lm4_Timer_masterDisable__I)
                  00007644    00000004     --HOLE-- [fill = 0]
                  00007648    00000008                   : BIOS.obj (.text:ti_sysbios_family_arm_m3_Hwi_doSwiRestore__I)
                  00007650    00000008                   : BIOS.obj (.text:ti_sysbios_family_arm_m3_Hwi_startup__E)
                  00007658    00000008     drivers_tivaware.aem4f : UARTTiva.oem4f (.text:writeSemCallback)
                  00007660    00000006     driverlib.lib : uart.obj (.text:UARTRxErrorClear)
                  00007666    00000002     --HOLE-- [fill = 0]
                  00007668    00000006     sysbios.aem4f : BIOS.obj (.text:ti_sysbios_family_arm_lm4_TimestampProvider_Module_startup__E)
                  0000766e    00000002     --HOLE-- [fill = 0]
                  00007670    00000006                   : BIOS.obj (.text:ti_sysbios_family_arm_m3_Hwi_restoreFxn__E)
                  00007676    00000002     --HOLE-- [fill = 0]
                  00007678    00000006                   : BIOS.obj (.text:ti_sysbios_gates_GateHwi_leave__E)
                  0000767e    00000002     --HOLE-- [fill = 0]
                  00007680    00000006                   : BIOS.obj (.text:ti_sysbios_heaps_HeapMem_isBlocking__E)
                  00007686    00000002     --HOLE-- [fill = 0]
                  00007688    00000006                   : BIOS.obj (.text:ti_sysbios_knl_Clock_stop__E)
                  0000768e    00000002     --HOLE-- [fill = 0]
                  00007690    00000006                   : BIOS.obj (.text:ti_sysbios_knl_Queue_Instance_init__E)
                  00007696    00000006     ti.targets.arm.rtsarm.aem4f : System.oem4f (.text:xdc_runtime_System_Module_startup__E)
                  0000769c    00000004     --HOLE-- [fill = 0]
                  000076a0    00000004     sysbios.aem4f : BIOS.obj (.text:ti_sysbios_family_arm_lm4_Timer_getPeriod__E)
                  000076a4    00000004     --HOLE-- [fill = 0]
                  000076a8    00000004                   : BIOS.obj (.text:ti_sysbios_gates_GateHwi_query__E)
                  000076ac    00000004     --HOLE-- [fill = 0]
                  000076b0    00000004                   : BIOS.obj (.text:ti_sysbios_gates_GateMutex_query__E)
                  000076b4    00000004     --HOLE-- [fill = 0]
                  000076b8    00000004                   : BIOS.obj (.text:ti_sysbios_knl_Task_startup__E)
                  000076bc    00000004     --HOLE-- [fill = 0]
                  000076c0    00000002                   : BIOS.obj (.text:ti_sysbios_gates_GateHwi_Instance_init__E)

.const     0    000076c4    00002b36     
                  000076c4    00001fa3     uartecho_pem4f.oem4f (.const:xdc_runtime_Text_charTab__A)
                  00009667    00000001     uartecho_pem4f.oem4f (.const:xdc_runtime_Error_policy__C)
                  00009668    00000120     Boot.aem4f : Boot_sysctl.oem4f (.const:g_pppui32XTALtoVCO)
                  00009788    00000104     uartecho_pem4f.oem4f (.const:xdc_runtime_Text_nodeTab__A)
                  0000988c    00000090     driverlib.lib : gpio.obj (.const:g_pui32GPIOBaseAddrs)
                  0000991c    0000006c     Boot.aem4f : Boot_sysctl.oem4f (.const:g_pui32Xtals)
                  00009988    00000060     uartecho_pem4f.oem4f (.const:ti_uia_loggers_LoggerStopMode_Module__FXNS__C)
                  000099e8    00000054     drivers_tivaware.aem4f : GPIOTiva.oem4f (.const:.string)
                  00009a3c    0000004c                            : UARTTiva.oem4f (.const)
                  00009a88    00000048     uartecho_pem4f.oem4f (.const:.string)
                  00009ad0    00000048     drivers_tivaware.aem4f : GPIOTiva.oem4f (.const:gpioBaseAddresses)
                  00009b18    0000003c     uartecho_pem4f.oem4f (.const:ti_sysbios_knl_Task_Object__PARAMS__C)
                  00009b54    00000030     Boot.aem4f : Boot_sysctl.oem4f (.const:g_sXTALtoMEMTIM)
                  00009b84    00000030     uartecho_pem4f.oem4f (.const:ti_sysbios_family_arm_m3_Hwi_Object__PARAMS__C)
                  00009bb4    00000028     drivers_tivaware.aem4f : UARTTiva.oem4f (.const:UARTTiva_fxnTable)
                  00009bdc    00000028     uartecho_pem4f.oem4f (.const:ti_sysbios_heaps_HeapMem_Module__FXNS__C)
                  00009c04    00000028     uartecho_pem4f.oem4f (.const:ti_uia_loggers_LoggerStopMode_Object__PARAMS__C)
                  00009c2c    00000028     uartecho_pem4f.oem4f (.const:xdc_runtime_Startup_sfxnTab__A)
                  00009c54    00000024     drivers_tivaware.aem4f : UART.oem4f (.const:UART_defaultParams)
                  00009c78    00000024     uartecho_pem4f.oem4f (.const:ti_sysbios_gates_GateHwi_Module__FXNS__C)
                  00009c9c    00000024     uartecho_pem4f.oem4f (.const:ti_sysbios_gates_GateMutex_Module__FXNS__C)
                  00009cc0    00000024     uartecho_pem4f.oem4f (.const:ti_sysbios_heaps_HeapMem_Object__PARAMS__C)
                  00009ce4    00000024     uartecho_pem4f.oem4f (.const:ti_sysbios_knl_Clock_Object__PARAMS__C)
                  00009d08    00000024     uartecho_pem4f.oem4f (.const:ti_sysbios_knl_Semaphore_Object__PARAMS__C)
                  00009d2c    00000020     uartecho_pem4f.oem4f (.const:ti_sysbios_family_arm_m3_Hwi_Object__DESC__C)
                  00009d4c    00000020     uartecho_pem4f.oem4f (.const:ti_sysbios_gates_GateHwi_Object__DESC__C)
                  00009d6c    00000020     uartecho_pem4f.oem4f (.const:ti_sysbios_gates_GateMutex_Object__DESC__C)
                  00009d8c    00000020     uartecho_pem4f.oem4f (.const:ti_sysbios_heaps_HeapMem_Object__DESC__C)
                  00009dac    00000020     uartecho_pem4f.oem4f (.const:ti_sysbios_knl_Clock_Object__DESC__C)
                  00009dcc    00000020     uartecho_pem4f.oem4f (.const:ti_sysbios_knl_Queue_Object__DESC__C)
                  00009dec    00000020     uartecho_pem4f.oem4f (.const:ti_sysbios_knl_Semaphore_Object__DESC__C)
                  00009e0c    00000020     uartecho_pem4f.oem4f (.const:ti_sysbios_knl_Task_Object__DESC__C)
                  00009e2c    00000020     uartecho_pem4f.oem4f (.const:ti_uia_loggers_LoggerStopMode_Object__DESC__C)
                  00009e4c    00000018     EK_TM4C1294XL.obj (.const:UART_config)
                  00009e64    00000018     uartecho_pem4f.oem4f (.const:ti_sysbios_gates_GateHwi_Object__PARAMS__C)
                  00009e7c    00000018     uartecho_pem4f.oem4f (.const:ti_sysbios_gates_GateMutex_Object__PARAMS__C)
                  00009e94    00000018     uartecho_pem4f.oem4f (.const:ti_sysbios_knl_Queue_Object__PARAMS__C)
                  00009eac    00000018     EK_TM4C1294XL.obj (.const:uartTivaHWAttrs)
                  00009ec4    00000017     uartecho.obj (.const:.string:$P$T0$1)
                  00009edb    00000001     --HOLE-- [fill = 0]
                  00009edc    00000014     EK_TM4C1294XL.obj (.const:GPIOTiva_config)
                  00009ef0    00000014     uartecho_pem4f.oem4f (.const:xdc_runtime_Startup_firstFxns__A)
                  00009f04    00000014     uartecho_pem4f.oem4f (.const:xdc_runtime_Startup_sfxnRts__A)
                  00009f18    00000008     Boot.aem4f : Boot_sysctl.oem4f (.const)
                  00009f20    00000008     uartecho_pem4f.oem4f (.const:ti_sysbios_family_arm_m3_Hwi_excHookFuncs__A)
                  00009f28    00000008     uartecho_pem4f.oem4f (.const:ti_sysbios_knl_Idle_funcList__A)
                  00009f30    00000008     uartecho_pem4f.oem4f (.const:ti_sysbios_knl_Idle_funcList__C)
                  00009f38    00000008     uartecho_pem4f.oem4f (.const:xdc_runtime_Startup_firstFxns__C)
                  00009f40    00000008     uartecho_pem4f.oem4f (.const:xdc_runtime_Startup_lastFxns__C)
                  00009f48    00000004     uartecho_pem4f.oem4f (.const:ti_catalog_arm_cortexm4_tiva_ce_Boot_A_mustNotUseEnhancedClockMode__C)
                  00009f4c    00000004     uartecho_pem4f.oem4f (.const:ti_catalog_arm_cortexm4_tiva_ce_Boot_Module__diagsEnabled__C)
                  00009f50    00000004     uartecho_pem4f.oem4f (.const:ti_catalog_arm_cortexm4_tiva_ce_Boot_Module__diagsIncluded__C)
                  00009f54    00000004     uartecho_pem4f.oem4f (.const:ti_catalog_arm_cortexm4_tiva_ce_Boot_Module__diagsMask__C)
                  00009f58    00000004     uartecho_pem4f.oem4f (.const:ti_sysbios_family_arm_lm4_Timer_enableFunc__C)
                  00009f5c    00000004     uartecho_pem4f.oem4f (.const:ti_sysbios_family_arm_lm4_Timer_numTimerDevices__C)
                  00009f60    00000004     uartecho_pem4f.oem4f (.const:ti_sysbios_family_arm_lm4_Timer_startupNeeded__C)
                  00009f64    00000004     uartecho_pem4f.oem4f (.const:ti_sysbios_family_arm_m3_Hwi_E_NMI__C)
                  00009f68    00000004     uartecho_pem4f.oem4f (.const:ti_sysbios_family_arm_m3_Hwi_E_alreadyDefined__C)
                  00009f6c    00000004     uartecho_pem4f.oem4f (.const:ti_sysbios_family_arm_m3_Hwi_E_busFault__C)
                  00009f70    00000004     uartecho_pem4f.oem4f (.const:ti_sysbios_family_arm_m3_Hwi_E_debugMon__C)
                  00009f74    00000004     uartecho_pem4f.oem4f (.const:ti_sysbios_family_arm_m3_Hwi_E_hardFault__C)
                  00009f78    00000004     uartecho_pem4f.oem4f (.const:ti_sysbios_family_arm_m3_Hwi_E_memFault__C)
                  00009f7c    00000004     uartecho_pem4f.oem4f (.const:ti_sysbios_family_arm_m3_Hwi_E_noIsr__C)
                  00009f80    00000004     uartecho_pem4f.oem4f (.const:ti_sysbios_family_arm_m3_Hwi_E_reserved__C)
                  00009f84    00000004     uartecho_pem4f.oem4f (.const:ti_sysbios_family_arm_m3_Hwi_E_svCall__C)
                  00009f88    00000004     uartecho_pem4f.oem4f (.const:ti_sysbios_family_arm_m3_Hwi_E_usageFault__C)
                  00009f8c    00000004     uartecho_pem4f.oem4f (.const:ti_sysbios_family_arm_m3_Hwi_LD_end__C)
                  00009f90    00000004     uartecho_pem4f.oem4f (.const:ti_sysbios_family_arm_m3_Hwi_LM_begin__C)
                  00009f94    00000004     uartecho_pem4f.oem4f (.const:ti_sysbios_family_arm_m3_Hwi_Module__diagsEnabled__C)
                  00009f98    00000004     uartecho_pem4f.oem4f (.const:ti_sysbios_family_arm_m3_Hwi_Module__diagsIncluded__C)
                  00009f9c    00000004     uartecho_pem4f.oem4f (.const:ti_sysbios_family_arm_m3_Hwi_Module__diagsMask__C)
                  00009fa0    00000004     uartecho_pem4f.oem4f (.const:ti_sysbios_family_arm_m3_Hwi_Module__loggerFxn1__C)
                  00009fa4    00000004     uartecho_pem4f.oem4f (.const:ti_sysbios_family_arm_m3_Hwi_Module__loggerFxn8__C)
                  00009fa8    00000004     uartecho_pem4f.oem4f (.const:ti_sysbios_family_arm_m3_Hwi_Module__loggerObj__C)
                  00009fac    00000004     uartecho_pem4f.oem4f (.const:ti_sysbios_family_arm_m3_Hwi_NUM_INTERRUPTS__C)
                  00009fb0    00000004     uartecho_pem4f.oem4f (.const:ti_sysbios_family_arm_m3_Hwi_Object__count__C)
                  00009fb4    00000004     uartecho_pem4f.oem4f (.const:ti_sysbios_family_arm_m3_Hwi_ccr__C)
                  00009fb8    00000004     uartecho_pem4f.oem4f (.const:ti_sysbios_family_arm_m3_Hwi_excHandlerFunc__C)
                  00009fbc    00000004     uartecho_pem4f.oem4f (.const:ti_sysbios_family_arm_m3_Hwi_excHookFuncs__C)
                  00009fc0    00000004     uartecho_pem4f.oem4f (.const:ti_sysbios_family_arm_m3_Hwi_nullIsrFunc__C)
                  00009fc4    00000004     uartecho_pem4f.oem4f (.const:ti_sysbios_family_arm_m3_Hwi_priGroup__C)
                  00009fc8    00000004     uartecho_pem4f.oem4f (.const:ti_sysbios_family_arm_m3_TaskSupport_stackAlignment__C)
                  00009fcc    00000004     uartecho_pem4f.oem4f (.const:ti_sysbios_gates_GateMutex_A_badContext__C)
                  00009fd0    00000004     uartecho_pem4f.oem4f (.const:ti_sysbios_gates_GateMutex_Instance_State_sem__O)
                  00009fd4    00000004     uartecho_pem4f.oem4f (.const:ti_sysbios_gates_GateMutex_Module__diagsEnabled__C)
                  00009fd8    00000004     uartecho_pem4f.oem4f (.const:ti_sysbios_gates_GateMutex_Module__diagsIncluded__C)
                  00009fdc    00000004     uartecho_pem4f.oem4f (.const:ti_sysbios_gates_GateMutex_Module__diagsMask__C)
                  00009fe0    00000004     uartecho_pem4f.oem4f (.const:ti_sysbios_hal_Hwi_E_stackOverflow__C)
                  00009fe4    00000004     uartecho_pem4f.oem4f (.const:ti_sysbios_heaps_HeapMem_A_align__C)
                  00009fe8    00000004     uartecho_pem4f.oem4f (.const:ti_sysbios_heaps_HeapMem_A_heapSize__C)
                  00009fec    00000004     uartecho_pem4f.oem4f (.const:ti_sysbios_heaps_HeapMem_A_invalidFree__C)
                  00009ff0    00000004     uartecho_pem4f.oem4f (.const:ti_sysbios_heaps_HeapMem_A_zeroBlock__C)
                  00009ff4    00000004     uartecho_pem4f.oem4f (.const:ti_sysbios_heaps_HeapMem_E_memory__C)
                  00009ff8    00000004     uartecho_pem4f.oem4f (.const:ti_sysbios_heaps_HeapMem_Module__diagsEnabled__C)
                  00009ffc    00000004     uartecho_pem4f.oem4f (.const:ti_sysbios_heaps_HeapMem_Module__diagsIncluded__C)
                  0000a000    00000004     uartecho_pem4f.oem4f (.const:ti_sysbios_heaps_HeapMem_Module__diagsMask__C)
                  0000a004    00000004     uartecho_pem4f.oem4f (.const:ti_sysbios_heaps_HeapMem_Module__gateObj__C)
                  0000a008    00000004     uartecho_pem4f.oem4f (.const:ti_sysbios_heaps_HeapMem_Object__count__C)
                  0000a00c    00000004     uartecho_pem4f.oem4f (.const:ti_sysbios_heaps_HeapMem_reqAlign__C)
                  0000a010    00000004     uartecho_pem4f.oem4f (.const:ti_sysbios_knl_Clock_A_badThreadType__C)
                  0000a014    00000004     uartecho_pem4f.oem4f (.const:ti_sysbios_knl_Clock_LM_begin__C)
                  0000a018    00000004     uartecho_pem4f.oem4f (.const:ti_sysbios_knl_Clock_LM_tick__C)
                  0000a01c    00000004     uartecho_pem4f.oem4f (.const:ti_sysbios_knl_Clock_LW_delayed__C)
                  0000a020    00000004     uartecho_pem4f.oem4f (.const:ti_sysbios_knl_Clock_Module_State_clockQ__O)
                  0000a024    00000004     uartecho_pem4f.oem4f (.const:ti_sysbios_knl_Clock_Module__diagsEnabled__C)
                  0000a028    00000004     uartecho_pem4f.oem4f (.const:ti_sysbios_knl_Clock_Module__diagsIncluded__C)
                  0000a02c    00000004     uartecho_pem4f.oem4f (.const:ti_sysbios_knl_Clock_Module__diagsMask__C)
                  0000a030    00000004     uartecho_pem4f.oem4f (.const:ti_sysbios_knl_Clock_Module__loggerFxn1__C)
                  0000a034    00000004     uartecho_pem4f.oem4f (.const:ti_sysbios_knl_Clock_Module__loggerFxn2__C)
                  0000a038    00000004     uartecho_pem4f.oem4f (.const:ti_sysbios_knl_Clock_Module__loggerObj__C)
                  0000a03c    00000004     uartecho_pem4f.oem4f (.const:ti_sysbios_knl_Semaphore_A_badContext__C)
                  0000a040    00000004     uartecho_pem4f.oem4f (.const:ti_sysbios_knl_Semaphore_A_noEvents__C)
                  0000a044    00000004     uartecho_pem4f.oem4f (.const:ti_sysbios_knl_Semaphore_A_overflow__C)
                  0000a048    00000004     uartecho_pem4f.oem4f (.const:ti_sysbios_knl_Semaphore_A_pendTaskDisabled__C)
                  0000a04c    00000004     uartecho_pem4f.oem4f (.const:ti_sysbios_knl_Semaphore_Instance_State_pendQ__O)
                  0000a050    00000004     uartecho_pem4f.oem4f (.const:ti_sysbios_knl_Semaphore_LM_pend__C)
                  0000a054    00000004     uartecho_pem4f.oem4f (.const:ti_sysbios_knl_Semaphore_LM_post__C)
                  0000a058    00000004     uartecho_pem4f.oem4f (.const:ti_sysbios_knl_Semaphore_Module__diagsEnabled__C)
                  0000a05c    00000004     uartecho_pem4f.oem4f (.const:ti_sysbios_knl_Semaphore_Module__diagsIncluded__C)
                  0000a060    00000004     uartecho_pem4f.oem4f (.const:ti_sysbios_knl_Semaphore_Module__diagsMask__C)
                  0000a064    00000004     uartecho_pem4f.oem4f (.const:ti_sysbios_knl_Semaphore_Module__loggerFxn2__C)
                  0000a068    00000004     uartecho_pem4f.oem4f (.const:ti_sysbios_knl_Semaphore_Module__loggerFxn4__C)
                  0000a06c    00000004     uartecho_pem4f.oem4f (.const:ti_sysbios_knl_Semaphore_Module__loggerObj__C)
                  0000a070    00000004     uartecho_pem4f.oem4f (.const:ti_sysbios_knl_Swi_LD_end__C)
                  0000a074    00000004     uartecho_pem4f.oem4f (.const:ti_sysbios_knl_Swi_LM_begin__C)
                  0000a078    00000004     uartecho_pem4f.oem4f (.const:ti_sysbios_knl_Swi_LM_post__C)
                  0000a07c    00000004     uartecho_pem4f.oem4f (.const:ti_sysbios_knl_Swi_Module__diagsEnabled__C)
                  0000a080    00000004     uartecho_pem4f.oem4f (.const:ti_sysbios_knl_Swi_Module__diagsIncluded__C)
                  0000a084    00000004     uartecho_pem4f.oem4f (.const:ti_sysbios_knl_Swi_Module__diagsMask__C)
                  0000a088    00000004     uartecho_pem4f.oem4f (.const:ti_sysbios_knl_Swi_Module__loggerFxn1__C)
                  0000a08c    00000004     uartecho_pem4f.oem4f (.const:ti_sysbios_knl_Swi_Module__loggerFxn4__C)
                  0000a090    00000004     uartecho_pem4f.oem4f (.const:ti_sysbios_knl_Swi_Module__loggerObj__C)
                  0000a094    00000004     uartecho_pem4f.oem4f (.const:ti_sysbios_knl_Swi_Object__count__C)
                  0000a098    00000004     uartecho_pem4f.oem4f (.const:ti_sysbios_knl_Task_A_badPriority__C)
                  0000a09c    00000004     uartecho_pem4f.oem4f (.const:ti_sysbios_knl_Task_A_badTaskState__C)
                  0000a0a0    00000004     uartecho_pem4f.oem4f (.const:ti_sysbios_knl_Task_A_badThreadType__C)
                  0000a0a4    00000004     uartecho_pem4f.oem4f (.const:ti_sysbios_knl_Task_A_noPendElem__C)
                  0000a0a8    00000004     uartecho_pem4f.oem4f (.const:ti_sysbios_knl_Task_E_spOutOfBounds__C)
                  0000a0ac    00000004     uartecho_pem4f.oem4f (.const:ti_sysbios_knl_Task_E_stackOverflow__C)
                  0000a0b0    00000004     uartecho_pem4f.oem4f (.const:ti_sysbios_knl_Task_LD_block__C)
                  0000a0b4    00000004     uartecho_pem4f.oem4f (.const:ti_sysbios_knl_Task_LD_exit__C)
                  0000a0b8    00000004     uartecho_pem4f.oem4f (.const:ti_sysbios_knl_Task_LD_ready__C)
                  0000a0bc    00000004     uartecho_pem4f.oem4f (.const:ti_sysbios_knl_Task_LM_switch__C)
                  0000a0c0    00000004     uartecho_pem4f.oem4f (.const:ti_sysbios_knl_Task_Module_State_inactiveQ__O)
                  0000a0c4    00000004     uartecho_pem4f.oem4f (.const:ti_sysbios_knl_Task_Module__diagsEnabled__C)
                  0000a0c8    00000004     uartecho_pem4f.oem4f (.const:ti_sysbios_knl_Task_Module__diagsIncluded__C)
                  0000a0cc    00000004     uartecho_pem4f.oem4f (.const:ti_sysbios_knl_Task_Module__diagsMask__C)
                  0000a0d0    00000004     uartecho_pem4f.oem4f (.const:ti_sysbios_knl_Task_Module__loggerFxn2__C)
                  0000a0d4    00000004     uartecho_pem4f.oem4f (.const:ti_sysbios_knl_Task_Module__loggerFxn4__C)
                  0000a0d8    00000004     uartecho_pem4f.oem4f (.const:ti_sysbios_knl_Task_Module__loggerObj__C)
                  0000a0dc    00000004     uartecho_pem4f.oem4f (.const:ti_sysbios_knl_Task_Object__count__C)
                  0000a0e0    00000004     uartecho_pem4f.oem4f (.const:ti_sysbios_knl_Task_allBlockedFunc__C)
                  0000a0e4    00000004     uartecho_pem4f.oem4f (.const:ti_sysbios_knl_Task_defaultStackHeap__C)
                  0000a0e8    00000004     uartecho_pem4f.oem4f (.const:ti_sysbios_knl_Task_defaultStackSize__C)
                  0000a0ec    00000004     uartecho_pem4f.oem4f (.const:ti_sysbios_knl_Task_numConstructedTasks__C)
                  0000a0f0    00000004     uartecho_pem4f.oem4f (.const:ti_sysbios_utils_Load_LS_cpuLoad__C)
                  0000a0f4    00000004     uartecho_pem4f.oem4f (.const:ti_sysbios_utils_Load_Module__diagsEnabled__C)
                  0000a0f8    00000004     uartecho_pem4f.oem4f (.const:ti_sysbios_utils_Load_Module__diagsIncluded__C)
                  0000a0fc    00000004     uartecho_pem4f.oem4f (.const:ti_sysbios_utils_Load_Module__diagsMask__C)
                  0000a100    00000004     uartecho_pem4f.oem4f (.const:ti_sysbios_utils_Load_Module__loggerFxn1__C)
                  0000a104    00000004     uartecho_pem4f.oem4f (.const:ti_sysbios_utils_Load_Module__loggerObj__C)
                  0000a108    00000004     uartecho_pem4f.oem4f (.const:ti_sysbios_utils_Load_postUpdate__C)
                  0000a10c    00000004     uartecho_pem4f.oem4f (.const:ti_sysbios_utils_Load_windowInMs__C)
                  0000a110    00000004     uartecho_pem4f.oem4f (.const:ti_uia_loggers_LoggerStopMode_Module__diagsEnabled__C)
                  0000a114    00000004     uartecho_pem4f.oem4f (.const:ti_uia_loggers_LoggerStopMode_Module__diagsIncluded__C)
                  0000a118    00000004     uartecho_pem4f.oem4f (.const:ti_uia_loggers_LoggerStopMode_Module__diagsMask__C)
                  0000a11c    00000004     uartecho_pem4f.oem4f (.const:ti_uia_loggers_LoggerStopMode_Object__count__C)
                  0000a120    00000004     uartecho_pem4f.oem4f (.const:ti_uia_runtime_ILoggerSnapshot_Interface__BASE__C)
                  0000a124    00000004     uartecho_pem4f.oem4f (.const:ti_uia_runtime_IUIATransfer_Interface__BASE__C)
                  0000a128    00000004     uartecho_pem4f.oem4f (.const:xdc_runtime_Assert_E_assertFailed__C)
                  0000a12c    00000004     uartecho_pem4f.oem4f (.const:xdc_runtime_Core_A_initializedParams__C)
                  0000a130    00000004     uartecho_pem4f.oem4f (.const:xdc_runtime_Core_Module__diagsEnabled__C)
                  0000a134    00000004     uartecho_pem4f.oem4f (.const:xdc_runtime_Core_Module__diagsIncluded__C)
                  0000a138    00000004     uartecho_pem4f.oem4f (.const:xdc_runtime_Core_Module__diagsMask__C)
                  0000a13c    00000004     uartecho_pem4f.oem4f (.const:xdc_runtime_Error_E_memory__C)
                  0000a140    00000004     uartecho_pem4f.oem4f (.const:xdc_runtime_Error_Module__diagsEnabled__C)
                  0000a144    00000004     uartecho_pem4f.oem4f (.const:xdc_runtime_Error_Module__diagsIncluded__C)
                  0000a148    00000004     uartecho_pem4f.oem4f (.const:xdc_runtime_Error_Module__diagsMask__C)
                  0000a14c    00000004     uartecho_pem4f.oem4f (.const:xdc_runtime_Error_Module__loggerFxn8__C)
                  0000a150    00000004     uartecho_pem4f.oem4f (.const:xdc_runtime_Error_Module__loggerObj__C)
                  0000a154    00000004     uartecho_pem4f.oem4f (.const:xdc_runtime_Error_policyFxn__C)
                  0000a158    00000004     uartecho_pem4f.oem4f (.const:xdc_runtime_Error_raiseHook__C)
                  0000a15c    00000004     uartecho_pem4f.oem4f (.const:xdc_runtime_IFilterLogger_Interface__BASE__C)
                  0000a160    00000004     uartecho_pem4f.oem4f (.const:xdc_runtime_IGateProvider_Interface__BASE__C)
                  0000a164    00000004     uartecho_pem4f.oem4f (.const:xdc_runtime_IHeap_Interface__BASE__C)
                  0000a168    00000004     uartecho_pem4f.oem4f (.const:xdc_runtime_ILogger_Interface__BASE__C)
                  0000a16c    00000004     uartecho_pem4f.oem4f (.const:xdc_runtime_IModule_Interface__BASE__C)
                  0000a170    00000004     uartecho_pem4f.oem4f (.const:xdc_runtime_Log_L_error__C)
                  0000a174    00000004     uartecho_pem4f.oem4f (.const:xdc_runtime_Memory_defaultHeapInstance__C)
                  0000a178    00000004     uartecho_pem4f.oem4f (.const:xdc_runtime_Startup_execImpl__C)
                  0000a17c    00000004     uartecho_pem4f.oem4f (.const:xdc_runtime_Startup_lastFxns__A)
                  0000a180    00000004     uartecho_pem4f.oem4f (.const:xdc_runtime_Startup_maxPasses__C)
                  0000a184    00000004     uartecho_pem4f.oem4f (.const:xdc_runtime_Startup_sfxnRts__C)
                  0000a188    00000004     uartecho_pem4f.oem4f (.const:xdc_runtime_Startup_sfxnTab__C)
                  0000a18c    00000004     uartecho_pem4f.oem4f (.const:xdc_runtime_SysMin_bufSize__C)
                  0000a190    00000004     uartecho_pem4f.oem4f (.const:xdc_runtime_SysMin_outputFunc__C)
                  0000a194    00000004     uartecho_pem4f.oem4f (.const:xdc_runtime_System_Module__gateObj__C)
                  0000a198    00000004     uartecho_pem4f.oem4f (.const:xdc_runtime_System_abortFxn__C)
                  0000a19c    00000004     uartecho_pem4f.oem4f (.const:xdc_runtime_System_exitFxn__C)
                  0000a1a0    00000004     uartecho_pem4f.oem4f (.const:xdc_runtime_System_extendFxn__C)
                  0000a1a4    00000004     uartecho_pem4f.oem4f (.const:xdc_runtime_System_maxAtexitHandlers__C)
                  0000a1a8    00000004     uartecho_pem4f.oem4f (.const:xdc_runtime_Text_charTab__C)
                  0000a1ac    00000004     uartecho_pem4f.oem4f (.const:xdc_runtime_Text_nameEmpty__C)
                  0000a1b0    00000004     uartecho_pem4f.oem4f (.const:xdc_runtime_Text_nameStatic__C)
                  0000a1b4    00000004     uartecho_pem4f.oem4f (.const:xdc_runtime_Text_nameUnknown__C)
                  0000a1b8    00000004     uartecho_pem4f.oem4f (.const:xdc_runtime_Text_nodeTab__C)
                  0000a1bc    00000004     uartecho_pem4f.oem4f (.const:xdc_runtime_Text_visitRopeFxn__C)
                  0000a1c0    00000002     uartecho_pem4f.oem4f (.const:ti_catalog_arm_cortexm4_tiva_ce_Boot_Module__id__C)
                  0000a1c2    00000002     uartecho_pem4f.oem4f (.const:ti_sysbios_family_arm_lm4_TimestampProvider_useClockTimer__C)
                  0000a1c4    00000002     uartecho_pem4f.oem4f (.const:ti_sysbios_family_arm_m3_Hwi_Module__id__C)
                  0000a1c6    00000002     uartecho_pem4f.oem4f (.const:ti_sysbios_family_arm_m3_Hwi_Module__loggerDefined__C)
                  0000a1c8    00000002     uartecho_pem4f.oem4f (.const:ti_sysbios_gates_GateMutex_Module__id__C)
                  0000a1ca    00000002     uartecho_pem4f.oem4f (.const:ti_sysbios_hal_Hwi_Module__id__C)
                  0000a1cc    00000002     uartecho_pem4f.oem4f (.const:ti_sysbios_heaps_HeapMem_Module__id__C)
                  0000a1ce    00000002     uartecho_pem4f.oem4f (.const:ti_sysbios_knl_Clock_Module__id__C)
                  0000a1d0    00000002     uartecho_pem4f.oem4f (.const:ti_sysbios_knl_Clock_Module__loggerDefined__C)
                  0000a1d2    00000002     uartecho_pem4f.oem4f (.const:ti_sysbios_knl_Semaphore_Module__id__C)
                  0000a1d4    00000002     uartecho_pem4f.oem4f (.const:ti_sysbios_knl_Semaphore_Module__loggerDefined__C)
                  0000a1d6    00000002     uartecho_pem4f.oem4f (.const:ti_sysbios_knl_Swi_Module__id__C)
                  0000a1d8    00000002     uartecho_pem4f.oem4f (.const:ti_sysbios_knl_Swi_Module__loggerDefined__C)
                  0000a1da    00000002     uartecho_pem4f.oem4f (.const:ti_sysbios_knl_Task_Module__id__C)
                  0000a1dc    00000002     uartecho_pem4f.oem4f (.const:ti_sysbios_knl_Task_Module__loggerDefined__C)
                  0000a1de    00000002     uartecho_pem4f.oem4f (.const:ti_sysbios_utils_Load_Module__id__C)
                  0000a1e0    00000002     uartecho_pem4f.oem4f (.const:ti_sysbios_utils_Load_Module__loggerDefined__C)
                  0000a1e2    00000002     uartecho_pem4f.oem4f (.const:ti_sysbios_utils_Load_updateInIdle__C)
                  0000a1e4    00000002     uartecho_pem4f.oem4f (.const:ti_uia_loggers_LoggerStopMode_Module__id__C)
                  0000a1e6    00000002     uartecho_pem4f.oem4f (.const:ti_uia_loggers_LoggerStopMode_isTimestampEnabled__C)
                  0000a1e8    00000002     uartecho_pem4f.oem4f (.const:xdc_runtime_Core_Module__id__C)
                  0000a1ea    00000002     uartecho_pem4f.oem4f (.const:xdc_runtime_Error_Module__loggerDefined__C)
                  0000a1ec    00000002     uartecho_pem4f.oem4f (.const:xdc_runtime_Error_maxDepth__C)
                  0000a1ee    00000002     uartecho_pem4f.oem4f (.const:xdc_runtime_Memory_Module__id__C)
                  0000a1f0    00000002     uartecho_pem4f.oem4f (.const:xdc_runtime_SysMin_flushAtExit__C)
                  0000a1f2    00000002     uartecho_pem4f.oem4f (.const:xdc_runtime_Text_charCnt__C)
                  0000a1f4    00000002     uartecho_pem4f.oem4f (.const:xdc_runtime_Text_isLoaded__C)
                  0000a1f6    00000002     uartecho_pem4f.oem4f (.const:xdc_runtime_Text_registryModsLastId__C)
                  0000a1f8    00000002     uartecho_pem4f.oem4f (.const:xdc_runtime_Text_unnamedModsLastId__C)

.cinit     0    0000a200    00000290     
                  0000a200    00000257     (.cinit..data.load) [load image, compression = lzss]
                  0000a457    00000001     --HOLE-- [fill = 0]
                  0000a458    0000000c     (__TI_handler_table)
                  0000a464    00000004     --HOLE-- [fill = 0]
                  0000a468    00000008     (.cinit..bss.load) [load image, compression = zero_init]
                  0000a470    00000008     (.cinit..vecs.load) [load image, compression = zero_init]
                  0000a478    00000018     (__TI_cinit_table)

.init_array 
*          0    00000000    00000000     UNINITIALIZED

.resetVecs 
*          0    00000000    0000003c     
                  00000000    0000003c     uartecho_pem4f.oem4f (.resetVecs)

.bss       0    20000380    00001830     UNINITIALIZED
                  20000380    00000400     (.common:ti_sysbios_heaps_HeapMem_Instance_State_0_buf__A)
                  20000780    00000400     (.common:ti_uia_loggers_LoggerStopMode_Instance_State_2_packetArray__A)
                  20000b80    00000360     (.common:ti_sysbios_family_arm_m3_Hwi_dispatchTable)
                  20000ee0    00000300     (.common:task0Stack)
                  200011e0    00000200     uartecho_pem4f.oem4f (.bss:taskStackSection)
                  200013e0    00000020     (.common:uartTivaRingBuffer)
                  20001400    00000200     (.common:ti_uia_loggers_LoggerStopMode_Instance_State_1_packetArray__A)
                  20001600    00000120     rtsv7M4_T_le_v4SPD16_eabi.lib : trgmsg.c.obj (.bss:_CIOBUF_)
                  20001720    00000050     (.common:task0Struct)
                  20001770    00000008     (.common:parmbuf)
                  20001778    00000004     (.common:check)
                  2000177c    00000004     (.common:gpioInterruptVectors)
                  20001780    00000100     (.common:ti_uia_loggers_LoggerStopMode_Instance_State_0_packetArray__A)
                  20001880    000000cc     (.common:uartTivaObjects)
                  2000194c    00000090     drivers_tivaware.aem4f : GPIOTiva.oem4f (.bss:gpioCallbackInfo)
                  200019dc    00000080     (.common:xdc_runtime_SysMin_Module_State_0_outbuf__A)
                  20001a5c    00000024     --HOLE--
                  20001a80    00000030     (.common:ti_uia_loggers_LoggerStopMode_Instance_State_0_hdr__A)
                  20001ab0    00000050     --HOLE--
                  20001b00    00000030     (.common:ti_uia_loggers_LoggerStopMode_Instance_State_1_hdr__A)
                  20001b30    00000050     --HOLE--
                  20001b80    00000030     (.common:ti_uia_loggers_LoggerStopMode_Instance_State_2_hdr__A)

.data      0    20001bb0    000005e2     UNINITIALIZED
                  20001bb0    0000009c     uartecho_pem4f.oem4f (.data:ti_uia_loggers_LoggerStopMode_Object__table__V)
                  20001c4c    00000098     uartecho_pem4f.oem4f (.data:ti_sysbios_utils_Load_Module__state__V)
                  20001ce4    00000080     uartecho_pem4f.oem4f (.data:ti_sysbios_family_arm_lm4_Timer_Object__table__V)
                  20001d64    00000080     uartecho_pem4f.oem4f (.data:ti_sysbios_knl_Swi_Module_State_0_readyQ__A)
                  20001de4    00000080     uartecho_pem4f.oem4f (.data:ti_sysbios_knl_Task_Module_State_0_readyQ__A)
                  20001e64    0000004c     uartecho_pem4f.oem4f (.data:ti_sysbios_knl_Task_Object__table__V)
                  20001eb0    00000044     uartecho_pem4f.oem4f (.data:ti_sysbios_knl_Task_Module__state__V)
                  20001ef4    00000040     uartecho_pem4f.oem4f (.data:ti_sysbios_family_arm_lm4_Timer_Module_State_0_device__A)
                  20001f34    00000038     uartecho_pem4f.oem4f (.data:ti_sysbios_gates_GateMutex_Object__table__V)
                  20001f6c    00000034     uartecho_pem4f.oem4f (.data:ti_sysbios_family_arm_m3_Hwi_Module__state__V)
                  20001fa0    00000030     uartecho_pem4f.oem4f (.data:ti_sysbios_family_arm_m3_Hwi_Object__table__V)
                  20001fd0    00000030     uartecho_pem4f.oem4f (.data:ti_sysbios_knl_Swi_Object__table__V)
                  20002000    0000002c     uartecho_pem4f.oem4f (.data:ti_sysbios_knl_Clock_Module__state__V)
                  2000202c    00000024     uartecho_pem4f.oem4f (.data:ti_sysbios_BIOS_Module__state__V)
                  20002050    00000020     uartecho_pem4f.oem4f (.data:ti_sysbios_family_arm_lm4_Timer_Module_State_0_handles__A)
                  20002070    0000001c     uartecho_pem4f.oem4f (.data:ti_sysbios_knl_Swi_Module__state__V)
                  2000208c    00000018     uartecho_pem4f.oem4f (.data:ti_sysbios_heaps_HeapMem_Object__table__V)
                  200020a4    00000010     EK_TM4C1294XL.obj (.data:gpioPinConfigs)
                  200020b4    0000000c     uartecho_pem4f.oem4f (.data:ti_sysbios_family_arm_lm4_Timer_Module__state__V)
                  200020c0    0000000c     uartecho_pem4f.oem4f (.data:ti_sysbios_knl_Task_Module__root__V)
                  200020cc    0000000c     uartecho_pem4f.oem4f (.data:ti_uia_runtime_QueueDescriptor_Module__state__V)
                  200020d8    0000000c     uartecho_pem4f.oem4f (.data:xdc_runtime_SysMin_Module__state__V)
                  200020e4    00000008     rtsv7M4_T_le_v4SPD16_eabi.lib : _lock.c.obj (.data:$O1$$)
                  200020ec    00000008     EK_TM4C1294XL.obj (.data:gpioCallbackFunctions)
                  200020f4    00000008     ti.uia.runtime.aem4f : QueueDescriptor.oem4f (.data)
                  200020fc    00000008     uartecho_pem4f.oem4f (.data:ti_sysbios_family_arm_lm4_TimestampProvider_Module__state__V)
                  20002104    00000008     uartecho_pem4f.oem4f (.data:ti_sysbios_family_arm_m3_Hwi_Module__root__V)
                  2000210c    00000008     uartecho_pem4f.oem4f (.data:ti_sysbios_gates_GateHwi_Module__root__V)
                  20002114    00000008     uartecho_pem4f.oem4f (.data:ti_sysbios_gates_GateMutex_Module__root__V)
                  2000211c    00000008     uartecho_pem4f.oem4f (.data:ti_sysbios_heaps_HeapMem_Module__root__V)
                  20002124    00000008     uartecho_pem4f.oem4f (.data:ti_sysbios_knl_Clock_Module__root__V)
                  2000212c    00000008     uartecho_pem4f.oem4f (.data:ti_sysbios_knl_Queue_Module__root__V)
                  20002134    00000008     uartecho_pem4f.oem4f (.data:ti_sysbios_knl_Semaphore_Module__root__V)
                  2000213c    00000008     uartecho_pem4f.oem4f (.data:ti_uia_loggers_LoggerStopMode_Module__root__V)
                  20002144    00000008     uartecho_pem4f.oem4f (.data:xdc_runtime_Registry_Module__state__V)
                  2000214c    00000008     uartecho_pem4f.oem4f (.data:xdc_runtime_Startup_Module__state__V)
                  20002154    00000008     uartecho_pem4f.oem4f (.data:xdc_runtime_System_Module_State_0_atexitHandlers__A)
                  2000215c    00000008     uartecho_pem4f.oem4f (.data:xdc_runtime_System_Module__state__V)
                  20002164    00000005     drivers_tivaware.aem4f : GPIOTiva.oem4f (.data)
                  20002169    00000001     --HOLE--
                  2000216a    00000002     uartecho_pem4f.oem4f (.data:ti_sysbios_family_arm_m3_Hwi_Module_State_0_excActive__A)
                  2000216c    00000004     drivers_tivaware.aem4f : UART.oem4f (.data)
                  20002170    00000004     rtsv7M4_T_le_v4SPD16_eabi.lib : stkdepth_vars.c.obj (.data)
                  20002174    00000004     uartecho_pem4f.oem4f (.data:ti_sysbios_family_arm_m3_Hwi_Module_State_0_excContext__A)
                  20002178    00000004     uartecho_pem4f.oem4f (.data:ti_sysbios_family_arm_m3_Hwi_Module_State_0_excStack__A)
                  2000217c    00000004     uartecho_pem4f.oem4f (.data:ti_sysbios_gates_GateHwi_Object__table__V)
                  20002180    00000004     uartecho_pem4f.oem4f (.data:ti_sysbios_knl_Task_Module_State_0_idleTask__A)
                  20002184    00000004     uartecho_pem4f.oem4f (.data:ti_sysbios_utils_Load_Module_State_0_runningTask__A)
                  20002188    00000004     uartecho_pem4f.oem4f (.data:ti_sysbios_utils_Load_Module_State_0_taskStartTime__A)
                  2000218c    00000004     uartecho_pem4f.oem4f (.data:xdc_runtime_Memory_Module__state__V)
                  20002190    00000002     uartecho_pem4f.oem4f (.data:xdc_runtime_Error_Module__state__V)

.stack     0    20002198    00000300     UNINITIALIZED
                  20002198    00000300     --HOLE--

.bootVecs 
*          0    00000000    00000008     DSECT
                  00000000    00000008     boot.aem4f : boot.oem4f (.bootVecs)

.vecs      0    20000000    00000360     UNINITIALIZED
                  20000000    00000360     uartecho_pem4f.oem4f (.vecs)

[...]
00009fa0  ti_sysbios_family_arm_m3_Hwi_Module__loggerFxn1__C                   
00009fa4  ti_sysbios_family_arm_m3_Hwi_Module__loggerFxn8__C                   
00009fa8  ti_sysbios_family_arm_m3_Hwi_Module__loggerObj__C                    
00009fac  ti_sysbios_family_arm_m3_Hwi_NUM_INTERRUPTS__C                       
00009fb0  ti_sysbios_family_arm_m3_Hwi_Object__count__C                        
00009fb4  ti_sysbios_family_arm_m3_Hwi_ccr__C                                  
00009fb8  ti_sysbios_family_arm_m3_Hwi_excHandlerFunc__C                       
00009fbc  ti_sysbios_family_arm_m3_Hwi_excHookFuncs__C                         
00009fc0  ti_sysbios_family_arm_m3_Hwi_nullIsrFunc__C                          
00009fc4  ti_sysbios_family_arm_m3_Hwi_priGroup__C                             
00009fc8  ti_sysbios_family_arm_m3_TaskSupport_stackAlignment__C               
00009fcc  ti_sysbios_gates_GateMutex_A_badContext__C                           
00009fd0  ti_sysbios_gates_GateMutex_Instance_State_sem__O                     
00009fd4  ti_sysbios_gates_GateMutex_Module__diagsEnabled__C                   
00009fd8  ti_sysbios_gates_GateMutex_Module__diagsIncluded__C                  
00009fdc  ti_sysbios_gates_GateMutex_Module__diagsMask__C                      
00009fe0  ti_sysbios_hal_Hwi_E_stackOverflow__C                                
00009fe4  ti_sysbios_heaps_HeapMem_A_align__C                                  
00009fe8  ti_sysbios_heaps_HeapMem_A_heapSize__C                               
00009fec  ti_sysbios_heaps_HeapMem_A_invalidFree__C                            
00009ff0  ti_sysbios_heaps_HeapMem_A_zeroBlock__C                              
00009ff4  ti_sysbios_heaps_HeapMem_E_memory__C                                 
00009ff8  ti_sysbios_heaps_HeapMem_Module__diagsEnabled__C                     
00009ffc  ti_sysbios_heaps_HeapMem_Module__diagsIncluded__C                    
0000a000  ti_sysbios_heaps_HeapMem_Module__diagsMask__C                        
0000a004  ti_sysbios_heaps_HeapMem_Module__gateObj__C                          
0000a008  ti_sysbios_heaps_HeapMem_Object__count__C                            
0000a00c  ti_sysbios_heaps_HeapMem_reqAlign__C                                 
0000a010  ti_sysbios_knl_Clock_A_badThreadType__C                              
0000a014  ti_sysbios_knl_Clock_LM_begin__C                                     
0000a018  ti_sysbios_knl_Clock_LM_tick__C                                      
0000a01c  ti_sysbios_knl_Clock_LW_delayed__C                                   
0000a020  ti_sysbios_knl_Clock_Module_State_clockQ__O                          
0000a024  ti_sysbios_knl_Clock_Module__diagsEnabled__C                         
0000a028  ti_sysbios_knl_Clock_Module__diagsIncluded__C                        
0000a02c  ti_sysbios_knl_Clock_Module__diagsMask__C                            
0000a030  ti_sysbios_knl_Clock_Module__loggerFxn1__C                           
0000a034  ti_sysbios_knl_Clock_Module__loggerFxn2__C                           
0000a038  ti_sysbios_knl_Clock_Module__loggerObj__C                            
0000a03c  ti_sysbios_knl_Semaphore_A_badContext__C                             
0000a040  ti_sysbios_knl_Semaphore_A_noEvents__C                               
0000a044  ti_sysbios_knl_Semaphore_A_overflow__C                               
0000a048  ti_sysbios_knl_Semaphore_A_pendTaskDisabled__C                       
0000a04c  ti_sysbios_knl_Semaphore_Instance_State_pendQ__O                     
0000a050  ti_sysbios_knl_Semaphore_LM_pend__C                                  
0000a054  ti_sysbios_knl_Semaphore_LM_post__C                                  
0000a058  ti_sysbios_knl_Semaphore_Module__diagsEnabled__C                     
0000a05c  ti_sysbios_knl_Semaphore_Module__diagsIncluded__C                    
0000a060  ti_sysbios_knl_Semaphore_Module__diagsMask__C                        
0000a064  ti_sysbios_knl_Semaphore_Module__loggerFxn2__C                       
0000a068  ti_sysbios_knl_Semaphore_Module__loggerFxn4__C                       
0000a06c  ti_sysbios_knl_Semaphore_Module__loggerObj__C                        
0000a070  ti_sysbios_knl_Swi_LD_end__C                                         
0000a074  ti_sysbios_knl_Swi_LM_begin__C                                       
0000a078  ti_sysbios_knl_Swi_LM_post__C                                        
0000a07c  ti_sysbios_knl_Swi_Module__diagsEnabled__C                           
0000a080  ti_sysbios_knl_Swi_Module__diagsIncluded__C                          
0000a084  ti_sysbios_knl_Swi_Module__diagsMask__C                              
0000a088  ti_sysbios_knl_Swi_Module__loggerFxn1__C                             
0000a08c  ti_sysbios_knl_Swi_Module__loggerFxn4__C                             
0000a090  ti_sysbios_knl_Swi_Module__loggerObj__C                              
0000a094  ti_sysbios_knl_Swi_Object__count__C                                  
0000a098  ti_sysbios_knl_Task_A_badPriority__C                                 
0000a09c  ti_sysbios_knl_Task_A_badTaskState__C                                
0000a0a0  ti_sysbios_knl_Task_A_badThreadType__C                               
0000a0a4  ti_sysbios_knl_Task_A_noPendElem__C                                  
0000a0a8  ti_sysbios_knl_Task_E_spOutOfBounds__C                               
0000a0ac  ti_sysbios_knl_Task_E_stackOverflow__C                               
0000a0b0  ti_sysbios_knl_Task_LD_block__C                                      
0000a0b4  ti_sysbios_knl_Task_LD_exit__C                                       
0000a0b8  ti_sysbios_knl_Task_LD_ready__C                                      
0000a0bc  ti_sysbios_knl_Task_LM_switch__C                                     
0000a0c0  ti_sysbios_knl_Task_Module_State_inactiveQ__O                        
0000a0c4  ti_sysbios_knl_Task_Module__diagsEnabled__C                          
0000a0c8  ti_sysbios_knl_Task_Module__diagsIncluded__C                         
0000a0cc  ti_sysbios_knl_Task_Module__diagsMask__C                             
0000a0d0  ti_sysbios_knl_Task_Module__loggerFxn2__C                            
0000a0d4  ti_sysbios_knl_Task_Module__loggerFxn4__C                            
0000a0d8  ti_sysbios_knl_Task_Module__loggerObj__C                             
0000a0dc  ti_sysbios_knl_Task_Object__count__C                                 
0000a0e0  ti_sysbios_knl_Task_allBlockedFunc__C                                
0000a0e4  ti_sysbios_knl_Task_defaultStackHeap__C                              
0000a0e8  ti_sysbios_knl_Task_defaultStackSize__C                              
0000a0ec  ti_sysbios_knl_Task_numConstructedTasks__C                           
0000a0f0  ti_sysbios_utils_Load_LS_cpuLoad__C                                  
0000a0f4  ti_sysbios_utils_Load_Module__diagsEnabled__C                        
0000a0f8  ti_sysbios_utils_Load_Module__diagsIncluded__C                       
0000a0fc  ti_sysbios_utils_Load_Module__diagsMask__C                           
0000a100  ti_sysbios_utils_Load_Module__loggerFxn1__C                          
0000a104  ti_sysbios_utils_Load_Module__loggerObj__C                           
0000a108  ti_sysbios_utils_Load_postUpdate__C                                  
0000a10c  ti_sysbios_utils_Load_windowInMs__C                                  
0000a110  ti_uia_loggers_LoggerStopMode_Module__diagsEnabled__C                
0000a114  ti_uia_loggers_LoggerStopMode_Module__diagsIncluded__C               
0000a118  ti_uia_loggers_LoggerStopMode_Module__diagsMask__C                   
0000a11c  ti_uia_loggers_LoggerStopMode_Object__count__C                       
0000a120  ti_uia_runtime_ILoggerSnapshot_Interface__BASE__C                    
0000a124  ti_uia_runtime_IUIATransfer_Interface__BASE__C                       
0000a128  xdc_runtime_Assert_E_assertFailed__C                                 
0000a12c  xdc_runtime_Core_A_initializedParams__C                              
0000a130  xdc_runtime_Core_Module__diagsEnabled__C                             
0000a134  xdc_runtime_Core_Module__diagsIncluded__C                            
0000a138  xdc_runtime_Core_Module__diagsMask__C                                
0000a13c  xdc_runtime_Error_E_memory__C                                        
0000a140  xdc_runtime_Error_Module__diagsEnabled__C                            
0000a144  xdc_runtime_Error_Module__diagsIncluded__C                           
0000a148  xdc_runtime_Error_Module__diagsMask__C                               
0000a14c  xdc_runtime_Error_Module__loggerFxn8__C                              
0000a150  xdc_runtime_Error_Module__loggerObj__C                               
0000a154  xdc_runtime_Error_policyFxn__C                                       
0000a158  xdc_runtime_Error_raiseHook__C                                       
0000a15c  xdc_runtime_IFilterLogger_Interface__BASE__C                         
0000a160  xdc_runtime_IGateProvider_Interface__BASE__C                         
0000a164  xdc_runtime_IHeap_Interface__BASE__C                                 
0000a168  xdc_runtime_ILogger_Interface__BASE__C                               
0000a16c  xdc_runtime_IModule_Interface__BASE__C                               
0000a170  xdc_runtime_Log_L_error__C                                           
0000a174  xdc_runtime_Memory_defaultHeapInstance__C                            
0000a178  xdc_runtime_Startup_execImpl__C                                      
0000a17c  xdc_runtime_Startup_lastFxns__A                                      
0000a180  xdc_runtime_Startup_maxPasses__C                                     
0000a184  xdc_runtime_Startup_sfxnRts__C                                       
0000a188  xdc_runtime_Startup_sfxnTab__C                                       
0000a18c  xdc_runtime_SysMin_bufSize__C                                        
0000a190  xdc_runtime_SysMin_outputFunc__C                                     
0000a194  xdc_runtime_System_Module__gateObj__C                                
0000a198  xdc_runtime_System_abortFxn__C                                       
0000a19c  xdc_runtime_System_exitFxn__C                                        
0000a1a0  xdc_runtime_System_extendFxn__C                                      
0000a1a4  xdc_runtime_System_maxAtexitHandlers__C                              
0000a1a8  xdc_runtime_Text_charTab__C                                          
0000a1ac  xdc_runtime_Text_nameEmpty__C                                        
0000a1b0  xdc_runtime_Text_nameStatic__C                                       
0000a1b4  xdc_runtime_Text_nameUnknown__C                                      
0000a1b8  xdc_runtime_Text_nodeTab__C                                          
0000a1bc  xdc_runtime_Text_visitRopeFxn__C                                     
0000a1c0  ti_catalog_arm_cortexm4_tiva_ce_Boot_Module__id__C                   
0000a1c2  ti_sysbios_family_arm_lm4_TimestampProvider_useClockTimer__C         
0000a1c4  ti_sysbios_family_arm_m3_Hwi_Module__id__C                           
0000a1c6  ti_sysbios_family_arm_m3_Hwi_Module__loggerDefined__C                
0000a1c8  ti_sysbios_gates_GateMutex_Module__id__C                             
0000a1ca  ti_sysbios_hal_Hwi_Module__id__C                                     
0000a1cc  ti_sysbios_heaps_HeapMem_Module__id__C                               
0000a1ce  ti_sysbios_knl_Clock_Module__id__C                                   
0000a1d0  ti_sysbios_knl_Clock_Module__loggerDefined__C                        
0000a1d2  ti_sysbios_knl_Semaphore_Module__id__C                               
0000a1d4  ti_sysbios_knl_Semaphore_Module__loggerDefined__C                    
0000a1d6  ti_sysbios_knl_Swi_Module__id__C                                     
0000a1d8  ti_sysbios_knl_Swi_Module__loggerDefined__C                          
0000a1da  ti_sysbios_knl_Task_Module__id__C                                    
0000a1dc  ti_sysbios_knl_Task_Module__loggerDefined__C                         
0000a1de  ti_sysbios_utils_Load_Module__id__C                                  
0000a1e0  ti_sysbios_utils_Load_Module__loggerDefined__C                       
0000a1e2  ti_sysbios_utils_Load_updateInIdle__C                                
0000a1e4  ti_uia_loggers_LoggerStopMode_Module__id__C                          
0000a1e6  ti_uia_loggers_LoggerStopMode_isTimestampEnabled__C                  
0000a1e8  xdc_runtime_Core_Module__id__C                                       
0000a1ea  xdc_runtime_Error_Module__loggerDefined__C                           
0000a1ec  xdc_runtime_Error_maxDepth__C                                        
0000a1ee  xdc_runtime_Memory_Module__id__C                                     
0000a1f0  xdc_runtime_SysMin_flushAtExit__C                                    
0000a1f2  xdc_runtime_Text_charCnt__C                                          
0000a1f4  xdc_runtime_Text_isLoaded__C                                         
0000a1f6  xdc_runtime_Text_registryModsLastId__C                               
0000a1f8  xdc_runtime_Text_unnamedModsLastId__C                                
0000a200  __TI_static_base__                                                   
0000a458  __TI_Handler_Table_Base                                              
0000a464  __TI_Handler_Table_Limit                                             
0000a478  __TI_CINIT_Base                                                      
0000a490  __TI_CINIT_Limit                                                     
20000000  ti_sysbios_family_arm_m3_Hwi_ramVectors                              
20000380  ti_sysbios_heaps_HeapMem_Instance_State_0_buf__A                     
20000780  ti_uia_loggers_LoggerStopMode_Instance_State_2_packetArray__A        
20000b80  ti_sysbios_family_arm_m3_Hwi_dispatchTable                           
20000ee0  task0Stack                                                           
200011e0  ti_sysbios_knl_Task_Instance_State_0_stack__A                        
200013e0  uartTivaRingBuffer                                                   
20001400  ti_uia_loggers_LoggerStopMode_Instance_State_1_packetArray__A        
20001600  __CIOBUF_                                                            
20001720  task0Struct                                                          
20001770  parmbuf                                                              
20001778  check                                                                
20001780  ti_uia_loggers_LoggerStopMode_Instance_State_0_packetArray__A        
20001880  uartTivaObjects                                                      
200019dc  xdc_runtime_SysMin_Module_State_0_outbuf__A                          
20001a80  ti_uia_loggers_LoggerStopMode_Instance_State_0_hdr__A                
20001b00  ti_uia_loggers_LoggerStopMode_Instance_State_1_hdr__A                
20001b80  ti_uia_loggers_LoggerStopMode_Instance_State_2_hdr__A                
20001bb0  ti_uia_loggers_LoggerStopMode_Object__table__V                       
20001c4c  ti_sysbios_utils_Load_Module__state__V                               
20001ce4  ti_sysbios_family_arm_lm4_Timer_Object__table__V                     
20001d64  ti_sysbios_knl_Swi_Module_State_0_readyQ__A                          
20001de4  ti_sysbios_knl_Task_Module_State_0_readyQ__A                         
20001e64  ti_sysbios_knl_Task_Object__table__V                                 
20001eb0  ti_sysbios_knl_Task_Module__state__V                                 
20001ef4  ti_sysbios_family_arm_lm4_Timer_Module_State_0_device__A             
20001f34  ti_sysbios_gates_GateMutex_Object__table__V                          
20001f6c  ti_sysbios_family_arm_m3_Hwi_Module__state__V                        
20001fa0  ti_sysbios_family_arm_m3_Hwi_Object__table__V                        
20001fd0  ti_sysbios_knl_Swi_Object__table__V                                  
20002000  ti_sysbios_knl_Clock_Module__state__V                                
2000202c  ti_sysbios_BIOS_Module__state__V                                     
20002050  ti_sysbios_family_arm_lm4_Timer_Module_State_0_handles__A            
20002070  ti_sysbios_knl_Swi_Module__state__V                                  
2000208c  ti_sysbios_heaps_HeapMem_Object__table__V                            
200020a4  gpioPinConfigs                                                       
200020b4  ti_sysbios_family_arm_lm4_Timer_Module__state__V                     
200020c0  ti_sysbios_knl_Task_Module__root__V                                  
200020cc  ti_uia_runtime_QueueDescriptor_Module__state__V                      
200020d8  xdc_runtime_SysMin_Module__state__V                                  
200020e4  _lock                                                                
200020e8  _unlock                                                              
200020ec  gpioCallbackFunctions                                                
200020f4  ti_uia_runtime_QueueDescriptor_gPtrToFirstDescriptor                 
200020f8  ti_uia_runtime_QueueDescriptor_gUpdateCount                          
200020fc  ti_sysbios_family_arm_lm4_TimestampProvider_Module__state__V         
20002104  ti_sysbios_family_arm_m3_Hwi_Module__root__V                         
2000210c  ti_sysbios_gates_GateHwi_Module__root__V                             
20002114  ti_sysbios_gates_GateMutex_Module__root__V                           
2000211c  ti_sysbios_heaps_HeapMem_Module__root__V                             
20002124  ti_sysbios_knl_Clock_Module__root__V                                 
2000212c  ti_sysbios_knl_Queue_Module__root__V                                 
20002134  ti_sysbios_knl_Semaphore_Module__root__V                             
2000213c  ti_uia_loggers_LoggerStopMode_Module__root__V                        
20002144  xdc_runtime_Registry_Module__state__V                                
2000214c  xdc_runtime_Startup_Module__state__V                                 
20002154  xdc_runtime_System_Module_State_0_atexitHandlers__A                  
2000215c  xdc_runtime_System_Module__state__V                                  
2000216a  ti_sysbios_family_arm_m3_Hwi_Module_State_0_excActive__A             
20002170  main_func_sp                                                         
20002174  ti_sysbios_family_arm_m3_Hwi_Module_State_0_excContext__A            
20002178  ti_sysbios_family_arm_m3_Hwi_Module_State_0_excStack__A              
2000217c  ti_sysbios_gates_GateHwi_Object__table__V                            
20002180  ti_sysbios_knl_Task_Module_State_0_idleTask__A                       
20002184  ti_sysbios_utils_Load_Module_State_0_runningTask__A                  
20002188  ti_sysbios_utils_Load_Module_State_0_taskStartTime__A                
2000218c  xdc_runtime_Memory_Module__state__V                                  
20002190  xdc_runtime_Error_Module__state__V                                   
20002198  __stack                                                              
20002498  __STACK_END                                                          
e000e000  ti_sysbios_family_arm_m3_Hwi_nvic                                    
ffffffff  __TI_pprof_out_hndl                                                  
ffffffff  __TI_prof_data_size                                                  
ffffffff  __TI_prof_data_start                                                 
ffffffff  __binit__                                                            
ffffffff  __c_args__                                                           
ffffffff  binit                                                                
UNDEFED   SHT$$INIT_ARRAY$$Base                                                
UNDEFED   SHT$$INIT_ARRAY$$Limit                                               

[727 symbols]
