<?xml version="1.0" encoding="ISO-8859-1" ?>
<link_info>
   <banner>TI ARM Linker PC v18.12.1.LTS</banner>
   <copyright>Copyright (c) 1996-2018 Texas Instruments Incorporated</copyright>
   <link_time>0x5cb575f6</link_time>
   <link_errors>0x0</link_errors>
   <output_file>grlib_demo.out</output_file>
   <entry_point>
      <name>_c_int00_noargs</name>
      <address>0xa889</address>
   </entry_point>
   <input_file_list>
      <input_file id="fl-2">
         <path>.\</path>
         <kind>object</kind>
         <file>grlib_demo.obj</file>
         <name>grlib_demo.obj</name>
      </input_file>
      <input_file id="fl-3">
         <path>.\</path>
         <kind>object</kind>
         <file>images.obj</file>
         <name>images.obj</name>
      </input_file>
      <input_file id="fl-4">
         <path>.\</path>
         <kind>object</kind>
         <file>startup_ccs.obj</file>
         <name>startup_ccs.obj</name>
      </input_file>
      <input_file id="fl-5">
         <path>.\drivers\</path>
         <kind>object</kind>
         <file>Kentec320x240x16_ssd2119_spi.obj</file>
         <name>Kentec320x240x16_ssd2119_spi.obj</name>
      </input_file>
      <input_file id="fl-6">
         <path>.\drivers\</path>
         <kind>object</kind>
         <file>touch.obj</file>
         <name>touch.obj</name>
      </input_file>
      <input_file id="fl-7">
         <path>.\utils\</path>
         <kind>object</kind>
         <file>ustdlib.obj</file>
         <name>ustdlib.obj</name>
      </input_file>
      <input_file id="fl-d">
         <kind>object</kind>
         <file>&lt;internal&gt;</file>
         <name>&lt;internal&gt;</name>
      </input_file>
      <input_file id="fl-c3">
         <path>C:\ti\ccs901\ccs\tools\compiler\ti-cgt-arm_18.12.1.LTS\lib\</path>
         <kind>archive</kind>
         <file>rtsv7M4_T_le_v4SPD16_eabi.lib</file>
         <name>u_divt2.asm.obj</name>
      </input_file>
      <input_file id="fl-c4">
         <path>C:\ti\ccs901\ccs\tools\compiler\ti-cgt-arm_18.12.1.LTS\lib\</path>
         <kind>archive</kind>
         <file>rtsv7M4_T_le_v4SPD16_eabi.lib</file>
         <name>copy_zero_init.c.obj</name>
      </input_file>
      <input_file id="fl-c5">
         <path>C:\ti\ccs901\ccs\tools\compiler\ti-cgt-arm_18.12.1.LTS\lib\</path>
         <kind>archive</kind>
         <file>rtsv7M4_T_le_v4SPD16_eabi.lib</file>
         <name>copy_decompress_none.c.obj</name>
      </input_file>
      <input_file id="fl-c6">
         <path>C:\ti\ccs901\ccs\tools\compiler\ti-cgt-arm_18.12.1.LTS\lib\</path>
         <kind>archive</kind>
         <file>rtsv7M4_T_le_v4SPD16_eabi.lib</file>
         <name>copy_decompress_lzss.c.obj</name>
      </input_file>
      <input_file id="fl-c7">
         <path>C:\ti\ccs901\ccs\tools\compiler\ti-cgt-arm_18.12.1.LTS\lib\</path>
         <kind>archive</kind>
         <file>rtsv7M4_T_le_v4SPD16_eabi.lib</file>
         <name>boot_cortex_m.c.obj</name>
      </input_file>
      <input_file id="fl-c8">
         <path>C:\ti\ccs901\ccs\tools\compiler\ti-cgt-arm_18.12.1.LTS\lib\</path>
         <kind>archive</kind>
         <file>rtsv7M4_T_le_v4SPD16_eabi.lib</file>
         <name>div0.asm.obj</name>
      </input_file>
      <input_file id="fl-c9">
         <path>C:\ti\ccs901\ccs\tools\compiler\ti-cgt-arm_18.12.1.LTS\lib\</path>
         <kind>archive</kind>
         <file>rtsv7M4_T_le_v4SPD16_eabi.lib</file>
         <name>memcpy_t2.asm.obj</name>
      </input_file>
      <input_file id="fl-ca">
         <path>C:\ti\ccs901\ccs\tools\compiler\ti-cgt-arm_18.12.1.LTS\lib\</path>
         <kind>archive</kind>
         <file>rtsv7M4_T_le_v4SPD16_eabi.lib</file>
         <name>memset_t2.asm.obj</name>
      </input_file>
      <input_file id="fl-cb">
         <path>C:\ti\ccs901\ccs\tools\compiler\ti-cgt-arm_18.12.1.LTS\lib\</path>
         <kind>archive</kind>
         <file>rtsv7M4_T_le_v4SPD16_eabi.lib</file>
         <name>autoinit.c.obj</name>
      </input_file>
      <input_file id="fl-cc">
         <path>C:\ti\ccs901\ccs\tools\compiler\ti-cgt-arm_18.12.1.LTS\lib\</path>
         <kind>archive</kind>
         <file>rtsv7M4_T_le_v4SPD16_eabi.lib</file>
         <name>pre_init.c.obj</name>
      </input_file>
      <input_file id="fl-cd">
         <path>C:\ti\ccs901\ccs\tools\compiler\ti-cgt-arm_18.12.1.LTS\lib\</path>
         <kind>archive</kind>
         <file>rtsv7M4_T_le_v4SPD16_eabi.lib</file>
         <name>cpy_tbl.c.obj</name>
      </input_file>
      <input_file id="fl-ce">
         <path>C:\ti\ccs901\ccs\tools\compiler\ti-cgt-arm_18.12.1.LTS\lib\</path>
         <kind>archive</kind>
         <file>rtsv7M4_T_le_v4SPD16_eabi.lib</file>
         <name>exit.c.obj</name>
      </input_file>
      <input_file id="fl-cf">
         <path>C:\ti\ccs901\ccs\tools\compiler\ti-cgt-arm_18.12.1.LTS\lib\</path>
         <kind>archive</kind>
         <file>rtsv7M4_T_le_v4SPD16_eabi.lib</file>
         <name>_lock.c.obj</name>
      </input_file>
      <input_file id="fl-d0">
         <path>C:\ti\ccs901\ccs\tools\compiler\ti-cgt-arm_18.12.1.LTS\lib\</path>
         <kind>archive</kind>
         <file>rtsv7M4_T_le_v4SPD16_eabi.lib</file>
         <name>args_main.c.obj</name>
      </input_file>
      <input_file id="fl-d1">
         <path>C:\ti\tivaware_c_series_2_1_4_178\driverlib\ccs\Debug\</path>
         <kind>archive</kind>
         <file>driverlib.lib</file>
         <name>adc.obj</name>
      </input_file>
      <input_file id="fl-d2">
         <path>C:\ti\tivaware_c_series_2_1_4_178\driverlib\ccs\Debug\</path>
         <kind>archive</kind>
         <file>driverlib.lib</file>
         <name>gpio.obj</name>
      </input_file>
      <input_file id="fl-d3">
         <path>C:\ti\tivaware_c_series_2_1_4_178\driverlib\ccs\Debug\</path>
         <kind>archive</kind>
         <file>driverlib.lib</file>
         <name>interrupt.obj</name>
      </input_file>
      <input_file id="fl-d4">
         <path>C:\ti\tivaware_c_series_2_1_4_178\driverlib\ccs\Debug\</path>
         <kind>archive</kind>
         <file>driverlib.lib</file>
         <name>ssi.obj</name>
      </input_file>
      <input_file id="fl-d5">
         <path>C:\ti\tivaware_c_series_2_1_4_178\driverlib\ccs\Debug\</path>
         <kind>archive</kind>
         <file>driverlib.lib</file>
         <name>sysctl.obj</name>
      </input_file>
      <input_file id="fl-d6">
         <path>C:\ti\tivaware_c_series_2_1_4_178\driverlib\ccs\Debug\</path>
         <kind>archive</kind>
         <file>driverlib.lib</file>
         <name>timer.obj</name>
      </input_file>
      <input_file id="fl-d7">
         <path>C:\ti\tivaware_c_series_2_1_4_178\driverlib\ccs\Debug\</path>
         <kind>archive</kind>
         <file>driverlib.lib</file>
         <name>cpu.obj</name>
      </input_file>
      <input_file id="fl-d8">
         <path>C:\ti\tivaware_c_series_2_1_4_178\grlib\ccs\Debug\</path>
         <kind>archive</kind>
         <file>grlib.lib</file>
         <name>canvas.obj</name>
      </input_file>
      <input_file id="fl-d9">
         <path>C:\ti\tivaware_c_series_2_1_4_178\grlib\ccs\Debug\</path>
         <kind>archive</kind>
         <file>grlib.lib</file>
         <name>checkbox.obj</name>
      </input_file>
      <input_file id="fl-da">
         <path>C:\ti\tivaware_c_series_2_1_4_178\grlib\ccs\Debug\</path>
         <kind>archive</kind>
         <file>grlib.lib</file>
         <name>circle.obj</name>
      </input_file>
      <input_file id="fl-db">
         <path>C:\ti\tivaware_c_series_2_1_4_178\grlib\ccs\Debug\</path>
         <kind>archive</kind>
         <file>grlib.lib</file>
         <name>container.obj</name>
      </input_file>
      <input_file id="fl-dc">
         <path>C:\ti\tivaware_c_series_2_1_4_178\grlib\ccs\Debug\</path>
         <kind>archive</kind>
         <file>grlib.lib</file>
         <name>context.obj</name>
      </input_file>
      <input_file id="fl-dd">
         <path>C:\ti\tivaware_c_series_2_1_4_178\grlib\ccs\Debug\</path>
         <kind>archive</kind>
         <file>grlib.lib</file>
         <name>image.obj</name>
      </input_file>
      <input_file id="fl-de">
         <path>C:\ti\tivaware_c_series_2_1_4_178\grlib\ccs\Debug\</path>
         <kind>archive</kind>
         <file>grlib.lib</file>
         <name>line.obj</name>
      </input_file>
      <input_file id="fl-df">
         <path>C:\ti\tivaware_c_series_2_1_4_178\grlib\ccs\Debug\</path>
         <kind>archive</kind>
         <file>grlib.lib</file>
         <name>pushbutton.obj</name>
      </input_file>
      <input_file id="fl-e0">
         <path>C:\ti\tivaware_c_series_2_1_4_178\grlib\ccs\Debug\</path>
         <kind>archive</kind>
         <file>grlib.lib</file>
         <name>radiobutton.obj</name>
      </input_file>
      <input_file id="fl-e1">
         <path>C:\ti\tivaware_c_series_2_1_4_178\grlib\ccs\Debug\</path>
         <kind>archive</kind>
         <file>grlib.lib</file>
         <name>rectangle.obj</name>
      </input_file>
      <input_file id="fl-e2">
         <path>C:\ti\tivaware_c_series_2_1_4_178\grlib\ccs\Debug\</path>
         <kind>archive</kind>
         <file>grlib.lib</file>
         <name>slider.obj</name>
      </input_file>
      <input_file id="fl-e3">
         <path>C:\ti\tivaware_c_series_2_1_4_178\grlib\ccs\Debug\</path>
         <kind>archive</kind>
         <file>grlib.lib</file>
         <name>string.obj</name>
      </input_file>
      <input_file id="fl-e4">
         <path>C:\ti\tivaware_c_series_2_1_4_178\grlib\ccs\Debug\</path>
         <kind>archive</kind>
         <file>grlib.lib</file>
         <name>widget.obj</name>
      </input_file>
      <input_file id="fl-e5">
         <path>C:\ti\tivaware_c_series_2_1_4_178\grlib\ccs\Debug\</path>
         <kind>archive</kind>
         <file>grlib.lib</file>
         <name>fontcm12.obj</name>
      </input_file>
      <input_file id="fl-e6">
         <path>C:\ti\tivaware_c_series_2_1_4_178\grlib\ccs\Debug\</path>
         <kind>archive</kind>
         <file>grlib.lib</file>
         <name>fontcm14.obj</name>
      </input_file>
      <input_file id="fl-e7">
         <path>C:\ti\tivaware_c_series_2_1_4_178\grlib\ccs\Debug\</path>
         <kind>archive</kind>
         <file>grlib.lib</file>
         <name>fontcm18.obj</name>
      </input_file>
      <input_file id="fl-e8">
         <path>C:\ti\tivaware_c_series_2_1_4_178\grlib\ccs\Debug\</path>
         <kind>archive</kind>
         <file>grlib.lib</file>
         <name>fontcm20.obj</name>
      </input_file>
      <input_file id="fl-e9">
         <path>C:\ti\tivaware_c_series_2_1_4_178\grlib\ccs\Debug\</path>
         <kind>archive</kind>
         <file>grlib.lib</file>
         <name>fontcm22.obj</name>
      </input_file>
      <input_file id="fl-ea">
         <path>C:\ti\tivaware_c_series_2_1_4_178\grlib\ccs\Debug\</path>
         <kind>archive</kind>
         <file>grlib.lib</file>
         <name>fontcm24.obj</name>
      </input_file>
      <input_file id="fl-eb">
         <path>C:\ti\tivaware_c_series_2_1_4_178\grlib\ccs\Debug\</path>
         <kind>archive</kind>
         <file>grlib.lib</file>
         <name>charmap.obj</name>
      </input_file>
   </input_file_list>
   <object_component_list>
      <object_component id="oc-f">
         <name>.intvecs</name>
         <load_address>0x0</load_address>
         <run_address>0x0</run_address>
         <size>0x200</size>
         <input_file_ref idref="fl-4"/>
      </object_component>
      <object_component id="oc-10d">
         <name>.text:Kentec320x240x16_SSD2119Init</name>
         <load_address>0x6058</load_address>
         <run_address>0x6058</run_address>
         <size>0x53a</size>
         <input_file_ref idref="fl-5"/>
      </object_component>
      <object_component id="oc-30">
         <name>.text:FaultISR</name>
         <load_address>0x6592</load_address>
         <run_address>0x6592</run_address>
         <size>0x2</size>
         <input_file_ref idref="fl-4"/>
      </object_component>
      <object_component id="oc-5b5">
         <name>.text:InternalImageDraw</name>
         <load_address>0x6594</load_address>
         <run_address>0x6594</run_address>
         <size>0x374</size>
         <input_file_ref idref="fl-dd"/>
      </object_component>
      <object_component id="oc-637">
         <name>.text:PixelTransparentDraw</name>
         <load_address>0x6908</load_address>
         <run_address>0x6908</run_address>
         <size>0x2f8</size>
         <input_file_ref idref="fl-dd"/>
      </object_component>
      <object_component id="oc-57a">
         <name>.text:SliderPaint</name>
         <load_address>0x6c00</load_address>
         <run_address>0x6c00</run_address>
         <size>0x2c6</size>
         <input_file_ref idref="fl-e2"/>
      </object_component>
      <object_component id="oc-3a6">
         <name>.text:GrFontGlyphRender</name>
         <load_address>0x6ec6</load_address>
         <run_address>0x6ec6</run_address>
         <size>0x254</size>
         <input_file_ref idref="fl-e3"/>
      </object_component>
      <object_component id="oc-36">
         <name>.text:IntDefaultHandler</name>
         <load_address>0x711a</load_address>
         <run_address>0x711a</run_address>
         <size>0x2</size>
         <input_file_ref idref="fl-4"/>
      </object_component>
      <object_component id="oc-626">
         <name>.text:uvsnprintf</name>
         <load_address>0x711c</load_address>
         <run_address>0x711c</run_address>
         <size>0x251</size>
         <input_file_ref idref="fl-7"/>
      </object_component>
      <object_component id="oc-530">
         <name>.text:CheckBoxPaint</name>
         <load_address>0x736e</load_address>
         <run_address>0x736e</run_address>
         <size>0x20e</size>
         <input_file_ref idref="fl-d9"/>
      </object_component>
      <object_component id="oc-518">
         <name>.text:GrCircleDraw</name>
         <load_address>0x757c</load_address>
         <run_address>0x757c</run_address>
         <size>0x208</size>
         <input_file_ref idref="fl-da"/>
      </object_component>
      <object_component id="oc-433">
         <name>.text:OnIntroPaint</name>
         <load_address>0x7784</load_address>
         <run_address>0x7784</run_address>
         <size>0x208</size>
         <input_file_ref idref="fl-2"/>
      </object_component>
      <object_component id="oc-43b">
         <name>.text:OnPrimitivePaint</name>
         <load_address>0x798c</load_address>
         <run_address>0x798c</run_address>
         <size>0x200</size>
         <input_file_ref idref="fl-2"/>
      </object_component>
      <object_component id="oc-107">
         <name>.text:SysCtlClockFreqSet</name>
         <load_address>0x7b8c</load_address>
         <run_address>0x7b8c</run_address>
         <size>0x200</size>
         <input_file_ref idref="fl-d5"/>
      </object_component>
      <object_component id="oc-5fa">
         <name>.text:RadioButtonPaint</name>
         <load_address>0x7d8c</load_address>
         <run_address>0x7d8c</run_address>
         <size>0x1b6</size>
         <input_file_ref idref="fl-e0"/>
      </object_component>
      <object_component id="oc-42b">
         <name>.text:CanvasPaint</name>
         <load_address>0x7f42</load_address>
         <run_address>0x7f42</run_address>
         <size>0x190</size>
         <input_file_ref idref="fl-d8"/>
      </object_component>
      <object_component id="oc-2ef">
         <name>.text:Kentec320x240x16_SSD2119Flush</name>
         <load_address>0x80d2</load_address>
         <run_address>0x80d2</run_address>
         <size>0x2</size>
         <input_file_ref idref="fl-5"/>
      </object_component>
      <object_component id="oc-86">
         <name>.text:TouchScreenDebouncer</name>
         <load_address>0x80d4</load_address>
         <run_address>0x80d4</run_address>
         <size>0x180</size>
         <input_file_ref idref="fl-6"/>
      </object_component>
      <object_component id="oc-411">
         <name>.text:RectangularButtonPaint</name>
         <load_address>0x8254</load_address>
         <run_address>0x8254</run_address>
         <size>0x17e</size>
         <input_file_ref idref="fl-df"/>
      </object_component>
      <object_component id="oc-558">
         <name>.text:CircularButtonPaint</name>
         <load_address>0x83d2</load_address>
         <run_address>0x83d2</run_address>
         <size>0x16e</size>
         <input_file_ref idref="fl-df"/>
      </object_component>
      <object_component id="oc-54e">
         <name>.text:ContainerPaint</name>
         <load_address>0x8540</load_address>
         <run_address>0x8540</run_address>
         <size>0x154</size>
         <input_file_ref idref="fl-db"/>
      </object_component>
      <object_component id="oc-2d1">
         <name>.text:Kentec320x240x16_SSD2119PixelDrawMultiple</name>
         <load_address>0x8694</load_address>
         <run_address>0x8694</run_address>
         <size>0x14a</size>
         <input_file_ref idref="fl-5"/>
      </object_component>
      <object_component id="oc-512">
         <name>.text:GrCircleFill</name>
         <load_address>0x87de</load_address>
         <run_address>0x87de</run_address>
         <size>0x144</size>
         <input_file_ref idref="fl-da"/>
      </object_component>
      <object_component id="oc-2a">
         <name>.text:NmiSR</name>
         <load_address>0x8922</load_address>
         <run_address>0x8922</run_address>
         <size>0x2</size>
         <input_file_ref idref="fl-4"/>
      </object_component>
      <object_component id="oc-c1">
         <name>.text:main</name>
         <load_address>0x8924</load_address>
         <run_address>0x8924</run_address>
         <size>0x13c</size>
         <input_file_ref idref="fl-2"/>
      </object_component>
      <object_component id="oc-3e1">
         <name>.text:GPIOPadConfigSet</name>
         <load_address>0x8a60</load_address>
         <run_address>0x8a60</run_address>
         <size>0x132</size>
         <input_file_ref idref="fl-d2"/>
      </object_component>
      <object_component id="oc-685">
         <name>.text</name>
         <load_address>0x8b92</load_address>
         <run_address>0x8b92</run_address>
         <size>0x2</size>
         <input_file_ref idref="fl-c8"/>
      </object_component>
      <object_component id="oc-3c">
         <name>.text:TouchScreenIntHandler</name>
         <load_address>0x8b94</load_address>
         <run_address>0x8b94</run_address>
         <size>0x130</size>
         <input_file_ref idref="fl-6"/>
      </object_component>
      <object_component id="oc-2e3">
         <name>.text:Kentec320x240x16_SSD2119RectFill</name>
         <load_address>0x8cc4</load_address>
         <run_address>0x8cc4</run_address>
         <size>0x124</size>
         <input_file_ref idref="fl-5"/>
      </object_component>
      <object_component id="oc-13d">
         <name>.text:TouchScreenInit</name>
         <load_address>0x8de8</load_address>
         <run_address>0x8de8</run_address>
         <size>0x114</size>
         <input_file_ref idref="fl-6"/>
      </object_component>
      <object_component id="oc-50c">
         <name>.text:GrLineDraw</name>
         <load_address>0x8efc</load_address>
         <run_address>0x8efc</run_address>
         <size>0x106</size>
         <input_file_ref idref="fl-de"/>
      </object_component>
      <object_component id="oc-417">
         <name>.text:RectangularButtonClick</name>
         <load_address>0x9002</load_address>
         <run_address>0x9002</run_address>
         <size>0xf2</size>
         <input_file_ref idref="fl-df"/>
      </object_component>
      <object_component id="oc-14f">
         <name>.text:WidgetMessageQueueAdd</name>
         <load_address>0x90f4</load_address>
         <run_address>0x90f4</run_address>
         <size>0xe8</size>
         <input_file_ref idref="fl-e4"/>
      </object_component>
      <object_component id="oc-2d7">
         <name>.text:Kentec320x240x16_SSD2119LineDrawH</name>
         <load_address>0x91dc</load_address>
         <run_address>0x91dc</run_address>
         <size>0xd8</size>
         <input_file_ref idref="fl-5"/>
      </object_component>
      <object_component id="oc-580">
         <name>.text:SliderClick</name>
         <load_address>0x92b4</load_address>
         <run_address>0x92b4</run_address>
         <size>0xd6</size>
         <input_file_ref idref="fl-e2"/>
      </object_component>
      <object_component id="oc-55e">
         <name>.text:CircularButtonClick</name>
         <load_address>0x938a</load_address>
         <run_address>0x938a</run_address>
         <size>0xd4</size>
         <input_file_ref idref="fl-df"/>
      </object_component>
      <object_component id="oc-22d">
         <name>.text:GrDefaultStringRenderer</name>
         <load_address>0x945e</load_address>
         <run_address>0x945e</run_address>
         <size>0xc0</size>
         <input_file_ref idref="fl-e3"/>
      </object_component>
      <object_component id="oc-5bf">
         <name>.text:GrLineClip</name>
         <load_address>0x951e</load_address>
         <run_address>0x951e</run_address>
         <size>0xb8</size>
         <input_file_ref idref="fl-de"/>
      </object_component>
      <object_component id="oc-206">
         <name>.text:InitSPILCDInterface</name>
         <load_address>0x95d8</load_address>
         <run_address>0x95d8</run_address>
         <size>0xb8</size>
         <input_file_ref idref="fl-5"/>
      </object_component>
      <object_component id="oc-328">
         <name>.text:OnNext</name>
         <load_address>0x9690</load_address>
         <run_address>0x9690</run_address>
         <size>0xb8</size>
         <input_file_ref idref="fl-2"/>
      </object_component>
      <object_component id="oc-318">
         <name>.text:OnPrevious</name>
         <load_address>0x9748</load_address>
         <run_address>0x9748</run_address>
         <size>0xb8</size>
         <input_file_ref idref="fl-2"/>
      </object_component>
      <object_component id="oc-2c4">
         <name>.text:WidgetMessageSendPostOrder</name>
         <load_address>0x9800</load_address>
         <run_address>0x9800</run_address>
         <size>0xb4</size>
         <input_file_ref idref="fl-e4"/>
      </object_component>
      <object_component id="oc-611">
         <name>.text:SliderValueToPosition</name>
         <load_address>0x98b4</load_address>
         <run_address>0x98b4</run_address>
         <size>0xb0</size>
         <input_file_ref idref="fl-e2"/>
      </object_component>
      <object_component id="oc-2dd">
         <name>.text:Kentec320x240x16_SSD2119LineDrawV</name>
         <load_address>0x9964</load_address>
         <run_address>0x9964</run_address>
         <size>0xa4</size>
         <input_file_ref idref="fl-5"/>
      </object_component>
      <object_component id="oc-50">
         <name>.text</name>
         <load_address>0x9a08</load_address>
         <run_address>0x9a08</run_address>
         <size>0x9c</size>
         <input_file_ref idref="fl-c9"/>
      </object_component>
      <object_component id="oc-600">
         <name>.text:RadioButtonClick</name>
         <load_address>0x9aa4</load_address>
         <run_address>0x9aa4</run_address>
         <size>0x90</size>
         <input_file_ref idref="fl-e0"/>
      </object_component>
      <object_component id="oc-489">
         <name>.text:OnSliderChange</name>
         <load_address>0x9b34</load_address>
         <run_address>0x9b34</run_address>
         <size>0x8c</size>
         <input_file_ref idref="fl-2"/>
      </object_component>
      <object_component id="oc-5d5">
         <name>.text:OnCanvasPaint</name>
         <load_address>0x9bc0</load_address>
         <run_address>0x9bc0</run_address>
         <size>0x88</size>
         <input_file_ref idref="fl-2"/>
      </object_component>
      <object_component id="oc-119">
         <name>.text:GrRectFill</name>
         <load_address>0x9c48</load_address>
         <run_address>0x9c48</run_address>
         <size>0x86</size>
         <input_file_ref idref="fl-e1"/>
      </object_component>
      <object_component id="oc-60b">
         <name>.text:GrRectIntersectGet</name>
         <load_address>0x9cce</load_address>
         <run_address>0x9cce</run_address>
         <size>0x80</size>
         <input_file_ref idref="fl-e1"/>
      </object_component>
      <object_component id="oc-2cb">
         <name>.text:Kentec320x240x16_SSD2119PixelDraw</name>
         <load_address>0x9d50</load_address>
         <run_address>0x9d50</run_address>
         <size>0x7c</size>
         <input_file_ref idref="fl-5"/>
      </object_component>
      <object_component id="oc-278">
         <name>.text:ADCSequenceStepConfigure</name>
         <load_address>0x9dcc</load_address>
         <run_address>0x9dcc</run_address>
         <size>0x7a</size>
         <input_file_ref idref="fl-d1"/>
      </object_component>
      <object_component id="oc-56d">
         <name>.text:OnRadioChange</name>
         <load_address>0x9e48</load_address>
         <run_address>0x9e48</run_address>
         <size>0x6c</size>
         <input_file_ref idref="fl-2"/>
      </object_component>
      <object_component id="oc-113">
         <name>.text:GrContextInit</name>
         <load_address>0x9eb4</load_address>
         <run_address>0x9eb4</run_address>
         <size>0x68</size>
         <input_file_ref idref="fl-dc"/>
      </object_component>
      <object_component id="oc-12b">
         <name>.text:GrStringWidthGet</name>
         <load_address>0x9f1c</load_address>
         <run_address>0x9f1c</run_address>
         <size>0x68</size>
         <input_file_ref idref="fl-e3"/>
      </object_component>
      <object_component id="oc-28a">
         <name>.text:IntEnable</name>
         <load_address>0x9f84</load_address>
         <run_address>0x9f84</run_address>
         <size>0x68</size>
         <input_file_ref idref="fl-d3"/>
      </object_component>
      <object_component id="oc-12">
         <name>.text:decompress:lzss:__TI_decompress_lzss</name>
         <load_address>0x9fec</load_address>
         <run_address>0x9fec</run_address>
         <size>0x68</size>
         <input_file_ref idref="fl-c6"/>
      </object_component>
      <object_component id="oc-4ec">
         <name>.text:GrContextClipRegionSet</name>
         <load_address>0xa054</load_address>
         <run_address>0xa054</run_address>
         <size>0x66</size>
         <input_file_ref idref="fl-dc"/>
      </object_component>
      <object_component id="oc-11f">
         <name>.text:GrRectDraw</name>
         <load_address>0xa0ba</load_address>
         <run_address>0xa0ba</run_address>
         <size>0x66</size>
         <input_file_ref idref="fl-e1"/>
      </object_component>
      <object_component id="oc-46a">
         <name>.text:OnButtonPress</name>
         <load_address>0xa120</load_address>
         <run_address>0xa120</run_address>
         <size>0x64</size>
         <input_file_ref idref="fl-2"/>
      </object_component>
      <object_component id="oc-155">
         <name>.text:WidgetMessageQueueProcess</name>
         <load_address>0xa184</load_address>
         <run_address>0xa184</run_address>
         <size>0x64</size>
         <input_file_ref idref="fl-e4"/>
      </object_component>
      <object_component id="oc-296">
         <name>.text:TimerConfigure</name>
         <load_address>0xa1e8</load_address>
         <run_address>0xa1e8</run_address>
         <size>0x60</size>
         <input_file_ref idref="fl-d6"/>
      </object_component>
      <object_component id="oc-2be">
         <name>.text:WidgetMessageSendPreOrder</name>
         <load_address>0xa248</load_address>
         <run_address>0xa248</run_address>
         <size>0x5e</size>
         <input_file_ref idref="fl-e4"/>
      </object_component>
      <object_component id="oc-3c7">
         <name>.text:FontWideGlyphDataGet</name>
         <load_address>0xa2a6</load_address>
         <run_address>0xa2a6</run_address>
         <size>0x5a</size>
         <input_file_ref idref="fl-e3"/>
      </object_component>
      <object_component id="oc-618">
         <name>.text:SliderPositionToValue</name>
         <load_address>0xa300</load_address>
         <run_address>0xa300</run_address>
         <size>0x58</size>
         <input_file_ref idref="fl-e2"/>
      </object_component>
      <object_component id="oc-2a2">
         <name>.text:TimerControlTrigger</name>
         <load_address>0xa358</load_address>
         <run_address>0xa358</run_address>
         <size>0x58</size>
         <input_file_ref idref="fl-d6"/>
      </object_component>
      <object_component id="oc-272">
         <name>.text:ADCSequenceConfigure</name>
         <load_address>0xa3b0</load_address>
         <run_address>0xa3b0</run_address>
         <size>0x50</size>
         <input_file_ref idref="fl-d1"/>
      </object_component>
      <object_component id="oc-536">
         <name>.text:CheckBoxClick</name>
         <load_address>0xa400</load_address>
         <run_address>0xa400</run_address>
         <size>0x50</size>
         <input_file_ref idref="fl-d9"/>
      </object_component>
      <object_component id="oc-451">
         <name>.text:OnCheckChange</name>
         <load_address>0xa450</load_address>
         <run_address>0xa450</run_address>
         <size>0x50</size>
         <input_file_ref idref="fl-2"/>
      </object_component>
      <object_component id="oc-424">
         <name>.text:WidgetRemove</name>
         <load_address>0xa4a0</load_address>
         <run_address>0xa4a0</run_address>
         <size>0x4c</size>
         <input_file_ref idref="fl-e4"/>
      </object_component>
      <object_component id="oc-213">
         <name>.text:WriteCommandSPI</name>
         <load_address>0xa4ec</load_address>
         <run_address>0xa4ec</run_address>
         <size>0x4c</size>
         <input_file_ref idref="fl-5"/>
      </object_component>
      <object_component id="oc-219">
         <name>.text:WriteDataSPI</name>
         <load_address>0xa538</load_address>
         <run_address>0xa538</run_address>
         <size>0x4c</size>
         <input_file_ref idref="fl-5"/>
      </object_component>
      <object_component id="oc-24e">
         <name>.text:UpdateContextCharMapping</name>
         <load_address>0xa584</load_address>
         <run_address>0xa584</run_address>
         <size>0x4a</size>
         <input_file_ref idref="fl-e3"/>
      </object_component>
      <object_component id="oc-37e">
         <name>.text:GPIOPinConfigure</name>
         <load_address>0xa5d0</load_address>
         <run_address>0xa5d0</run_address>
         <size>0x48</size>
         <input_file_ref idref="fl-d2"/>
      </object_component>
      <object_component id="oc-1f0">
         <name>.text:_SysCtlFrequencyGet</name>
         <load_address>0xa618</load_address>
         <run_address>0xa618</run_address>
         <size>0x48</size>
         <input_file_ref idref="fl-d5"/>
      </object_component>
      <object_component id="oc-241">
         <name>.text:GrLineDrawH</name>
         <load_address>0xa660</load_address>
         <run_address>0xa660</run_address>
         <size>0x46</size>
         <input_file_ref idref="fl-de"/>
      </object_component>
      <object_component id="oc-247">
         <name>.text:GrLineDrawV</name>
         <load_address>0xa6a6</load_address>
         <run_address>0xa6a6</run_address>
         <size>0x46</size>
         <input_file_ref idref="fl-de"/>
      </object_component>
      <object_component id="oc-188">
         <name>.text:__TI_auto_init_nobinit_nopinit:__TI_auto_init_nobinit_nopinit</name>
         <load_address>0xa6ec</load_address>
         <run_address>0xa6ec</run_address>
         <size>0x44</size>
         <input_file_ref idref="fl-cb"/>
      </object_component>
      <object_component id="oc-66e">
         <name>.text</name>
         <load_address>0xa730</load_address>
         <run_address>0xa730</run_address>
         <size>0x40</size>
         <input_file_ref idref="fl-c3"/>
      </object_component>
      <object_component id="oc-38a">
         <name>.text:SSIConfigSetExpClk</name>
         <load_address>0xa770</load_address>
         <run_address>0xa770</run_address>
         <size>0x3c</size>
         <input_file_ref idref="fl-d4"/>
      </object_component>
      <object_component id="oc-3cd">
         <name>.text:FontGlyphDataGet</name>
         <load_address>0xa7ac</load_address>
         <run_address>0xa7ac</run_address>
         <size>0x3a</size>
         <input_file_ref idref="fl-e3"/>
      </object_component>
      <object_component id="oc-65f">
         <name>.text:GrRectOverlapCheck</name>
         <load_address>0xa7e6</load_address>
         <run_address>0xa7e6</run_address>
         <size>0x38</size>
         <input_file_ref idref="fl-e1"/>
      </object_component>
      <object_component id="oc-641">
         <name>.text:GrClipCodeGet</name>
         <load_address>0xa81e</load_address>
         <run_address>0xa81e</run_address>
         <size>0x36</size>
         <input_file_ref idref="fl-de"/>
      </object_component>
      <object_component id="oc-26c">
         <name>.text:SysCtlPeripheralEnable</name>
         <load_address>0xa854</load_address>
         <run_address>0xa854</run_address>
         <size>0x34</size>
         <input_file_ref idref="fl-d5"/>
      </object_component>
      <object_component id="oc-6e">
         <name>.text:_c_int00_noargs:_c_int00_noargs</name>
         <load_address>0xa888</load_address>
         <run_address>0xa888</run_address>
         <size>0x34</size>
         <input_file_ref idref="fl-c7"/>
      </object_component>
      <object_component id="oc-44b">
         <name>.text:CheckBoxMsgProc</name>
         <load_address>0xa8bc</load_address>
         <run_address>0xa8bc</run_address>
         <size>0x2e</size>
         <input_file_ref idref="fl-d9"/>
      </object_component>
      <object_component id="oc-257">
         <name>.text:GrStringNextCharGet</name>
         <load_address>0xa8ea</load_address>
         <run_address>0xa8ea</run_address>
         <size>0x2e</size>
         <input_file_ref idref="fl-e3"/>
      </object_component>
      <object_component id="oc-567">
         <name>.text:RadioButtonMsgProc</name>
         <load_address>0xa918</load_address>
         <run_address>0xa918</run_address>
         <size>0x2e</size>
         <input_file_ref idref="fl-e0"/>
      </object_component>
      <object_component id="oc-470">
         <name>.text:CircularButtonMsgProc</name>
         <load_address>0xa946</load_address>
         <run_address>0xa946</run_address>
         <size>0x2c</size>
         <input_file_ref idref="fl-df"/>
      </object_component>
      <object_component id="oc-131">
         <name>.text:GrFontBaselineGet</name>
         <load_address>0xa972</load_address>
         <run_address>0xa972</run_address>
         <size>0x2c</size>
         <input_file_ref idref="fl-e3"/>
      </object_component>
      <object_component id="oc-504">
         <name>.text:GrFontHeightGet</name>
         <load_address>0xa99e</load_address>
         <run_address>0xa99e</run_address>
         <size>0x2c</size>
         <input_file_ref idref="fl-e3"/>
      </object_component>
      <object_component id="oc-30b">
         <name>.text:RectangularButtonMsgProc</name>
         <load_address>0xa9ca</load_address>
         <run_address>0xa9ca</run_address>
         <size>0x2c</size>
         <input_file_ref idref="fl-df"/>
      </object_component>
      <object_component id="oc-483">
         <name>.text:SliderMsgProc</name>
         <load_address>0xa9f6</load_address>
         <run_address>0xa9f6</run_address>
         <size>0x2c</size>
         <input_file_ref idref="fl-e2"/>
      </object_component>
      <object_component id="oc-3fe">
         <name>.text:WidgetIsInTree</name>
         <load_address>0xaa22</load_address>
         <run_address>0xaa22</run_address>
         <size>0x2c</size>
         <input_file_ref idref="fl-e4"/>
      </object_component>
      <object_component id="oc-3e7">
         <name>.text:GPIODirModeSet</name>
         <load_address>0xaa4e</load_address>
         <run_address>0xaa4e</run_address>
         <size>0x2a</size>
         <input_file_ref idref="fl-d2"/>
      </object_component>
      <object_component id="oc-668">
         <name>.text:ustrncpy</name>
         <load_address>0xaa78</load_address>
         <run_address>0xaa78</run_address>
         <size>0x2a</size>
         <input_file_ref idref="fl-7"/>
      </object_component>
      <object_component id="oc-263">
         <name>.text:GrFontInfoGet</name>
         <load_address>0xaaa2</load_address>
         <run_address>0xaaa2</run_address>
         <size>0x26</size>
         <input_file_ref idref="fl-e3"/>
      </object_component>
      <object_component id="oc-25d">
         <name>.text:GrFontGlyphDataGet</name>
         <load_address>0xaac8</load_address>
         <run_address>0xaac8</run_address>
         <size>0x22</size>
         <input_file_ref idref="fl-e3"/>
      </object_component>
      <object_component id="oc-1ea">
         <name>.text:_SysCtlMemTimingGet</name>
         <load_address>0xaaec</load_address>
         <run_address>0xaaec</run_address>
         <size>0x20</size>
         <input_file_ref idref="fl-d5"/>
      </object_component>
      <object_component id="oc-588">
         <name>.text:usprintf</name>
         <load_address>0xab0c</load_address>
         <run_address>0xab0c</run_address>
         <size>0x20</size>
         <input_file_ref idref="fl-7"/>
      </object_component>
      <object_component id="oc-3bd">
         <name>.text:GrFontCodepageGet</name>
         <load_address>0xab2c</load_address>
         <run_address>0xab2c</run_address>
         <size>0x1e</size>
         <input_file_ref idref="fl-e3"/>
      </object_component>
      <object_component id="oc-149">
         <name>.text:WidgetAdd</name>
         <load_address>0xab4a</load_address>
         <run_address>0xab4a</run_address>
         <size>0x1e</size>
         <input_file_ref idref="fl-e4"/>
      </object_component>
      <object_component id="oc-162">
         <name>.text:WidgetPointerMessage</name>
         <load_address>0xab68</load_address>
         <run_address>0xab68</run_address>
         <size>0x1c</size>
         <input_file_ref idref="fl-e4"/>
      </object_component>
      <object_component id="oc-290">
         <name>.text:GPIOPinTypeGPIOOutput</name>
         <load_address>0xab84</load_address>
         <run_address>0xab84</run_address>
         <size>0x18</size>
         <input_file_ref idref="fl-d2"/>
      </object_component>
      <object_component id="oc-137">
         <name>.text:GrStringDraw</name>
         <load_address>0xab9c</load_address>
         <run_address>0xab9c</run_address>
         <size>0x16</size>
         <input_file_ref idref="fl-e3"/>
      </object_component>
      <object_component id="oc-2e9">
         <name>.text:Kentec320x240x16_SSD2119ColorTranslate</name>
         <load_address>0xabb2</load_address>
         <run_address>0xabb2</run_address>
         <size>0x16</size>
         <input_file_ref idref="fl-5"/>
      </object_component>
      <object_component id="oc-320">
         <name>.text:CanvasMsgProc</name>
         <load_address>0xabc8</load_address>
         <run_address>0xabc8</run_address>
         <size>0x14</size>
         <input_file_ref idref="fl-d8"/>
      </object_component>
      <object_component id="oc-462">
         <name>.text:ContainerMsgProc</name>
         <load_address>0xabdc</load_address>
         <run_address>0xabdc</run_address>
         <size>0x14</size>
         <input_file_ref idref="fl-db"/>
      </object_component>
      <object_component id="oc-2b3">
         <name>.text:WidgetMutexGet</name>
         <load_address>0xabf0</load_address>
         <run_address>0xabf0</run_address>
         <size>0x14</size>
         <input_file_ref idref="fl-e4"/>
      </object_component>
      <object_component id="oc-384">
         <name>.text:GPIOPinTypeSSI</name>
         <load_address>0xac04</load_address>
         <run_address>0xac04</run_address>
         <size>0x12</size>
         <input_file_ref idref="fl-d2"/>
      </object_component>
      <object_component id="oc-396">
         <name>.text:SSIDataGetNonBlocking</name>
         <load_address>0xac16</load_address>
         <run_address>0xac16</run_address>
         <size>0x12</size>
         <input_file_ref idref="fl-d4"/>
      </object_component>
      <object_component id="oc-29c">
         <name>.text:TimerLoadSet</name>
         <load_address>0xac28</load_address>
         <run_address>0xac28</run_address>
         <size>0x12</size>
         <input_file_ref idref="fl-d6"/>
      </object_component>
      <object_component id="oc-5c">
         <name>.text:decompress:ZI:__TI_zero_init_nomemset:__TI_zero_init_nomemset</name>
         <load_address>0xac3a</load_address>
         <run_address>0xac3a</run_address>
         <size>0x12</size>
         <input_file_ref idref="fl-c4"/>
      </object_component>
      <object_component id="oc-284">
         <name>.text:ADCIntEnable</name>
         <load_address>0xac4c</load_address>
         <run_address>0xac4c</run_address>
         <size>0x10</size>
         <input_file_ref idref="fl-d1"/>
      </object_component>
      <object_component id="oc-27e">
         <name>.text:ADCSequenceEnable</name>
         <load_address>0xac5c</load_address>
         <run_address>0xac5c</run_address>
         <size>0xe</size>
         <input_file_ref idref="fl-d1"/>
      </object_component>
      <object_component id="oc-4f2">
         <name>.text:GrImageDraw</name>
         <load_address>0xac6a</load_address>
         <run_address>0xac6a</run_address>
         <size>0xe</size>
         <input_file_ref idref="fl-dd"/>
      </object_component>
      <object_component id="oc-2a8">
         <name>.text:TimerEnable</name>
         <load_address>0xac78</load_address>
         <run_address>0xac78</run_address>
         <size>0xe</size>
         <input_file_ref idref="fl-d6"/>
      </object_component>
      <object_component id="oc-18">
         <name>.text:decompress:none:__TI_decompress_none</name>
         <load_address>0xac86</load_address>
         <run_address>0xac86</run_address>
         <size>0xe</size>
         <input_file_ref idref="fl-c5"/>
      </object_component>
      <object_component id="oc-143">
         <name>.text:TouchScreenCallbackSet</name>
         <load_address>0xac94</load_address>
         <run_address>0xac94</run_address>
         <size>0xc</size>
         <input_file_ref idref="fl-6"/>
      </object_component>
      <object_component id="oc-21f">
         <name>.text:SSIDataPut</name>
         <load_address>0xaca0</load_address>
         <run_address>0xaca0</run_address>
         <size>0xa</size>
         <input_file_ref idref="fl-d4"/>
      </object_component>
      <object_component id="oc-390">
         <name>.text:SSIEnable</name>
         <load_address>0xacaa</load_address>
         <run_address>0xacaa</run_address>
         <size>0xa</size>
         <input_file_ref idref="fl-d4"/>
      </object_component>
      <object_component id="oc-3ad">
         <name>.text:GrMapISO8859_1_Unicode</name>
         <load_address>0xacb4</load_address>
         <run_address>0xacb4</run_address>
         <size>0x8</size>
         <input_file_ref idref="fl-eb"/>
      </object_component>
      <object_component id="oc-225">
         <name>.text:SSIBusy</name>
         <load_address>0xacbc</load_address>
         <run_address>0xacbc</run_address>
         <size>0x8</size>
         <input_file_ref idref="fl-d4"/>
      </object_component>
      <object_component id="oc-20c">
         <name>.text:GPIOPinWrite</name>
         <load_address>0xacc4</load_address>
         <run_address>0xacc4</run_address>
         <size>0x6</size>
         <input_file_ref idref="fl-d2"/>
      </object_component>
      <object_component id="oc-125">
         <name>.text:GrContextFontSet</name>
         <load_address>0xacca</load_address>
         <run_address>0xacca</run_address>
         <size>0x6</size>
         <input_file_ref idref="fl-e3"/>
      </object_component>
      <object_component id="oc-24">
         <name>.text:ResetISR</name>
         <load_address>0xacd0</load_address>
         <run_address>0xacd0</run_address>
         <size>0x6</size>
         <input_file_ref idref="fl-4"/>
      </object_component>
      <object_component id="oc-212">
         <name>.text:SysCtlDelay</name>
         <load_address>0xacd6</load_address>
         <run_address>0xacd6</run_address>
         <size>0x6</size>
         <input_file_ref idref="fl-d5"/>
      </object_component>
      <object_component id="oc-2b4">
         <name>.text:WidgetMutexPut</name>
         <load_address>0xacdc</load_address>
         <run_address>0xacdc</run_address>
         <size>0x6</size>
         <input_file_ref idref="fl-e4"/>
      </object_component>
      <object_component id="oc-2fe">
         <name>.text:WidgetDefaultMsgProc</name>
         <load_address>0xace2</load_address>
         <run_address>0xace2</run_address>
         <size>0x4</size>
         <input_file_ref idref="fl-e4"/>
      </object_component>
      <object_component id="oc-bb">
         <name>.text:_system_pre_init</name>
         <load_address>0xace6</load_address>
         <run_address>0xace6</run_address>
         <size>0x4</size>
         <input_file_ref idref="fl-cc"/>
      </object_component>
      <object_component id="oc-17c">
         <name>.text:abort:abort</name>
         <load_address>0xacea</load_address>
         <run_address>0xacea</run_address>
         <size>0x4</size>
         <input_file_ref idref="fl-ce"/>
      </object_component>
      <object_component id="oc-5cf">
         <name>.const:.string:g_pui8Cm24Data</name>
         <load_address>0x200</load_address>
         <run_address>0x200</run_address>
         <size>0xa60</size>
         <input_file_ref idref="fl-ea"/>
      </object_component>
      <object_component id="oc-52a">
         <name>.const:.string:g_pui8Cm22Data</name>
         <load_address>0xc60</load_address>
         <run_address>0xc60</run_address>
         <size>0x960</size>
         <input_file_ref idref="fl-e9"/>
      </object_component>
      <object_component id="oc-2f7">
         <name>.const:.string:g_pui8Cm20Data</name>
         <load_address>0x15c0</load_address>
         <run_address>0x15c0</run_address>
         <size>0x95e</size>
         <input_file_ref idref="fl-e8"/>
      </object_component>
      <object_component id="oc-591">
         <name>.const:.string:g_pui8Cm18Data</name>
         <load_address>0x1f1e</load_address>
         <run_address>0x1f1e</run_address>
         <size>0x86e</size>
         <input_file_ref idref="fl-e7"/>
      </object_component>
      <object_component id="oc-49b">
         <name>.const:.string:g_pui8RedSlider195x37</name>
         <load_address>0x278c</load_address>
         <run_address>0x278c</run_address>
         <size>0x83d</size>
         <input_file_ref idref="fl-3"/>
      </object_component>
      <object_component id="oc-498">
         <name>.const:.string:g_pui8GreenSlider195x37</name>
         <load_address>0x2fc9</load_address>
         <run_address>0x2fc9</run_address>
         <size>0x826</size>
         <input_file_ref idref="fl-3"/>
      </object_component>
      <object_component id="oc-492">
         <name>.const:.string:g_pui8GettingHotter28x148</name>
         <load_address>0x37ef</load_address>
         <run_address>0x37ef</run_address>
         <size>0x705</size>
         <input_file_ref idref="fl-3"/>
      </object_component>
      <object_component id="oc-5c9">
         <name>.const:.string:g_pui8Cm14Data</name>
         <load_address>0x3ef4</load_address>
         <run_address>0x3ef4</run_address>
         <size>0x65a</size>
         <input_file_ref idref="fl-e6"/>
      </object_component>
      <object_component id="oc-67d">
         <name>.const:.string:g_pui8Cm12Data</name>
         <load_address>0x454e</load_address>
         <run_address>0x454e</run_address>
         <size>0x55f</size>
         <input_file_ref idref="fl-e5"/>
      </object_component>
      <object_component id="oc-495">
         <name>.const:.string:g_pui8GettingHotter28x148Mono</name>
         <load_address>0x4aad</load_address>
         <run_address>0x4aad</run_address>
         <size>0x3ad</size>
         <input_file_ref idref="fl-3"/>
      </object_component>
      <object_component id="oc-457">
         <name>.const:.string:g_pui8Logo</name>
         <load_address>0x4e5a</load_address>
         <run_address>0x4e5a</run_address>
         <size>0x230</size>
         <input_file_ref idref="fl-3"/>
      </object_component>
      <object_component id="oc-312">
         <name>.const:.string:g_pui8Blue50x50</name>
         <load_address>0x508a</load_address>
         <run_address>0x508a</run_address>
         <size>0x210</size>
         <input_file_ref idref="fl-3"/>
      </object_component>
      <object_component id="oc-315">
         <name>.const:.string:g_pui8Blue50x50Press</name>
         <load_address>0x529a</load_address>
         <run_address>0x529a</run_address>
         <size>0x20e</size>
         <input_file_ref idref="fl-3"/>
      </object_component>
      <object_component id="oc-1f9">
         <name>.const:g_pppui32XTALtoVCO</name>
         <load_address>0x54a8</load_address>
         <run_address>0x54a8</run_address>
         <size>0x1b0</size>
         <input_file_ref idref="fl-d5"/>
      </object_component>
      <object_component id="oc-311">
         <name>.const:.string</name>
         <load_address>0x5658</load_address>
         <run_address>0x5658</run_address>
         <size>0x17a</size>
         <input_file_ref idref="fl-2"/>
      </object_component>
      <object_component id="oc-541">
         <name>.const:.string:g_pui8LightOff</name>
         <load_address>0x57d2</load_address>
         <run_address>0x57d2</run_address>
         <size>0xf5</size>
         <input_file_ref idref="fl-3"/>
      </object_component>
      <object_component id="oc-53e">
         <name>.const:.string:g_pui8LightOn</name>
         <load_address>0x58c7</load_address>
         <run_address>0x58c7</run_address>
         <size>0xe6</size>
         <input_file_ref idref="fl-3"/>
      </object_component>
      <object_component id="oc-652">
         <name>.const:g_sFontCm12</name>
         <load_address>0x59b0</load_address>
         <run_address>0x59b0</run_address>
         <size>0xc8</size>
         <input_file_ref idref="fl-e5"/>
      </object_component>
      <object_component id="oc-51e">
         <name>.const:g_sFontCm14</name>
         <load_address>0x5a78</load_address>
         <run_address>0x5a78</run_address>
         <size>0xc8</size>
         <input_file_ref idref="fl-e6"/>
      </object_component>
      <object_component id="oc-48f">
         <name>.const:g_sFontCm18</name>
         <load_address>0x5b40</load_address>
         <run_address>0x5b40</run_address>
         <size>0xc8</size>
         <input_file_ref idref="fl-e7"/>
      </object_component>
      <object_component id="oc-15f">
         <name>.const:g_sFontCm20</name>
         <load_address>0x5c08</load_address>
         <run_address>0x5c08</run_address>
         <size>0xc8</size>
         <input_file_ref idref="fl-e8"/>
      </object_component>
      <object_component id="oc-446">
         <name>.const:g_sFontCm22</name>
         <load_address>0x5cd0</load_address>
         <run_address>0x5cd0</run_address>
         <size>0xc8</size>
         <input_file_ref idref="fl-e9"/>
      </object_component>
      <object_component id="oc-521">
         <name>.const:g_sFontCm24</name>
         <load_address>0x5d98</load_address>
         <run_address>0x5d98</run_address>
         <size>0xc8</size>
         <input_file_ref idref="fl-ea"/>
      </object_component>
      <object_component id="oc-4c6">
         <name>.const:g_pui32GPIOBaseAddrs</name>
         <load_address>0x5e60</load_address>
         <run_address>0x5e60</run_address>
         <size>0x90</size>
         <input_file_ref idref="fl-d2"/>
      </object_component>
      <object_component id="oc-3dc">
         <name>.const</name>
         <load_address>0x5ef0</load_address>
         <run_address>0x5ef0</run_address>
         <size>0x70</size>
         <input_file_ref idref="fl-d3"/>
      </object_component>
      <object_component id="oc-1f6">
         <name>.const:g_pui32Xtals</name>
         <load_address>0x5f60</load_address>
         <run_address>0x5f60</run_address>
         <size>0x6c</size>
         <input_file_ref idref="fl-d5"/>
      </object_component>
      <object_component id="oc-36c">
         <name>.const:g_sXTALtoMEMTIM</name>
         <load_address>0x5fcc</load_address>
         <run_address>0x5fcc</run_address>
         <size>0x30</size>
         <input_file_ref idref="fl-d5"/>
      </object_component>
      <object_component id="oc-15c">
         <name>.const:g_sKentec320x240x16_SSD2119</name>
         <load_address>0x5ffc</load_address>
         <run_address>0x5ffc</run_address>
         <size>0x28</size>
         <input_file_ref idref="fl-5"/>
      </object_component>
      <object_component id="oc-d3">
         <name>.const:g_pi32TouchParameters</name>
         <load_address>0x6024</load_address>
         <run_address>0x6024</run_address>
         <size>0x1c</size>
         <input_file_ref idref="fl-6"/>
      </object_component>
      <object_component id="oc-233">
         <name>.const</name>
         <load_address>0x6040</load_address>
         <run_address>0x6040</run_address>
         <size>0x10</size>
         <input_file_ref idref="fl-dc"/>
      </object_component>
      <object_component id="oc-1fc">
         <name>.const</name>
         <load_address>0x6050</load_address>
         <run_address>0x6050</run_address>
         <size>0x8</size>
         <input_file_ref idref="fl-d5"/>
      </object_component>
      <object_component id="oc-6b9">
         <name>.cinit..data.load</name>
         <load_address>0xacf0</load_address>
         <run_address>0xacf0</run_address>
         <size>0x4d2</size>
      </object_component>
      <object_component id="oc-6b7">
         <name>__TI_handler_table</name>
         <load_address>0xb1c4</load_address>
         <run_address>0xb1c4</run_address>
         <size>0xc</size>
      </object_component>
      <object_component id="oc-6ba">
         <name>.cinit..bss.load</name>
         <load_address>0xb1d0</load_address>
         <run_address>0xb1d0</run_address>
         <size>0x8</size>
      </object_component>
      <object_component id="oc-6b8">
         <name>__TI_cinit_table</name>
         <load_address>0xb1d8</load_address>
         <run_address>0xb1d8</run_address>
         <size>0x10</size>
      </object_component>
      <object_component id="oc-330">
         <name>.data:g_sIntroduction</name>
         <load_address>0x20000ed8</load_address>
         <run_address>0x20000ed8</run_address>
         <size>0x40</size>
         <input_file_ref idref="fl-2"/>
      </object_component>
      <object_component id="oc-333">
         <name>.data:g_sPrimitives</name>
         <load_address>0x20000f18</load_address>
         <run_address>0x20000f18</run_address>
         <size>0x40</size>
         <input_file_ref idref="fl-2"/>
      </object_component>
      <object_component id="oc-525">
         <name>.data:g_sCanvas3</name>
         <load_address>0x20000e98</load_address>
         <run_address>0x20000e98</run_address>
         <size>0x40</size>
         <input_file_ref idref="fl-2"/>
      </object_component>
      <object_component id="oc-443">
         <name>.data:g_sCanvas2</name>
         <load_address>0x20000e58</load_address>
         <run_address>0x20000e58</run_address>
         <size>0x40</size>
         <input_file_ref idref="fl-2"/>
      </object_component>
      <object_component id="oc-336">
         <name>.data:g_sCanvas1</name>
         <load_address>0x20000e18</load_address>
         <run_address>0x20000e18</run_address>
         <size>0x40</size>
         <input_file_ref idref="fl-2"/>
      </object_component>
      <object_component id="oc-45a">
         <name>.data:g_psCheckBoxIndicators</name>
         <load_address>0x20000a08</load_address>
         <run_address>0x20000a08</run_address>
         <size>0xc0</size>
         <input_file_ref idref="fl-2"/>
      </object_component>
      <object_component id="oc-339">
         <name>.data:g_psCheckBoxes</name>
         <load_address>0x20000ac8</load_address>
         <run_address>0x20000ac8</run_address>
         <size>0xc0</size>
         <input_file_ref idref="fl-2"/>
      </object_component>
      <object_component id="oc-549">
         <name>.data:g_sContainer3</name>
         <load_address>0x20001048</load_address>
         <run_address>0x20001048</run_address>
         <size>0x38</size>
         <input_file_ref idref="fl-2"/>
      </object_component>
      <object_component id="oc-45f">
         <name>.data:g_sContainer2</name>
         <load_address>0x20001010</load_address>
         <run_address>0x20001010</run_address>
         <size>0x38</size>
         <input_file_ref idref="fl-2"/>
      </object_component>
      <object_component id="oc-33c">
         <name>.data:g_sContainer1</name>
         <load_address>0x20000fd8</load_address>
         <run_address>0x20000fd8</run_address>
         <size>0x38</size>
         <input_file_ref idref="fl-2"/>
      </object_component>
      <object_component id="oc-476">
         <name>.data:g_psPushButtonIndicators</name>
         <load_address>0x20000000</load_address>
         <run_address>0x20000000</run_address>
         <size>0x280</size>
         <input_file_ref idref="fl-2"/>
      </object_component>
      <object_component id="oc-33f">
         <name>.data:g_psPushButtons</name>
         <load_address>0x200006a8</load_address>
         <run_address>0x200006a8</run_address>
         <size>0x1e0</size>
         <input_file_ref idref="fl-2"/>
      </object_component>
      <object_component id="oc-573">
         <name>.data:g_psRadioButtonIndicators</name>
         <load_address>0x20000888</load_address>
         <run_address>0x20000888</run_address>
         <size>0x180</size>
         <input_file_ref idref="fl-2"/>
      </object_component>
      <object_component id="oc-47b">
         <name>.data:g_psRadioButtons1</name>
         <load_address>0x20000b88</load_address>
         <run_address>0x20000b88</run_address>
         <size>0xc0</size>
         <input_file_ref idref="fl-2"/>
      </object_component>
      <object_component id="oc-47e">
         <name>.data:g_psRadioButtons2</name>
         <load_address>0x20000c48</load_address>
         <run_address>0x20000c48</run_address>
         <size>0xc0</size>
         <input_file_ref idref="fl-2"/>
      </object_component>
      <object_component id="oc-342">
         <name>.data:g_psRadioContainers</name>
         <load_address>0x20000d08</load_address>
         <run_address>0x20000d08</run_address>
         <size>0x70</size>
         <input_file_ref idref="fl-2"/>
      </object_component>
      <object_component id="oc-49e">
         <name>.data:g_sSliderValueCanvas</name>
         <load_address>0x20000f58</load_address>
         <run_address>0x20000f58</run_address>
         <size>0x40</size>
         <input_file_ref idref="fl-2"/>
      </object_component>
      <object_component id="oc-345">
         <name>.data:g_psSliders</name>
         <load_address>0x20000280</load_address>
         <run_address>0x20000280</run_address>
         <size>0x228</size>
         <input_file_ref idref="fl-2"/>
      </object_component>
      <object_component id="oc-175">
         <name>.data:g_psPanels</name>
         <load_address>0x200004a8</load_address>
         <run_address>0x200004a8</run_address>
         <size>0x200</size>
         <input_file_ref idref="fl-2"/>
      </object_component>
      <object_component id="oc-178">
         <name>.data:g_pcPanei32Names</name>
         <load_address>0x200010b0</load_address>
         <run_address>0x200010b0</run_address>
         <size>0x24</size>
         <input_file_ref idref="fl-2"/>
      </object_component>
      <object_component id="oc-16b">
         <name>.data:g_sPrevious</name>
         <load_address>0x20000dc8</load_address>
         <run_address>0x20000dc8</run_address>
         <size>0x50</size>
         <input_file_ref idref="fl-2"/>
      </object_component>
      <object_component id="oc-16e">
         <name>.data:g_sTitle</name>
         <load_address>0x20000f98</load_address>
         <run_address>0x20000f98</run_address>
         <size>0x40</size>
         <input_file_ref idref="fl-2"/>
      </object_component>
      <object_component id="oc-171">
         <name>.data:g_sNext</name>
         <load_address>0x20000d78</load_address>
         <run_address>0x20000d78</run_address>
         <size>0x50</size>
         <input_file_ref idref="fl-2"/>
      </object_component>
      <object_component id="oc-d6">
         <name>.data</name>
         <load_address>0x200010d4</load_address>
         <run_address>0x200010d4</run_address>
         <size>0x4</size>
         <input_file_ref idref="fl-6"/>
      </object_component>
      <object_component id="oc-168">
         <name>.data</name>
         <load_address>0x20001080</load_address>
         <run_address>0x20001080</run_address>
         <size>0x2d</size>
         <input_file_ref idref="fl-e4"/>
      </object_component>
      <object_component id="oc-58e">
         <name>.bss:pcCanvasText$1</name>
         <uninitialized>true</uninitialized>
         <run_address>0x20001648</run_address>
         <size>0x8</size>
         <input_file_ref idref="fl-2"/>
      </object_component>
      <object_component id="oc-58f">
         <name>.bss:pcSliderText$2</name>
         <uninitialized>true</uninitialized>
         <run_address>0x20001650</run_address>
         <size>0x8</size>
         <input_file_ref idref="fl-2"/>
      </object_component>
      <object_component id="oc-8c">
         <name>.bss</name>
         <uninitialized>true</uninitialized>
         <run_address>0x20001658</run_address>
         <size>0x8</size>
         <input_file_ref idref="fl-6"/>
      </object_component>
      <object_component id="oc-d9">
         <name>.bss:g_pi16Samples</name>
         <uninitialized>true</uninitialized>
         <run_address>0x20001638</run_address>
         <size>0x10</size>
         <input_file_ref idref="fl-6"/>
      </object_component>
      <object_component id="oc-2ba">
         <name>.bss:g_psMQ</name>
         <uninitialized>true</uninitialized>
         <run_address>0x200014d8</run_address>
         <size>0x140</size>
         <input_file_ref idref="fl-e4"/>
      </object_component>
      <object_component id="oc-15b">
         <name>.common:g_ui32SysClock</name>
         <uninitialized>true</uninitialized>
         <run_address>0x20001670</run_address>
         <size>0x4</size>
      </object_component>
      <object_component id="oc-556">
         <name>.common:g_ui32ButtonState</name>
         <uninitialized>true</uninitialized>
         <run_address>0x20001668</run_address>
         <size>0x4</size>
      </object_component>
      <object_component id="oc-174">
         <name>.common:g_ui32Panel</name>
         <uninitialized>true</uninitialized>
         <run_address>0x2000166c</run_address>
         <size>0x4</size>
      </object_component>
      <object_component id="oc-2ae">
         <name>.common:g_pi32ParmSet</name>
         <uninitialized>true</uninitialized>
         <run_address>0x20001660</run_address>
         <size>0x4</size>
      </object_component>
      <object_component id="oc-92">
         <name>.common:g_i16TouchX</name>
         <uninitialized>true</uninitialized>
         <run_address>0x20001674</run_address>
         <size>0x2</size>
      </object_component>
      <object_component id="oc-8f">
         <name>.common:g_i16TouchY</name>
         <uninitialized>true</uninitialized>
         <run_address>0x20001676</run_address>
         <size>0x2</size>
      </object_component>
      <object_component id="oc-236">
         <name>.common:g_psGrLibDefaults</name>
         <uninitialized>true</uninitialized>
         <run_address>0x20001664</run_address>
         <size>0x4</size>
      </object_component>
      <object_component id="oc-63d">
         <name>.common:g_pui8Dictionary</name>
         <uninitialized>true</uninitialized>
         <run_address>0x20001618</run_address>
         <size>0x20</size>
      </object_component>
      <object_component id="oc-21">
         <name>.stack</name>
         <uninitialized>true</uninitialized>
         <run_address>0x200010d8</run_address>
         <size>0x4</size>
         <input_file_ref idref="fl-c7"/>
      </object_component>
      <object_component id="oc-6bb">
         <name>.stack</name>
         <uninitialized>true</uninitialized>
         <run_address>0x200010d8</run_address>
         <size>0x0</size>
      </object_component>
      <object_component id="oc-f5">
         <name>.debug_info</name>
         <load_address>0x0</load_address>
         <run_address>0x0</run_address>
         <size>0x108e</size>
         <input_file_ref idref="fl-2"/>
      </object_component>
      <object_component id="oc-331">
         <name>.debug_info</name>
         <load_address>0x108e</load_address>
         <run_address>0x108e</run_address>
         <size>0xd6</size>
         <input_file_ref idref="fl-2"/>
      </object_component>
      <object_component id="oc-334">
         <name>.debug_info</name>
         <load_address>0x1164</load_address>
         <run_address>0x1164</run_address>
         <size>0xd2</size>
         <input_file_ref idref="fl-2"/>
      </object_component>
      <object_component id="oc-526">
         <name>.debug_info</name>
         <load_address>0x1236</load_address>
         <run_address>0x1236</run_address>
         <size>0xcc</size>
         <input_file_ref idref="fl-2"/>
      </object_component>
      <object_component id="oc-444">
         <name>.debug_info</name>
         <load_address>0x1302</load_address>
         <run_address>0x1302</run_address>
         <size>0xcc</size>
         <input_file_ref idref="fl-2"/>
      </object_component>
      <object_component id="oc-337">
         <name>.debug_info</name>
         <load_address>0x13ce</load_address>
         <run_address>0x13ce</run_address>
         <size>0xcc</size>
         <input_file_ref idref="fl-2"/>
      </object_component>
      <object_component id="oc-45b">
         <name>.debug_info</name>
         <load_address>0x149a</load_address>
         <run_address>0x149a</run_address>
         <size>0xe4</size>
         <input_file_ref idref="fl-2"/>
      </object_component>
      <object_component id="oc-33a">
         <name>.debug_info</name>
         <load_address>0x157e</load_address>
         <run_address>0x157e</run_address>
         <size>0xd4</size>
         <input_file_ref idref="fl-2"/>
      </object_component>
      <object_component id="oc-54a">
         <name>.debug_info</name>
         <load_address>0x1652</load_address>
         <run_address>0x1652</run_address>
         <size>0xd2</size>
         <input_file_ref idref="fl-2"/>
      </object_component>
      <object_component id="oc-460">
         <name>.debug_info</name>
         <load_address>0x1724</load_address>
         <run_address>0x1724</run_address>
         <size>0xd2</size>
         <input_file_ref idref="fl-2"/>
      </object_component>
      <object_component id="oc-33d">
         <name>.debug_info</name>
         <load_address>0x17f6</load_address>
         <run_address>0x17f6</run_address>
         <size>0xd2</size>
         <input_file_ref idref="fl-2"/>
      </object_component>
      <object_component id="oc-477">
         <name>.debug_info</name>
         <load_address>0x18c8</load_address>
         <run_address>0x18c8</run_address>
         <size>0xe9</size>
         <input_file_ref idref="fl-2"/>
      </object_component>
      <object_component id="oc-340">
         <name>.debug_info</name>
         <load_address>0x19b1</load_address>
         <run_address>0x19b1</run_address>
         <size>0xd7</size>
         <input_file_ref idref="fl-2"/>
      </object_component>
      <object_component id="oc-574">
         <name>.debug_info</name>
         <load_address>0x1a88</load_address>
         <run_address>0x1a88</run_address>
         <size>0xeb</size>
         <input_file_ref idref="fl-2"/>
      </object_component>
      <object_component id="oc-47c">
         <name>.debug_info</name>
         <load_address>0x1b73</load_address>
         <run_address>0x1b73</run_address>
         <size>0xdb</size>
         <input_file_ref idref="fl-2"/>
      </object_component>
      <object_component id="oc-47f">
         <name>.debug_info</name>
         <load_address>0x1c4e</load_address>
         <run_address>0x1c4e</run_address>
         <size>0xdb</size>
         <input_file_ref idref="fl-2"/>
      </object_component>
      <object_component id="oc-343">
         <name>.debug_info</name>
         <load_address>0x1d29</load_address>
         <run_address>0x1d29</run_address>
         <size>0xdf</size>
         <input_file_ref idref="fl-2"/>
      </object_component>
      <object_component id="oc-49f">
         <name>.debug_info</name>
         <load_address>0x1e08</load_address>
         <run_address>0x1e08</run_address>
         <size>0xe1</size>
         <input_file_ref idref="fl-2"/>
      </object_component>
      <object_component id="oc-346">
         <name>.debug_info</name>
         <load_address>0x1ee9</load_address>
         <run_address>0x1ee9</run_address>
         <size>0xcf</size>
         <input_file_ref idref="fl-2"/>
      </object_component>
      <object_component id="oc-176">
         <name>.debug_info</name>
         <load_address>0x1fb8</load_address>
         <run_address>0x1fb8</run_address>
         <size>0xcd</size>
         <input_file_ref idref="fl-2"/>
      </object_component>
      <object_component id="oc-179">
         <name>.debug_info</name>
         <load_address>0x2085</load_address>
         <run_address>0x2085</run_address>
         <size>0xd9</size>
         <input_file_ref idref="fl-2"/>
      </object_component>
      <object_component id="oc-16c">
         <name>.debug_info</name>
         <load_address>0x215e</load_address>
         <run_address>0x215e</run_address>
         <size>0xcf</size>
         <input_file_ref idref="fl-2"/>
      </object_component>
      <object_component id="oc-16f">
         <name>.debug_info</name>
         <load_address>0x222d</load_address>
         <run_address>0x222d</run_address>
         <size>0xc9</size>
         <input_file_ref idref="fl-2"/>
      </object_component>
      <object_component id="oc-172">
         <name>.debug_info</name>
         <load_address>0x22f6</load_address>
         <run_address>0x22f6</run_address>
         <size>0xc7</size>
         <input_file_ref idref="fl-2"/>
      </object_component>
      <object_component id="oc-329">
         <name>.debug_info</name>
         <load_address>0x23bd</load_address>
         <run_address>0x23bd</run_address>
         <size>0x1a9</size>
         <input_file_ref idref="fl-2"/>
      </object_component>
      <object_component id="oc-319">
         <name>.debug_info</name>
         <load_address>0x2566</load_address>
         <run_address>0x2566</run_address>
         <size>0x1b1</size>
         <input_file_ref idref="fl-2"/>
      </object_component>
      <object_component id="oc-48a">
         <name>.debug_info</name>
         <load_address>0x2717</load_address>
         <run_address>0x2717</run_address>
         <size>0x231</size>
         <input_file_ref idref="fl-2"/>
      </object_component>
      <object_component id="oc-56e">
         <name>.debug_info</name>
         <load_address>0x2948</load_address>
         <run_address>0x2948</run_address>
         <size>0x1c0</size>
         <input_file_ref idref="fl-2"/>
      </object_component>
      <object_component id="oc-46b">
         <name>.debug_info</name>
         <load_address>0x2b08</load_address>
         <run_address>0x2b08</run_address>
         <size>0x18a</size>
         <input_file_ref idref="fl-2"/>
      </object_component>
      <object_component id="oc-452">
         <name>.debug_info</name>
         <load_address>0x2c92</load_address>
         <run_address>0x2c92</run_address>
         <size>0x1c0</size>
         <input_file_ref idref="fl-2"/>
      </object_component>
      <object_component id="oc-434">
         <name>.debug_info</name>
         <load_address>0x2e52</load_address>
         <run_address>0x2e52</run_address>
         <size>0x20e</size>
         <input_file_ref idref="fl-2"/>
      </object_component>
      <object_component id="oc-43c">
         <name>.debug_info</name>
         <load_address>0x3060</load_address>
         <run_address>0x3060</run_address>
         <size>0x2f7</size>
         <input_file_ref idref="fl-2"/>
      </object_component>
      <object_component id="oc-5d6">
         <name>.debug_info</name>
         <load_address>0x3357</load_address>
         <run_address>0x3357</run_address>
         <size>0x1e2</size>
         <input_file_ref idref="fl-2"/>
      </object_component>
      <object_component id="oc-c2">
         <name>.debug_info</name>
         <load_address>0x3539</load_address>
         <run_address>0x3539</run_address>
         <size>0x2ad</size>
         <input_file_ref idref="fl-2"/>
      </object_component>
      <object_component id="oc-e6">
         <name>.debug_info</name>
         <load_address>0x37e6</load_address>
         <run_address>0x37e6</run_address>
         <size>0x6bd</size>
         <input_file_ref idref="fl-2"/>
      </object_component>
      <object_component id="oc-1c2">
         <name>.debug_info</name>
         <load_address>0x3ea3</load_address>
         <run_address>0x3ea3</run_address>
         <size>0x86</size>
         <input_file_ref idref="fl-2"/>
      </object_component>
      <object_component id="oc-1c7">
         <name>.debug_info</name>
         <load_address>0x3f29</load_address>
         <run_address>0x3f29</run_address>
         <size>0xea</size>
         <input_file_ref idref="fl-2"/>
      </object_component>
      <object_component id="oc-1cc">
         <name>.debug_info</name>
         <load_address>0x4013</load_address>
         <run_address>0x4013</run_address>
         <size>0xfe</size>
         <input_file_ref idref="fl-2"/>
      </object_component>
      <object_component id="oc-1d1">
         <name>.debug_info</name>
         <load_address>0x4111</load_address>
         <run_address>0x4111</run_address>
         <size>0xc2</size>
         <input_file_ref idref="fl-2"/>
      </object_component>
      <object_component id="oc-1d6">
         <name>.debug_info</name>
         <load_address>0x41d3</load_address>
         <run_address>0x41d3</run_address>
         <size>0x14e</size>
         <input_file_ref idref="fl-2"/>
      </object_component>
      <object_component id="oc-1db">
         <name>.debug_info</name>
         <load_address>0x4321</load_address>
         <run_address>0x4321</run_address>
         <size>0xfe</size>
         <input_file_ref idref="fl-2"/>
      </object_component>
      <object_component id="oc-1e0">
         <name>.debug_info</name>
         <load_address>0x441f</load_address>
         <run_address>0x441f</run_address>
         <size>0x176</size>
         <input_file_ref idref="fl-2"/>
      </object_component>
      <object_component id="oc-96">
         <name>.debug_info</name>
         <load_address>0x4595</load_address>
         <run_address>0x4595</run_address>
         <size>0x26b</size>
         <input_file_ref idref="fl-2"/>
      </object_component>
      <object_component id="oc-674">
         <name>.debug_info</name>
         <load_address>0x4800</load_address>
         <run_address>0x4800</run_address>
         <size>0x196</size>
         <input_file_ref idref="fl-2"/>
      </object_component>
      <object_component id="oc-eb">
         <name>.debug_info</name>
         <load_address>0x4996</load_address>
         <run_address>0x4996</run_address>
         <size>0xc6</size>
         <input_file_ref idref="fl-2"/>
      </object_component>
      <object_component id="oc-e1">
         <name>.debug_info</name>
         <load_address>0x4a5c</load_address>
         <run_address>0x4a5c</run_address>
         <size>0x8b</size>
         <input_file_ref idref="fl-2"/>
      </object_component>
      <object_component id="oc-f0">
         <name>.debug_info</name>
         <load_address>0x4ae7</load_address>
         <run_address>0x4ae7</run_address>
         <size>0x297</size>
         <input_file_ref idref="fl-2"/>
      </object_component>
      <object_component id="oc-9b">
         <name>.debug_info</name>
         <load_address>0x4d7e</load_address>
         <run_address>0x4d7e</run_address>
         <size>0xbb</size>
         <input_file_ref idref="fl-2"/>
      </object_component>
      <object_component id="oc-62e">
         <name>.debug_info</name>
         <load_address>0x4e39</load_address>
         <run_address>0x4e39</run_address>
         <size>0x2c</size>
         <input_file_ref idref="fl-2"/>
      </object_component>
      <object_component id="oc-1e5">
         <name>.debug_info</name>
         <load_address>0x4e65</load_address>
         <run_address>0x4e65</run_address>
         <size>0x35</size>
         <input_file_ref idref="fl-2"/>
      </object_component>
      <object_component id="oc-421">
         <name>.debug_info</name>
         <load_address>0x4e9a</load_address>
         <run_address>0x4e9a</run_address>
         <size>0x35e</size>
         <input_file_ref idref="fl-3"/>
      </object_component>
      <object_component id="oc-458">
         <name>.debug_info</name>
         <load_address>0x51f8</load_address>
         <run_address>0x51f8</run_address>
         <size>0xc8</size>
         <input_file_ref idref="fl-3"/>
      </object_component>
      <object_component id="oc-542">
         <name>.debug_info</name>
         <load_address>0x52c0</load_address>
         <run_address>0x52c0</run_address>
         <size>0xd0</size>
         <input_file_ref idref="fl-3"/>
      </object_component>
      <object_component id="oc-53f">
         <name>.debug_info</name>
         <load_address>0x5390</load_address>
         <run_address>0x5390</run_address>
         <size>0xce</size>
         <input_file_ref idref="fl-3"/>
      </object_component>
      <object_component id="oc-313">
         <name>.debug_info</name>
         <load_address>0x545e</load_address>
         <run_address>0x545e</run_address>
         <size>0xd2</size>
         <input_file_ref idref="fl-3"/>
      </object_component>
      <object_component id="oc-316">
         <name>.debug_info</name>
         <load_address>0x5530</load_address>
         <run_address>0x5530</run_address>
         <size>0xdd</size>
         <input_file_ref idref="fl-3"/>
      </object_component>
      <object_component id="oc-493">
         <name>.debug_info</name>
         <load_address>0x560d</load_address>
         <run_address>0x560d</run_address>
         <size>0xe7</size>
         <input_file_ref idref="fl-3"/>
      </object_component>
      <object_component id="oc-496">
         <name>.debug_info</name>
         <load_address>0x56f4</load_address>
         <run_address>0x56f4</run_address>
         <size>0xef</size>
         <input_file_ref idref="fl-3"/>
      </object_component>
      <object_component id="oc-499">
[...]
         <name>OnPrimitivePaint</name>
         <value>0x798d</value>
         <object_component_ref idref="oc-43b"/>
      </symbol>
      <symbol id="sm-200">
         <name>g_psPanels</name>
         <value>0x200004a8</value>
         <object_component_ref idref="oc-175"/>
      </symbol>
      <symbol id="sm-201">
         <name>g_sNext</name>
         <value>0x20000d78</value>
         <object_component_ref idref="oc-171"/>
      </symbol>
      <symbol id="sm-202">
         <name>g_psSliders</name>
         <value>0x20000280</value>
         <object_component_ref idref="oc-345"/>
      </symbol>
      <symbol id="sm-203">
         <name>g_sPrevious</name>
         <value>0x20000dc8</value>
         <object_component_ref idref="oc-16b"/>
      </symbol>
      <symbol id="sm-204">
         <name>OnNext</name>
         <value>0x9691</value>
         <object_component_ref idref="oc-328"/>
      </symbol>
      <symbol id="sm-205">
         <name>g_sCanvas2</name>
         <value>0x20000e58</value>
         <object_component_ref idref="oc-443"/>
      </symbol>
      <symbol id="sm-206">
         <name>g_sCanvas3</name>
         <value>0x20000e98</value>
         <object_component_ref idref="oc-525"/>
      </symbol>
      <symbol id="sm-207">
         <name>g_sCanvas1</name>
         <value>0x20000e18</value>
         <object_component_ref idref="oc-336"/>
      </symbol>
      <symbol id="sm-208">
         <name>g_psPushButtonIndicators</name>
         <value>0x20000000</value>
         <object_component_ref idref="oc-476"/>
      </symbol>
      <symbol id="sm-243">
         <name>g_pui8Blue50x50</name>
         <value>0x508a</value>
         <object_component_ref idref="oc-312"/>
      </symbol>
      <symbol id="sm-244">
         <name>g_pui8GreenSlider195x37</name>
         <value>0x2fc9</value>
         <object_component_ref idref="oc-498"/>
      </symbol>
      <symbol id="sm-245">
         <name>g_pui8GettingHotter28x148</name>
         <value>0x37ef</value>
         <object_component_ref idref="oc-492"/>
      </symbol>
      <symbol id="sm-246">
         <name>g_pui8LightOn</name>
         <value>0x58c7</value>
         <object_component_ref idref="oc-53e"/>
      </symbol>
      <symbol id="sm-247">
         <name>g_pui8Logo</name>
         <value>0x4e5a</value>
         <object_component_ref idref="oc-457"/>
      </symbol>
      <symbol id="sm-248">
         <name>g_pui8RedSlider195x37</name>
         <value>0x278c</value>
         <object_component_ref idref="oc-49b"/>
      </symbol>
      <symbol id="sm-249">
         <name>g_pui8LightOff</name>
         <value>0x57d2</value>
         <object_component_ref idref="oc-541"/>
      </symbol>
      <symbol id="sm-24a">
         <name>g_pui8Blue50x50Press</name>
         <value>0x529a</value>
         <object_component_ref idref="oc-315"/>
      </symbol>
      <symbol id="sm-24b">
         <name>g_pui8GettingHotter28x148Mono</name>
         <value>0x4aad</value>
         <object_component_ref idref="oc-495"/>
      </symbol>
      <symbol id="sm-281">
         <name>ResetISR</name>
         <value>0xacd1</value>
         <object_component_ref idref="oc-24"/>
      </symbol>
      <symbol id="sm-282">
         <name>g_pfnVectors</name>
         <value>0x0</value>
         <object_component_ref idref="oc-f"/>
      </symbol>
      <symbol id="sm-33d">
         <name>Kentec320x240x16_SSD2119Init</name>
         <value>0x6059</value>
         <object_component_ref idref="oc-10d"/>
      </symbol>
      <symbol id="sm-33e">
         <name>g_sKentec320x240x16_SSD2119</name>
         <value>0x5ffc</value>
         <object_component_ref idref="oc-15c"/>
      </symbol>
      <symbol id="sm-3b8">
         <name>g_pi32ParmSet</name>
         <value>0x20001660</value>
      </symbol>
      <symbol id="sm-3b9">
         <name>g_i16TouchX</name>
         <value>0x20001674</value>
      </symbol>
      <symbol id="sm-3ba">
         <name>g_i16TouchY</name>
         <value>0x20001676</value>
      </symbol>
      <symbol id="sm-3bb">
         <name>TouchScreenInit</name>
         <value>0x8de9</value>
         <object_component_ref idref="oc-13d"/>
      </symbol>
      <symbol id="sm-3bc">
         <name>TouchScreenCallbackSet</name>
         <value>0xac95</value>
         <object_component_ref idref="oc-143"/>
      </symbol>
      <symbol id="sm-3bd">
         <name>g_pi32TouchParameters</name>
         <value>0x6024</value>
         <object_component_ref idref="oc-d3"/>
      </symbol>
      <symbol id="sm-3be">
         <name>g_i16TouchMin</name>
         <value>0x200010d4</value>
         <object_component_ref idref="oc-d6"/>
      </symbol>
      <symbol id="sm-3bf">
         <name>TouchScreenIntHandler</name>
         <value>0x8b95</value>
         <object_component_ref idref="oc-3c"/>
      </symbol>
      <symbol id="sm-407">
         <name>uvsnprintf</name>
         <value>0x711d</value>
         <object_component_ref idref="oc-626"/>
      </symbol>
      <symbol id="sm-408">
         <name>ustrncpy</name>
         <value>0xaa79</value>
         <object_component_ref idref="oc-668"/>
      </symbol>
      <symbol id="sm-409">
         <name>usprintf</name>
         <value>0xab0d</value>
         <object_component_ref idref="oc-588"/>
      </symbol>
      <symbol id="sm-418">
         <name>__aeabi_uidivmod</name>
         <value>0xa731</value>
         <object_component_ref idref="oc-66e"/>
      </symbol>
      <symbol id="sm-419">
         <name>__aeabi_uidiv</name>
         <value>0xa731</value>
         <object_component_ref idref="oc-66e"/>
      </symbol>
      <symbol id="sm-432">
         <name>__TI_zero_init_nomemset</name>
         <value>0xac3b</value>
         <object_component_ref idref="oc-5c"/>
      </symbol>
      <symbol id="sm-449">
         <name>__TI_decompress_none</name>
         <value>0xac87</value>
         <object_component_ref idref="oc-18"/>
      </symbol>
      <symbol id="sm-46c">
         <name>__TI_decompress_lzss</name>
         <value>0x9fed</value>
         <object_component_ref idref="oc-12"/>
      </symbol>
      <symbol id="sm-47f">
         <name>__stack</name>
         <value>0x200010d8</value>
         <object_component_ref idref="oc-21"/>
      </symbol>
      <symbol id="sm-480">
         <name>_c_int00_noargs</name>
         <value>0xa889</value>
         <object_component_ref idref="oc-6e"/>
      </symbol>
      <symbol id="sm-48a">
         <name>__aeabi_idiv0</name>
         <value>0x8b93</value>
         <object_component_ref idref="oc-685"/>
      </symbol>
      <symbol id="sm-48b">
         <name>__aeabi_ldiv0</name>
         <value>0x8b93</value>
         <object_component_ref idref="oc-685"/>
      </symbol>
      <symbol id="sm-4a6">
         <name>memcpy</name>
         <value>0x9a09</value>
         <object_component_ref idref="oc-50"/>
      </symbol>
      <symbol id="sm-4a7">
         <name>__aeabi_memcpy</name>
         <value>0x9a09</value>
         <object_component_ref idref="oc-50"/>
      </symbol>
      <symbol id="sm-4a8">
         <name>__aeabi_memcpy8</name>
         <value>0x9a09</value>
         <object_component_ref idref="oc-50"/>
      </symbol>
      <symbol id="sm-4a9">
         <name>__aeabi_memcpy4</name>
         <value>0x9a09</value>
         <object_component_ref idref="oc-50"/>
      </symbol>
      <symbol id="sm-4d2">
         <name>__TI_auto_init_nobinit_nopinit</name>
         <value>0xa6ed</value>
         <object_component_ref idref="oc-188"/>
      </symbol>
      <symbol id="sm-4dc">
         <name>_system_pre_init</name>
         <value>0xace7</value>
         <object_component_ref idref="oc-bb"/>
      </symbol>
      <symbol id="sm-4e8">
         <name>C$$EXIT</name>
         <value>0xaceb</value>
         <object_component_ref idref="oc-17c"/>
      </symbol>
      <symbol id="sm-4e9">
         <name>abort</name>
         <value>0xaceb</value>
         <object_component_ref idref="oc-17c"/>
      </symbol>
      <symbol id="sm-519">
         <name>ADCSequenceEnable</name>
         <value>0xac5d</value>
         <object_component_ref idref="oc-27e"/>
      </symbol>
      <symbol id="sm-51a">
         <name>ADCSequenceConfigure</name>
         <value>0xa3b1</value>
         <object_component_ref idref="oc-272"/>
      </symbol>
      <symbol id="sm-51b">
         <name>ADCIntEnable</name>
         <value>0xac4d</value>
         <object_component_ref idref="oc-284"/>
      </symbol>
      <symbol id="sm-51c">
         <name>ADCSequenceStepConfigure</name>
         <value>0x9dcd</value>
         <object_component_ref idref="oc-278"/>
      </symbol>
      <symbol id="sm-55e">
         <name>GPIOPinConfigure</name>
         <value>0xa5d1</value>
         <object_component_ref idref="oc-37e"/>
      </symbol>
      <symbol id="sm-55f">
         <name>GPIOPinTypeGPIOOutput</name>
         <value>0xab85</value>
         <object_component_ref idref="oc-290"/>
      </symbol>
      <symbol id="sm-560">
         <name>GPIODirModeSet</name>
         <value>0xaa4f</value>
         <object_component_ref idref="oc-3e7"/>
      </symbol>
      <symbol id="sm-561">
         <name>GPIOPinWrite</name>
         <value>0xacc5</value>
         <object_component_ref idref="oc-20c"/>
      </symbol>
      <symbol id="sm-562">
         <name>GPIOPadConfigSet</name>
         <value>0x8a61</value>
         <object_component_ref idref="oc-3e1"/>
      </symbol>
      <symbol id="sm-563">
         <name>GPIOPinTypeSSI</name>
         <value>0xac05</value>
         <object_component_ref idref="oc-384"/>
      </symbol>
      <symbol id="sm-58a">
         <name>IntEnable</name>
         <value>0x9f85</value>
         <object_component_ref idref="oc-28a"/>
      </symbol>
      <symbol id="sm-5ba">
         <name>SSIDataPut</name>
         <value>0xaca1</value>
         <object_component_ref idref="oc-21f"/>
      </symbol>
      <symbol id="sm-5bb">
         <name>SSIDataGetNonBlocking</name>
         <value>0xac17</value>
         <object_component_ref idref="oc-396"/>
      </symbol>
      <symbol id="sm-5bc">
         <name>SSIConfigSetExpClk</name>
         <value>0xa771</value>
         <object_component_ref idref="oc-38a"/>
      </symbol>
      <symbol id="sm-5bd">
         <name>SSIEnable</name>
         <value>0xacab</value>
         <object_component_ref idref="oc-390"/>
      </symbol>
      <symbol id="sm-5be">
         <name>SSIBusy</name>
         <value>0xacbd</value>
         <object_component_ref idref="oc-225"/>
      </symbol>
      <symbol id="sm-62f">
         <name>SysCtlDelay</name>
         <value>0xacd7</value>
         <object_component_ref idref="oc-212"/>
      </symbol>
      <symbol id="sm-630">
         <name>SysCtlPeripheralEnable</name>
         <value>0xa855</value>
         <object_component_ref idref="oc-26c"/>
      </symbol>
      <symbol id="sm-631">
         <name>SysCtlClockFreqSet</name>
         <value>0x7b8d</value>
         <object_component_ref idref="oc-107"/>
      </symbol>
      <symbol id="sm-664">
         <name>TimerLoadSet</name>
         <value>0xac29</value>
         <object_component_ref idref="oc-29c"/>
      </symbol>
      <symbol id="sm-665">
         <name>TimerEnable</name>
         <value>0xac79</value>
         <object_component_ref idref="oc-2a8"/>
      </symbol>
      <symbol id="sm-666">
         <name>TimerControlTrigger</name>
         <value>0xa359</value>
         <object_component_ref idref="oc-2a2"/>
      </symbol>
      <symbol id="sm-667">
         <name>TimerConfigure</name>
         <value>0xa1e9</value>
         <object_component_ref idref="oc-296"/>
      </symbol>
      <symbol id="sm-698">
         <name>CanvasMsgProc</name>
         <value>0xabc9</value>
         <object_component_ref idref="oc-320"/>
      </symbol>
      <symbol id="sm-6cb">
         <name>CheckBoxMsgProc</name>
         <value>0xa8bd</value>
         <object_component_ref idref="oc-44b"/>
      </symbol>
      <symbol id="sm-6f4">
         <name>GrCircleFill</name>
         <value>0x87df</value>
         <object_component_ref idref="oc-512"/>
      </symbol>
      <symbol id="sm-6f5">
         <name>GrCircleDraw</name>
         <value>0x757d</value>
         <object_component_ref idref="oc-518"/>
      </symbol>
      <symbol id="sm-715">
         <name>ContainerMsgProc</name>
         <value>0xabdd</value>
         <object_component_ref idref="oc-462"/>
      </symbol>
      <symbol id="sm-740">
         <name>GrContextInit</name>
         <value>0x9eb5</value>
         <object_component_ref idref="oc-113"/>
      </symbol>
      <symbol id="sm-741">
         <name>GrContextClipRegionSet</name>
         <value>0xa055</value>
         <object_component_ref idref="oc-4ec"/>
      </symbol>
      <symbol id="sm-742">
         <name>g_psDefaultCodePointMapTable</name>
         <value>0x6040</value>
         <object_component_ref idref="oc-233"/>
      </symbol>
      <symbol id="sm-799">
         <name>GrImageDraw</name>
         <value>0xac6b</value>
         <object_component_ref idref="oc-4f2"/>
      </symbol>
      <symbol id="sm-7dd">
         <name>GrLineDrawH</name>
         <value>0xa661</value>
         <object_component_ref idref="oc-241"/>
      </symbol>
      <symbol id="sm-7de">
         <name>GrLineDrawV</name>
         <value>0xa6a7</value>
         <object_component_ref idref="oc-247"/>
      </symbol>
      <symbol id="sm-7df">
         <name>GrLineDraw</name>
         <value>0x8efd</value>
         <object_component_ref idref="oc-50c"/>
      </symbol>
      <symbol id="sm-845">
         <name>RectangularButtonMsgProc</name>
         <value>0xa9cb</value>
         <object_component_ref idref="oc-30b"/>
      </symbol>
      <symbol id="sm-846">
         <name>CircularButtonMsgProc</name>
         <value>0xa947</value>
         <object_component_ref idref="oc-470"/>
      </symbol>
      <symbol id="sm-87e">
         <name>RadioButtonMsgProc</name>
         <value>0xa919</value>
         <object_component_ref idref="oc-567"/>
      </symbol>
      <symbol id="sm-8a8">
         <name>GrRectIntersectGet</name>
         <value>0x9ccf</value>
         <object_component_ref idref="oc-60b"/>
      </symbol>
      <symbol id="sm-8a9">
         <name>GrRectFill</name>
         <value>0x9c49</value>
         <object_component_ref idref="oc-119"/>
      </symbol>
      <symbol id="sm-8aa">
         <name>GrRectOverlapCheck</name>
         <value>0xa7e7</value>
         <object_component_ref idref="oc-65f"/>
      </symbol>
      <symbol id="sm-8ab">
         <name>GrRectDraw</name>
         <value>0xa0bb</value>
         <object_component_ref idref="oc-11f"/>
      </symbol>
      <symbol id="sm-8fe">
         <name>SliderMsgProc</name>
         <value>0xa9f7</value>
         <object_component_ref idref="oc-483"/>
      </symbol>
      <symbol id="sm-9aa">
         <name>GrFontInfoGet</name>
         <value>0xaaa3</value>
         <object_component_ref idref="oc-263"/>
      </symbol>
      <symbol id="sm-9ab">
         <name>GrDefaultStringRenderer</name>
         <value>0x945f</value>
         <object_component_ref idref="oc-22d"/>
      </symbol>
      <symbol id="sm-9ac">
         <name>GrFontGlyphRender</name>
         <value>0x6ec7</value>
         <object_component_ref idref="oc-3a6"/>
      </symbol>
      <symbol id="sm-9ad">
         <name>GrFontHeightGet</name>
         <value>0xa99f</value>
         <object_component_ref idref="oc-504"/>
      </symbol>
      <symbol id="sm-9ae">
         <name>GrContextFontSet</name>
         <value>0xaccb</value>
         <object_component_ref idref="oc-125"/>
      </symbol>
      <symbol id="sm-9af">
         <name>GrFontGlyphDataGet</name>
         <value>0xaac9</value>
         <object_component_ref idref="oc-25d"/>
      </symbol>
      <symbol id="sm-9b0">
         <name>GrStringDraw</name>
         <value>0xab9d</value>
         <object_component_ref idref="oc-137"/>
      </symbol>
      <symbol id="sm-9b1">
         <name>GrFontCodepageGet</name>
         <value>0xab2d</value>
         <object_component_ref idref="oc-3bd"/>
      </symbol>
      <symbol id="sm-9b2">
         <name>GrStringNextCharGet</name>
         <value>0xa8eb</value>
         <object_component_ref idref="oc-257"/>
      </symbol>
      <symbol id="sm-9b3">
         <name>GrStringWidthGet</name>
         <value>0x9f1d</value>
         <object_component_ref idref="oc-12b"/>
      </symbol>
      <symbol id="sm-9b4">
         <name>GrFontBaselineGet</name>
         <value>0xa973</value>
         <object_component_ref idref="oc-131"/>
      </symbol>
      <symbol id="sm-a5c">
         <name>g_sRoot</name>
         <value>0x20001080</value>
         <object_component_ref idref="oc-168"/>
      </symbol>
      <symbol id="sm-a5d">
         <name>WidgetMessageQueueAdd</name>
         <value>0x90f5</value>
         <object_component_ref idref="oc-14f"/>
      </symbol>
      <symbol id="sm-a5e">
         <name>WidgetMessageSendPostOrder</name>
         <value>0x9801</value>
         <object_component_ref idref="oc-2c4"/>
      </symbol>
      <symbol id="sm-a5f">
         <name>WidgetAdd</name>
         <value>0xab4b</value>
         <object_component_ref idref="oc-149"/>
      </symbol>
      <symbol id="sm-a60">
         <name>WidgetRemove</name>
         <value>0xa4a1</value>
         <object_component_ref idref="oc-424"/>
      </symbol>
      <symbol id="sm-a61">
         <name>WidgetDefaultMsgProc</name>
         <value>0xace3</value>
         <object_component_ref idref="oc-2fe"/>
      </symbol>
      <symbol id="sm-a62">
         <name>WidgetMutexPut</name>
         <value>0xacdd</value>
         <object_component_ref idref="oc-2b4"/>
      </symbol>
      <symbol id="sm-a63">
         <name>WidgetMessageQueueProcess</name>
         <value>0xa185</value>
         <object_component_ref idref="oc-155"/>
      </symbol>
      <symbol id="sm-a64">
         <name>WidgetMutexGet</name>
         <value>0xabf1</value>
         <object_component_ref idref="oc-2b3"/>
      </symbol>
      <symbol id="sm-a65">
         <name>WidgetPointerMessage</name>
         <value>0xab69</value>
         <object_component_ref idref="oc-162"/>
      </symbol>
      <symbol id="sm-a66">
         <name>WidgetMessageSendPreOrder</name>
         <value>0xa249</value>
         <object_component_ref idref="oc-2be"/>
      </symbol>
      <symbol id="sm-a78">
         <name>g_sFontCm12</name>
         <value>0x59b0</value>
         <object_component_ref idref="oc-652"/>
      </symbol>
      <symbol id="sm-a8a">
         <name>g_sFontCm14</name>
         <value>0x5a78</value>
         <object_component_ref idref="oc-51e"/>
      </symbol>
      <symbol id="sm-a9c">
         <name>g_sFontCm18</name>
         <value>0x5b40</value>
         <object_component_ref idref="oc-48f"/>
      </symbol>
      <symbol id="sm-aae">
         <name>g_sFontCm20</name>
         <value>0x5c08</value>
         <object_component_ref idref="oc-15f"/>
      </symbol>
      <symbol id="sm-ac0">
         <name>g_sFontCm22</name>
         <value>0x5cd0</value>
         <object_component_ref idref="oc-446"/>
      </symbol>
      <symbol id="sm-ad2">
         <name>g_sFontCm24</name>
         <value>0x5d98</value>
         <object_component_ref idref="oc-521"/>
      </symbol>
      <symbol id="sm-adf">
         <name>GrMapISO8859_1_Unicode</name>
         <value>0xacb5</value>
         <object_component_ref idref="oc-3ad"/>
      </symbol>
      <symbol id="sm-ae0">
         <name>__TI_static_base__</name>
         <value>0x0</value>
      </symbol>
      <symbol id="sm-ae3">
         <name>__mpu_init</name>
         <value>0x0</value>
      </symbol>
      <symbol id="sm-ae4">
         <name>_system_post_cinit</name>
         <value>0x0</value>
      </symbol>
   </symbol_table>
   <title>Link successful</title>
</link_info>
