******************************************************************************
                  TI ARM Linker PC v18.12.1                    
******************************************************************************
>> Linked Wed Apr 10 18:05:21 2019

OUTPUT FILE NAME:   <hello_EK_TM4C1294XL_TI.out>
ENTRY POINT SYMBOL: "_c_int00"  address: 000029a9


MEMORY CONFIGURATION

         name            origin    length      used     unused   attr    fill
----------------------  --------  ---------  --------  --------  ----  --------
  FLASH                 00000000   00100000  00006150  000f9eb0  R  X
  SRAM                  20000000   00040000  000016d4  0003e92c  RW X


SEGMENT ALLOCATION MAP

run origin  load origin   length   init length attrs members
----------  ----------- ---------- ----------- ----- -------
00000000    00000000    00006158   00006158    r-x
  00000000    00000000    0000003c   0000003c    r-- .resetVecs
  00000040    00000040    000040b2   000040b2    r-x .text
  000040f4    000040f4    00001e72   00001e72    r-- .const
  00005f68    00005f68    000001f0   000001f0    r-- .cinit
20000000    20000000    000016d8   00000000    rw-
  20000000    20000000    00000360   00000000    rw- .vecs
  20000360    20000360    00000c88   00000000    rw- .bss
  20000fe8    20000fe8    000003ec   00000000    rw- .data
  200013d8    200013d8    00000300   00000000    rw- .stack


SECTION ALLOCATION MAP

 output                                  attributes/
section   page    origin      length       input sections
--------  ----  ----------  ----------   ----------------
.text      0    00000040    000040b2     
                  00000040    00000430     sysbios.aem4f : BIOS.obj (.text:ti_sysbios_family_arm_m3_Hwi_excDumpRegs__I)
                  00000470    0000034c     ti.targets.arm.rtsarm.aem4f : System.oem4f (.text:xdc_runtime_System_doPrint__I)
                  000007bc    00000204     Boot.aem4f : Boot_sysctl.oem4f (.text:ti_catalog_arm_cortexm4_tiva_ce_Boot_sysCtlClockFreqSetI__I)
                  000009c0    000001fc     sysbios.aem4f : BIOS.obj (.text:ti_sysbios_family_arm_m3_Hwi_excHandlerMax__I)
                  00000bbc    00000004     rtsv7M4_T_le_v4SPD16_eabi.lib : exit.c.obj (.text:abort:abort)
                  00000bc0    00000174     sysbios.aem4f : BIOS.obj (.text:ti_sysbios_family_arm_m3_Hwi_excBusFault__I)
                  00000d34    00000004     hello_pem4f.oem4f (.text:ti_sysbios_BIOS_RtsGateProxy_enter__E)
                  00000d38    00000164     sysbios.aem4f : BIOS.obj (.text:ti_sysbios_family_arm_m3_Hwi_excUsageFault__I)
                  00000e9c    00000004     hello_pem4f.oem4f (.text:ti_sysbios_BIOS_RtsGateProxy_leave__E)
                  00000ea0    00000154     sysbios.aem4f : BIOS.obj (.text:ti_sysbios_knl_Semaphore_pend__E)
                  00000ff4    00000004                   : BIOS.obj (.text:ti_sysbios_family_arm_lm4_Timer_masterEnable__I)
                  00000ff8    00000148                   : BIOS.obj (.text:ti_sysbios_family_arm_m3_Hwi_excMemFault__I)
                  00001140    00000118     ti.targets.arm.rtsarm.aem4f : Error.oem4f (.text:xdc_runtime_Error_policyDefault__E)
                  00001258    00000108     sysbios.aem4f : BIOS.obj (.text:ti_sysbios_family_arm_lm4_Timer_start__E)
                  00001360    00000100     ti.targets.arm.rtsarm.aem4f : Core-mem.oem4f (.text:xdc_runtime_Core_createObject__I)
                  00001460    000000f8                                 : Startup.oem4f (.text:xdc_runtime_Startup_startMods__I)
                  00001558    000000f8     hello_pem4f.oem4f (.text:xdc_runtime_System_printfExtend__I)
                  00001650    000000f4     sysbios.aem4f : m3_Hwi_asm.obj (.text:ti_sysbios_family_arm_m3_Hwi_dispatch__I)
                  00001744    00000004     hello_pem4f.oem4f (.text:ti_sysbios_family_arm_m3_TaskSupport_Module__startupDone__S)
                  00001748    000000d4     sysbios.aem4f : BIOS.obj (.text:ti_sysbios_heaps_HeapMem_alloc__E)
                  0000181c    000000cc     ti.targets.arm.rtsarm.aem4f : Core-smem.oem4f (.text:xdc_runtime_Core_constructObject__I)
                  000018e8    000000bc     sysbios.aem4f : BIOS.obj (.text:ti_sysbios_family_arm_m3_Hwi_excDebugMon__I)
                  000019a4    00000004     hello_pem4f.oem4f (.text:ti_sysbios_heaps_HeapMem_Module_GateProxy_enter__E)
                  000019a8    000000bc     sysbios.aem4f : BIOS.obj (.text:ti_sysbios_family_arm_m3_Hwi_excHardFault__I)
                  00001a64    000000b8     EK_TM4C1294XL.obj (.text:EK_TM4C1294XL_initGeneral)
                  00001b1c    00000004     hello_pem4f.oem4f (.text:ti_sysbios_heaps_HeapMem_Module_GateProxy_leave__E)
                  00001b20    000000b4     sysbios.aem4f : BIOS.obj (.text:ti_sysbios_knl_Task_checkStacks__E)
                  00001bd4    00000004     hello_pem4f.oem4f (.text:ti_sysbios_knl_Clock_TimerProxy_getMaxTicks__E)
                  00001bd8    000000ac     sysbios.aem4f : BIOS.obj (.text:ti_sysbios_family_arm_lm4_Timer_enableTiva__I)
                  00001c84    000000a0     auto_init.aem4f : auto_init.oem4f (.text)
                  00001d24    000000a0     ti.targets.arm.rtsarm.aem4f : Text.oem4f (.text:xdc_runtime_Text_putMod__E)
                  00001dc4    0000009c     rtsv7M4_T_le_v4SPD16_eabi.lib : memcpy_t2.asm.obj (.text)
                  00001e60    0000009a     ti.targets.arm.rtsarm.aem4f : Text.oem4f (.text:xdc_runtime_Text_putSite__E)
                  00001efa    00000002     rtsv7M4_T_le_v4SPD16_eabi.lib : _lock.c.obj (.text:_nop)
                  00001efc    00000098     Boot.aem4f : Boot.oem4f (.text:ti_catalog_arm_cortexm4_tiva_ce_Boot_sysCtlClockFreqSet__E)
                  00001f94    00000004     hello_pem4f.oem4f (.text:ti_sysbios_knl_Queue_destruct)
                  00001f98    00000094     sysbios.aem4f : BIOS.obj (.text:ti_sysbios_family_arm_m3_Hwi_initNVIC__E)
                  0000202c    00000004     hello_pem4f.oem4f (.text:ti_sysbios_knl_Semaphore_destruct)
                  00002030    00000094     sysbios.aem4f : BIOS.obj (.text:ti_sysbios_knl_Task_postInit__I)
                  000020c4    0000008c                   : m3_TaskSupport_asm.obj (.text:ti_sysbios_family_arm_m3_TaskSupport_buildTaskStack)
                  00002150    00000084                   : BIOS.obj (.text:ti_sysbios_family_arm_m3_Hwi_postInit__I)
                  000021d4    00000004     ti.targets.arm.rtsarm.aem4f : Error.oem4f (.text:xdc_runtime_Error_getSite__E)
                  000021d8    0000007c     sysbios.aem4f : BIOS.obj (.text:ti_sysbios_heaps_HeapMem_free__E)
                  00002254    0000007a     rtsv7M4_T_le_v4SPD16_eabi.lib : memset_t2.asm.obj (.text)
                  000022ce    00000002                                   : div0.asm.obj (.text)
                  000022d0    00000070     sysbios.aem4f : BIOS.obj (.text:ti_sysbios_knl_Clock_workFunc__E)
                  00002340    00000070                   : BIOS.obj (.text:ti_sysbios_knl_Task_exit__E)
                  000023b0    0000006d     ti.targets.arm.rtsarm.aem4f : System.oem4f (.text:xdc_runtime_System_formatNum__I)
                  0000241d    00000001     --HOLE-- [fill = 0]
                  0000241e    00000002     hello_pem4f.oem4f (.text:ti_sysbios_BIOS_nullFunc__I)
                  00002420    0000006c     sysbios.aem4f : BIOS.obj (.text:ti_sysbios_knl_Swi_restoreHwi__E)
                  0000248c    0000006c     ti.targets.arm.rtsarm.aem4f : Error.oem4f (.text:xdc_runtime_Error_print__E)
                  000024f8    0000006c                                 : Memory.oem4f (.text:xdc_runtime_Memory_alloc__E)
                  00002564    00000068     rtsv7M4_T_le_v4SPD16_eabi.lib : copy_decompress_lzss.c.obj (.text:decompress:lzss:__TI_decompress_lzss)
                  000025cc    00000066     ti.targets.arm.rtsarm.aem4f : Core-mem.oem4f (.text:xdc_runtime_Core_deleteObject__I)
                  00002632    00000006                                 : System.oem4f (.text:xdc_runtime_System_Module_startup__E)
                  00002638    00000064     sysbios.aem4f : BIOS.obj (.text:ti_sysbios_family_arm_lm4_Timer_Module_startup__E)
                  0000269c    00000004     hello_pem4f.oem4f (.text:xdc_runtime_System_Module_GateProxy_enter__E)
                  000026a0    00000064     sysbios.aem4f : BIOS.obj (.text:ti_sysbios_family_arm_m3_Hwi_dispatchC__I)
                  00002704    00000004     hello_pem4f.oem4f (.text:xdc_runtime_System_Module_GateProxy_leave__E)
                  00002708    00000064     sysbios.aem4f : BIOS.obj (.text:ti_sysbios_knl_Semaphore_post__E)
                  0000276c    00000004     ti.targets.arm.rtsarm.aem4f : System.oem4f (.text:xdc_runtime_System_aprintf_va__F)
                  00002770    00000060     sysbios.aem4f : BIOS.obj (.text:ti_sysbios_knl_Task_schedule__I)
                  000027d0    0000005c                   : BIOS.obj (.text:ti_sysbios_knl_Swi_run__I)
                  0000282c    00000004     ti.targets.arm.rtsarm.aem4f : System.oem4f (.text:xdc_runtime_System_printf_va__F)
                  00002830    0000005c     sysbios.aem4f : BIOS.obj (.text:ti_sysbios_knl_Swi_schedule__I)
                  0000288c    00000002     hello_pem4f.oem4f (.text:xdc_runtime_Startup_reset__I)
                  0000288e    00000002     --HOLE-- [fill = 0]
                  00002890    0000005c     sysbios.aem4f : BIOS.obj (.text:ti_sysbios_knl_Task_Module_startup__E)
                  000028ec    00000004     --HOLE-- [fill = 0]
                  000028f0    0000005c                   : BIOS.obj (.text:ti_sysbios_knl_Task_startCore__E)
                  0000294c    0000005b     ti.targets.arm.rtsarm.aem4f : Text.oem4f (.text:xdc_runtime_Text_putLab__E)
                  000029a7    00000001     --HOLE-- [fill = 0]
                  000029a8    00000058     boot.aem4f : boot.oem4f (.text)
                  00002a00    00000058     rtsv7M4_T_le_v4SPD16_eabi.lib : hostwrite.c.obj (.text:HOSTwrite)
                  00002a58    00000058     sysbios.aem4f : m3_Hwi_asm_switch.obj (.text:ti_sysbios_family_arm_m3_Hwi_initStacks__E)
                  00002ab0    00000054                   : BIOS.obj (.text:ti_sysbios_family_arm_lm4_Timer_initDevice__I)
                  00002b04    00000054     ti.targets.arm.rtsarm.aem4f : Assert.oem4f (.text:xdc_runtime_Assert_raise__I)
                  00002b58    00000050     Boot.aem4f : Boot_sysctl.oem4f (.text:_SysCtlFrequencyGet)
                  00002ba8    00000050     sysbios.aem4f : BIOS.obj (.text:ti_sysbios_family_arm_m3_Hwi_Module_startup__E)
                  00002bf8    00000050     ti.targets.arm.rtsarm.aem4f : Startup.oem4f (.text:xdc_runtime_Startup_exec__E)
                  00002c48    00000050                                 : Text.oem4f (.text:xdc_runtime_Text_visitRope2__I)
                  00002c98    0000004c     rtsv7M4_T_le_v4SPD16_eabi.lib : cpy_tbl.c.obj (.text:copy_in)
                  00002ce4    00000004     --HOLE-- [fill = 0]
                  00002ce8    0000004c     sysbios.aem4f : BIOS.obj (.text:ti_sysbios_heaps_HeapMem_getStats__E)
                  00002d34    00000004     --HOLE-- [fill = 0]
                  00002d38    0000004c                   : BIOS.obj (.text:ti_sysbios_knl_Swi_runLoop__I)
                  00002d84    00000004     --HOLE-- [fill = 0]
                  00002d88    0000004c                   : BIOS.obj (.text:ti_sysbios_knl_Task_allBlockedFunction__I)
                  00002dd4    00000004     --HOLE-- [fill = 0]
                  00002dd8    00000048                   : BIOS.obj (.text:ti_sysbios_family_arm_lm4_Timer_enableTimers__I)
                  00002e20    00000048                   : BIOS.obj (.text:ti_sysbios_family_arm_m3_Hwi_disableInterrupt__E)
                  00002e68    00000048                   : BIOS.obj (.text:ti_sysbios_family_arm_m3_Hwi_enableInterrupt__E)
                  00002eb0    00000048                   : BIOS.obj (.text:ti_sysbios_family_arm_m3_Hwi_excReserved__I)
                  00002ef8    00000046     ti.targets.arm.rtsarm.aem4f : Core-params.oem4f (.text:xdc_runtime_Core_assignParams__I)
                  00002f3e    00000002     --HOLE-- [fill = 0]
                  00002f40    00000044     sysbios.aem4f : BIOS.obj (.text:ti_sysbios_family_arm_lm4_Timer_isrStub__E)
                  00002f84    00000004     --HOLE-- [fill = 0]
                  00002f88    00000044                   : BIOS.obj (.text:ti_sysbios_family_arm_m3_Hwi_getStackInfo__E)
                  00002fcc    00000004     --HOLE-- [fill = 0]
                  00002fd0    00000044                   : BIOS.obj (.text:ti_sysbios_knl_Swi_post__E)
                  00003014    00000044     ti.targets.arm.rtsarm.aem4f : Error.oem4f (.text:xdc_runtime_Error_setX__E)
                  00003058    00000044                                 : SysMin.oem4f (.text:xdc_runtime_SysMin_flush__E)
                  0000309c    00000044                                 : Text.oem4f (.text:xdc_runtime_Text_xprintf__I)
                  000030e0    00000040     rtsv7M4_T_le_v4SPD16_eabi.lib : u_divt2.asm.obj (.text)
                  00003120    00000040     sysbios.aem4f : BIOS.obj (.text:ti_sysbios_family_arm_lm4_Timer_startup__E)
                  00003160    00000040                   : BIOS.obj (.text:ti_sysbios_heaps_HeapMem_Instance_init__E)
                  000031a0    0000003c                   : BIOS.obj (.text:ti_sysbios_family_arm_m3_Hwi_excSvCall__I)
                  000031dc    00000004     --HOLE-- [fill = 0]
                  000031e0    0000003c                   : BIOS.obj (.text:ti_sysbios_heaps_HeapMem_init__I)
                  0000321c    00000004     --HOLE-- [fill = 0]
                  00003220    0000003c                   : BIOS.obj (.text:ti_sysbios_knl_Swi_restore__E)
                  0000325c    00000038     rtsv7M4_T_le_v4SPD16_eabi.lib : trgmsg.c.obj (.text:__TI_writemsg)
                  00003294    00000004     --HOLE-- [fill = 0]
                  00003298    00000038     sysbios.aem4f : BIOS.obj (.text:ti_sysbios_family_arm_m3_Hwi_excNoIsr__I)
                  000032d0    00000038                   : BIOS.obj (.text:ti_sysbios_knl_Task_processVitalTaskFlag__I)
                  00003308    00000038     ti.targets.arm.rtsarm.aem4f : SysMin.oem4f (.text:xdc_runtime_SysMin_putch__E)
                  00003340    00000038                                 : System.oem4f (.text:xdc_runtime_System_atexit__E)
                  00003378    00000034     driverlib.lib : sysctl.obj (.text:SysCtlPeripheralEnable)
                  000033ac    00000034     rtsv7M4_T_le_v4SPD16_eabi.lib : trgmsg.c.obj (.text:__TI_readmsg)
                  000033e0    00000034     sysbios.aem4f : BIOS.obj (.text:ti_sysbios_family_arm_m3_Hwi_excNmi__I)
                  00003414    00000004     --HOLE-- [fill = 0]
                  00003418    00000034                   : BIOS.obj (.text:ti_sysbios_hal_Hwi_checkStack)
                  0000344c    00000034     ti.targets.arm.rtsarm.aem4f : Core-label.oem4f (.text:xdc_runtime_Core_assignLabel__I)
                  00003480    00000033                                 : Text.oem4f (.text:xdc_runtime_Text_printVisFxn__I)
                  000034b3    00000005     --HOLE-- [fill = 0]
                  000034b8    00000032     sysbios.aem4f : BIOS.obj (.text:ti_sysbios_hal_Hwi_initStack)
                  000034ea    00000002     --HOLE-- [fill = 0]
                  000034ec    00000030     hello_pem4f.oem4f (.text:ti_sysbios_BIOS_atExitFunc__I)
                  0000351c    00000004     --HOLE-- [fill = 0]
                  00003520    00000030     sysbios.aem4f : BIOS.obj (.text:ti_sysbios_family_arm_lm4_Timer_stop__E)
                  00003550    00000030                   : BIOS.obj (.text:ti_sysbios_family_arm_m3_TaskSupport_start__E)
                  00003580    00000030     hello_pem4f.oem4f (.text:ti_sysbios_gates_GateHwi_Object__create__S)
                  000035b0    00000030     hello_pem4f.oem4f (.text:ti_sysbios_gates_GateMutex_Object__create__S)
                  000035e0    00000030     sysbios.aem4f : BIOS.obj (.text:ti_sysbios_gates_GateMutex_enter__E)
                  00003610    00000030     hello_pem4f.oem4f (.text:ti_sysbios_heaps_HeapMem_Object__create__S)
                  00003640    00000030     hello_pem4f.oem4f (.text:ti_sysbios_knl_Semaphore_construct)
                  00003670    00000030     sysbios.aem4f : BIOS.obj (.text:ti_sysbios_knl_Semaphore_pendTimeout__I)
                  000036a0    00000030                   : BIOS.obj (.text:ti_sysbios_knl_Task_unblockI__E)
                  000036d0    00000030     ti.targets.arm.rtsarm.aem4f : SysMin.oem4f (.text:xdc_runtime_SysMin_abort__E)
                  00003700    00000030                                 : System.oem4f (.text:xdc_runtime_System_processAtExit__E)
                  00003730    0000002c     hello_pem4f.oem4f (.text:ti_sysbios_knl_Clock_doTick__I)
                  0000375c    0000002c     hello_pem4f.oem4f (.text:ti_sysbios_knl_Queue_construct)
                  00003788    0000002c     sysbios.aem4f : BIOS.obj (.text:ti_sysbios_knl_Task_restore__E)
                  000037b4    0000002c     ti.targets.arm.rtsarm.aem4f : Text.oem4f (.text:xdc_runtime_Text_cordText__E)
                  000037e0    0000002a                                 : System.oem4f (.text:xdc_runtime_System_putchar__I)
                  0000380a    00000006     --HOLE-- [fill = 0]
                  00003810    00000028     sysbios.aem4f : BIOS.obj (.text:ti_sysbios_knl_Swi_Module_startup__E)
                  00003838    00000026     hello.obj (.text:main)
                  0000385e    00000026     sysbios.aem4f : m3_Hwi_asm.obj (.text:ti_sysbios_family_arm_m3_Hwi_pendSV__I)
                  00003884    00000026     ti.targets.arm.rtsarm.aem4f : System.oem4f (.text:xdc_runtime_System_avprintf__E)
                  000038aa    00000002     --HOLE-- [fill = 0]
                  000038ac    00000024     hello_pem4f.oem4f (.text:ti_sysbios_BIOS_errorRaiseHook__I)
                  000038d0    00000024     hello_pem4f.oem4f (.text:ti_sysbios_BIOS_registerRTSLock__I)
                  000038f4    00000024     hello_pem4f.oem4f (.text:ti_sysbios_BIOS_removeRTSLock__I)
                  00003918    00000024     hello_pem4f.oem4f (.text:ti_sysbios_BIOS_startFunc__I)
                  0000393c    00000024     hello_pem4f.oem4f (.text:ti_sysbios_gates_GateMutex_Object__delete__S)
                  00003960    00000024     sysbios.aem4f : BIOS.obj (.text:ti_sysbios_knl_Clock_Module_startup__E)
                  00003984    00000004     --HOLE-- [fill = 0]
                  00003988    00000024                   : BIOS.obj (.text:ti_sysbios_knl_Semaphore_Instance_init__E)
                  000039ac    00000004     --HOLE-- [fill = 0]
                  000039b0    00000024                   : BIOS.obj (.text:ti_sysbios_knl_Task_restoreHwi__E)
                  000039d4    00000024     ti.targets.arm.rtsarm.aem4f : System.oem4f (.text:xdc_runtime_System_vprintf__E)
                  000039f8    00000022     sysbios.aem4f : BIOS.obj (.text:ti_sysbios_family_arm_lm4_Timer_write__I)
                  00003a1a    00000022     hello_pem4f.oem4f (.text:xdc_runtime_SysMin_output__I)
                  00003a3c    00000020     Boot.aem4f : Boot_sysctl.oem4f (.text:_SysCtlMemTimingGet)
                  00003a5c    00000020     hello_pem4f.oem4f (.text:ti_sysbios_BIOS_rtsLock__I)
                  00003a7c    00000020     sysbios.aem4f : m3_Hwi_asm.obj (.text:ti_sysbios_family_arm_m3_Hwi_excHandlerAsm__I)
                  00003a9c    00000004     --HOLE-- [fill = 0]
                  00003aa0    00000020                   : BIOS.obj (.text:ti_sysbios_family_arm_m3_Hwi_excHandler__I)
                  00003ac0    00000020     hello_pem4f.oem4f (.text:ti_sysbios_gates_GateHwi_Object__delete__S)
                  00003ae0    00000020     hello_pem4f.oem4f (.text:ti_sysbios_heaps_HeapMem_Object__delete__S)
                  00003b00    00000020     sysbios.aem4f : BIOS.obj (.text:ti_sysbios_knl_Idle_run__E)
                  00003b20    00000020     hello_pem4f.oem4f (.text:ti_sysbios_knl_Semaphore_Object__destruct__S)
                  00003b40    00000020     ti.targets.arm.rtsarm.aem4f : Registry.oem4f (.text:xdc_runtime_Registry_findById__E)
                  00003b60    00000020                                 : SysMin.oem4f (.text:xdc_runtime_SysMin_Module_startup__E)
                  00003b80    0000001e     sysbios.aem4f : m3_Hwi_asm_switch.obj (.text:ti_sysbios_family_xxx_Hwi_switchAndRunFunc)
                  00003b9e    00000002     --HOLE-- [fill = 0]
                  00003ba0    0000001c                   : BIOS.obj (.text:ti_sysbios_gates_GateMutex_Instance_init__E)
                  00003bbc    0000001c     hello_pem4f.oem4f (.text:ti_sysbios_knl_Queue_Object__destruct__S)
                  00003bd8    0000001c     sysbios.aem4f : BIOS.obj (.text:ti_sysbios_knl_Queue_put__E)
                  00003bf4    00000004     --HOLE-- [fill = 0]
                  00003bf8    0000001c                   : BIOS.obj (.text:ti_sysbios_knl_Task_enter__I)
                  00003c14    0000001c     ti.targets.arm.rtsarm.aem4f : Error.oem4f (.text:xdc_runtime_Error_raiseX__E)
                  00003c30    0000001c                                 : Memory.oem4f (.text:xdc_runtime_Memory_valloc__E)
                  00003c4c    0000001c                                 : SysMin.oem4f (.text:xdc_runtime_SysMin_exit__E)
                  00003c68    0000001c                                 : System.oem4f (.text:xdc_runtime_System_abort__E)
                  00003c84    0000001a     hello_pem4f.oem4f (.text:ti_sysbios_family_arm_m3_Hwi_Handle__label__S)
                  00003c9e    0000001a     hello_pem4f.oem4f (.text:ti_sysbios_gates_GateHwi_Handle__label__S)
                  00003cb8    0000001a     hello_pem4f.oem4f (.text:ti_sysbios_gates_GateMutex_Handle__label__S)
                  00003cd2    0000001a     hello_pem4f.oem4f (.text:ti_sysbios_heaps_HeapMem_Handle__label__S)
                  00003cec    0000001a     hello_pem4f.oem4f (.text:ti_sysbios_knl_Swi_Handle__label__S)
                  00003d06    0000001a     hello_pem4f.oem4f (.text:ti_sysbios_knl_Task_Handle__label__S)
                  00003d20    0000001a     hello_pem4f.oem4f (.text:xdc_runtime_System_aprintf__E)
                  00003d3a    0000001a     hello_pem4f.oem4f (.text:xdc_runtime_System_printf__E)
                  00003d54    00000018     rtsv7M4_T_le_v4SPD16_eabi.lib : args_main.c.obj (.text:_args_main)
                  00003d6c    00000018     hello_pem4f.oem4f (.text:ti_sysbios_BIOS_rtsUnlock__I)
                  00003d84    00000018     hello_pem4f.oem4f (.text:ti_sysbios_family_arm_lm4_Timer_Module__startupDone__F)
                  00003d9c    00000018     hello_pem4f.oem4f (.text:ti_sysbios_family_arm_m3_Hwi_Module__startupDone__F)
                  00003db4    00000018     sysbios.aem4f : m3_TaskSupport_asm.obj (.text:ti_sysbios_family_arm_m3_TaskSupport_swap__E)
                  00003dcc    00000004     --HOLE-- [fill = 0]
                  00003dd0    00000018                   : BIOS.obj (.text:ti_sysbios_gates_GateMutex_leave__E)
                  00003de8    00000018     ti.targets.arm.rtsarm.aem4f : Error.oem4f (.text:xdc_runtime_Error_check__E)
                  00003e00    00000018                                 : System.oem4f (.text:xdc_runtime_System_exit__E)
                  00003e18    00000018                                 : Text.oem4f (.text:xdc_runtime_Text_ropeText__E)
                  00003e30    00000016     hello_pem4f.oem4f (.text:ti_sysbios_BIOS_exitFunc__I)
                  00003e46    00000014     rtsv7M4_T_le_v4SPD16_eabi.lib : strlen.c.obj (.text:strlen)
                  00003e5a    00000002     --HOLE-- [fill = 0]
                  00003e5c    00000014     hello_pem4f.oem4f (.text:ti_sysbios_family_arm_m3_Hwi_Object__get__S)
                  00003e70    00000014     sysbios.aem4f : BIOS.obj (.text:ti_sysbios_family_arm_m3_Hwi_switchFromBootStack__E)
                  00003e84    00000014     hello_pem4f.oem4f (.text:ti_sysbios_heaps_HeapMem_Object__get__S)
                  00003e98    00000014     hello_pem4f.oem4f (.text:ti_sysbios_knl_Swi_Object__get__S)
                  00003eac    00000004     --HOLE-- [fill = 0]
                  00003eb0    00000012     sysbios.aem4f : BIOS.obj (.text:ti_sysbios_hal_Hwi_Module_startup__E)
                  00003ec2    00000012     hello_pem4f.oem4f (.text:xdc_runtime_Startup_exec__I)
                  00003ed4    00000010     hello_pem4f.oem4f (.text:.bootCodeSection:ti_catalog_arm_cortexm4_tiva_ce_Boot_init__I)
                  00003ee4    00000004     --HOLE-- [fill = 0]
                  00003ee8    00000010     sysbios.aem4f : BIOS.obj (.text:ti_sysbios_BIOS_exit__E)
                  00003ef8    00000010                   : BIOS.obj (.text:ti_sysbios_BIOS_setThreadType__E)
                  00003f08    00000010                   : m3_TaskSupport_asm.obj (.text:ti_sysbios_family_arm_m3_TaskSupport_glue)
                  00003f18    00000010                   : BIOS.obj (.text:ti_sysbios_gates_GateMutex_Instance_finalize__E)
                  00003f28    00000010                   : BIOS.obj (.text:ti_sysbios_knl_Semaphore_Instance_finalize__E)
                  00003f38    00000010                   : BIOS.obj (.text:ti_sysbios_knl_Swi_disable__E)
                  00003f48    00000010     hello_pem4f.oem4f (.text:ti_sysbios_knl_Task_Object__get__S)
                  00003f58    00000010     sysbios.aem4f : BIOS.obj (.text:ti_sysbios_knl_Task_disable__E)
                  00003f68    00000010     ti.targets.arm.rtsarm.aem4f : Gate.oem4f (.text:xdc_runtime_Gate_leaveSystem__E)
                  00003f78    00000010                                 : Memory.oem4f (.text:xdc_runtime_Memory_free__E)
                  00003f88    00000010                                 : SysMin.oem4f (.text:xdc_runtime_SysMin_ready__E)
                  00003f98    00000010                                 : System.oem4f (.text:xdc_runtime_System_vsnprintf__E)
                  00003fa8    00000010     hello_pem4f.oem4f (.text:xdc_runtime_Text_visitRope__I)
                  00003fb8    0000000e     rtsv7M4_T_le_v4SPD16_eabi.lib : copy_decompress_none.c.obj (.text:decompress:none:__TI_decompress_none)
                  00003fc6    00000002     --HOLE-- [fill = 0]
                  00003fc8    0000000e     sysbios.aem4f : BIOS.obj (.text:ti_sysbios_knl_Idle_loop__E)
                  00003fd6    00000002     --HOLE-- [fill = 0]
                  00003fd8    0000000e                   : BIOS.obj (.text:ti_sysbios_knl_Queue_empty__E)
                  00003fe6    00000002     --HOLE-- [fill = 0]
                  00003fe8    0000000c     rtsv7M4_T_le_v4SPD16_eabi.lib : _lock.c.obj (.text:_register_lock)
                  00003ff4    0000000c                                   : _lock.c.obj (.text:_register_unlock)
                  00004000    0000000c                                   : copy_zero_init.c.obj (.text:decompress:ZI:__TI_zero_init)
                  0000400c    00000004     --HOLE-- [fill = 0]
                  00004010    0000000c     sysbios.aem4f : BIOS.obj (.text:ti_sysbios_family_arm_lm4_Timer_getMaxTicks__E)
                  0000401c    00000004     --HOLE-- [fill = 0]
                  00004020    0000000c                   : BIOS.obj (.text:ti_sysbios_family_arm_m3_TaskSupport_checkStack__E)
                  0000402c    00000004     --HOLE-- [fill = 0]
                  00004030    0000000c                   : BIOS.obj (.text:ti_sysbios_gates_GateHwi_enter__E)
                  0000403c    0000000c     hello_pem4f.oem4f (.text:ti_sysbios_knl_Queue_Object__get__S)
                  00004048    0000000c     ti.targets.arm.rtsarm.aem4f : Error.oem4f (.text:xdc_runtime_Error_init__E)
                  00004054    0000000c                                 : Gate.oem4f (.text:xdc_runtime_Gate_enterSystem__E)
                  00004060    0000000c                                 : Memory.oem4f (.text:xdc_runtime_Memory_calloc__E)
                  0000406c    0000000c                                 : Memory.oem4f (.text:xdc_runtime_Memory_getMaxDefaultTypeAlign__E)
                  00004078    0000000a     hello_pem4f.oem4f (.text:xdc_runtime_IHeap_alloc)
                  00004082    0000000a     hello_pem4f.oem4f (.text:xdc_runtime_IHeap_free)
                  0000408c    00000008     sysbios.aem4f : BIOS.obj (.text:ti_sysbios_family_arm_lm4_Timer_masterDisable__I)
                  00004094    00000004     --HOLE-- [fill = 0]
                  00004098    00000008                   : BIOS.obj (.text:ti_sysbios_family_arm_m3_Hwi_doSwiRestore__I)
                  000040a0    00000008                   : BIOS.obj (.text:ti_sysbios_family_arm_m3_Hwi_startup__E)
                  000040a8    00000006                   : BIOS.obj (.text:ti_sysbios_family_arm_m3_Hwi_doTaskRestore__I)
                  000040ae    00000002     --HOLE-- [fill = 0]
                  000040b0    00000006                   : BIOS.obj (.text:ti_sysbios_gates_GateHwi_leave__E)
                  000040b6    00000002     --HOLE-- [fill = 0]
                  000040b8    00000006                   : BIOS.obj (.text:ti_sysbios_heaps_HeapMem_isBlocking__E)
                  000040be    00000002     --HOLE-- [fill = 0]
                  000040c0    00000006                   : BIOS.obj (.text:ti_sysbios_knl_Queue_Instance_init__E)
                  000040c6    00000002     --HOLE-- [fill = 0]
                  000040c8    00000006                   : BIOS.obj (.text:ti_sysbios_knl_Swi_startup__E)
                  000040ce    00000002     --HOLE-- [fill = 0]
                  000040d0    00000004                   : BIOS.obj (.text:ti_sysbios_gates_GateHwi_query__E)
                  000040d4    00000004     --HOLE-- [fill = 0]
                  000040d8    00000004                   : BIOS.obj (.text:ti_sysbios_gates_GateMutex_query__E)
                  000040dc    00000004     --HOLE-- [fill = 0]
                  000040e0    00000004                   : BIOS.obj (.text:ti_sysbios_knl_Task_startup__E)
                  000040e4    00000004     --HOLE-- [fill = 0]
                  000040e8    00000002                   : BIOS.obj (.text:ti_sysbios_gates_GateHwi_Instance_init__E)
                  000040ea    00000006     --HOLE-- [fill = 0]
                  000040f0    00000002                   : BIOS.obj (.text:ti_sysbios_knl_Clock_logTick__E)

.const     0    000040f4    00001e72     
                  000040f4    00001861     hello_pem4f.oem4f (.const:xdc_runtime_Text_charTab__A)
                  00005955    00000001     hello_pem4f.oem4f (.const:xdc_runtime_Error_policy__C)
                  00005956    00000002     hello_pem4f.oem4f (.const:ti_catalog_arm_cortexm4_tiva_ce_Boot_Module__id__C)
                  00005958    00000120     Boot.aem4f : Boot_sysctl.oem4f (.const:g_pppui32XTALtoVCO)
                  00005a78    000000bc     hello_pem4f.oem4f (.const:xdc_runtime_Text_nodeTab__A)
                  00005b34    0000006c     Boot.aem4f : Boot_sysctl.oem4f (.const:g_pui32Xtals)
                  00005ba0    00000048     hello_pem4f.oem4f (.const:.string)
                  00005be8    00000030     Boot.aem4f : Boot_sysctl.oem4f (.const:g_sXTALtoMEMTIM)
                  00005c18    00000028     hello_pem4f.oem4f (.const:ti_sysbios_heaps_HeapMem_Module__FXNS__C)
                  00005c40    00000024     hello_pem4f.oem4f (.const:ti_sysbios_gates_GateHwi_Module__FXNS__C)
                  00005c64    00000024     hello_pem4f.oem4f (.const:ti_sysbios_gates_GateMutex_Module__FXNS__C)
                  00005c88    00000024     hello_pem4f.oem4f (.const:ti_sysbios_heaps_HeapMem_Object__PARAMS__C)
                  00005cac    00000024     hello_pem4f.oem4f (.const:ti_sysbios_knl_Semaphore_Object__PARAMS__C)
                  00005cd0    00000020     hello_pem4f.oem4f (.const:ti_sysbios_gates_GateHwi_Object__DESC__C)
                  00005cf0    00000020     hello_pem4f.oem4f (.const:ti_sysbios_gates_GateMutex_Object__DESC__C)
                  00005d10    00000020     hello_pem4f.oem4f (.const:ti_sysbios_heaps_HeapMem_Object__DESC__C)
                  00005d30    00000020     hello_pem4f.oem4f (.const:ti_sysbios_knl_Queue_Object__DESC__C)
                  00005d50    00000020     hello_pem4f.oem4f (.const:ti_sysbios_knl_Semaphore_Object__DESC__C)
                  00005d70    00000020     hello_pem4f.oem4f (.const:xdc_runtime_Startup_sfxnTab__A)
                  00005d90    00000018     hello_pem4f.oem4f (.const:ti_sysbios_gates_GateHwi_Object__PARAMS__C)
                  00005da8    00000018     hello_pem4f.oem4f (.const:ti_sysbios_gates_GateMutex_Object__PARAMS__C)
                  00005dc0    00000018     hello_pem4f.oem4f (.const:ti_sysbios_knl_Queue_Object__PARAMS__C)
                  00005dd8    00000014     hello_pem4f.oem4f (.const:xdc_runtime_Startup_firstFxns__A)
                  00005dec    00000010     hello_pem4f.oem4f (.const:xdc_runtime_Startup_sfxnRts__A)
                  00005dfc    00000008     Boot.aem4f : Boot_sysctl.oem4f (.const)
                  00005e04    00000008     hello_pem4f.oem4f (.const:ti_sysbios_family_arm_m3_Hwi_excHookFuncs__A)
                  00005e0c    00000008     hello_pem4f.oem4f (.const:ti_sysbios_knl_Idle_funcList__C)
                  00005e14    00000008     hello_pem4f.oem4f (.const:xdc_runtime_Startup_firstFxns__C)
                  00005e1c    00000008     hello_pem4f.oem4f (.const:xdc_runtime_Startup_lastFxns__C)
                  00005e24    00000004     hello_pem4f.oem4f (.const:ti_catalog_arm_cortexm4_tiva_ce_Boot_A_mustNotUseEnhancedClockMode__C)
                  00005e28    00000004     hello_pem4f.oem4f (.const:ti_catalog_arm_cortexm4_tiva_ce_Boot_Module__diagsEnabled__C)
                  00005e2c    00000004     hello_pem4f.oem4f (.const:ti_catalog_arm_cortexm4_tiva_ce_Boot_Module__diagsIncluded__C)
                  00005e30    00000004     hello_pem4f.oem4f (.const:ti_catalog_arm_cortexm4_tiva_ce_Boot_Module__diagsMask__C)
                  00005e34    00000004     hello_pem4f.oem4f (.const:ti_sysbios_family_arm_lm4_Timer_enableFunc__C)
                  00005e38    00000004     hello_pem4f.oem4f (.const:ti_sysbios_family_arm_lm4_Timer_numTimerDevices__C)
                  00005e3c    00000004     hello_pem4f.oem4f (.const:ti_sysbios_family_arm_lm4_Timer_startupNeeded__C)
                  00005e40    00000004     hello_pem4f.oem4f (.const:ti_sysbios_family_arm_m3_Hwi_E_NMI__C)
                  00005e44    00000004     hello_pem4f.oem4f (.const:ti_sysbios_family_arm_m3_Hwi_E_busFault__C)
                  00005e48    00000004     hello_pem4f.oem4f (.const:ti_sysbios_family_arm_m3_Hwi_E_debugMon__C)
                  00005e4c    00000004     hello_pem4f.oem4f (.const:ti_sysbios_family_arm_m3_Hwi_E_hardFault__C)
                  00005e50    00000004     hello_pem4f.oem4f (.const:ti_sysbios_family_arm_m3_Hwi_E_memFault__C)
                  00005e54    00000004     hello_pem4f.oem4f (.const:ti_sysbios_family_arm_m3_Hwi_E_noIsr__C)
                  00005e58    00000004     hello_pem4f.oem4f (.const:ti_sysbios_family_arm_m3_Hwi_E_reserved__C)
                  00005e5c    00000004     hello_pem4f.oem4f (.const:ti_sysbios_family_arm_m3_Hwi_E_svCall__C)
                  00005e60    00000004     hello_pem4f.oem4f (.const:ti_sysbios_family_arm_m3_Hwi_E_usageFault__C)
                  00005e64    00000004     hello_pem4f.oem4f (.const:ti_sysbios_family_arm_m3_Hwi_NUM_INTERRUPTS__C)
                  00005e68    00000004     hello_pem4f.oem4f (.const:ti_sysbios_family_arm_m3_Hwi_Object__count__C)
                  00005e6c    00000004     hello_pem4f.oem4f (.const:ti_sysbios_family_arm_m3_Hwi_ccr__C)
                  00005e70    00000004     hello_pem4f.oem4f (.const:ti_sysbios_family_arm_m3_Hwi_excHandlerFunc__C)
                  00005e74    00000004     hello_pem4f.oem4f (.const:ti_sysbios_family_arm_m3_Hwi_excHookFuncs__C)
                  00005e78    00000004     hello_pem4f.oem4f (.const:ti_sysbios_family_arm_m3_Hwi_nullIsrFunc__C)
                  00005e7c    00000004     hello_pem4f.oem4f (.const:ti_sysbios_family_arm_m3_Hwi_priGroup__C)
                  00005e80    00000004     hello_pem4f.oem4f (.const:ti_sysbios_gates_GateMutex_Instance_State_sem__O)
                  00005e84    00000004     hello_pem4f.oem4f (.const:ti_sysbios_hal_Hwi_E_stackOverflow__C)
                  00005e88    00000004     hello_pem4f.oem4f (.const:ti_sysbios_heaps_HeapMem_E_memory__C)
                  00005e8c    00000004     hello_pem4f.oem4f (.const:ti_sysbios_heaps_HeapMem_Module__gateObj__C)
                  00005e90    00000004     hello_pem4f.oem4f (.const:ti_sysbios_heaps_HeapMem_Object__count__C)
                  00005e94    00000004     hello_pem4f.oem4f (.const:ti_sysbios_heaps_HeapMem_reqAlign__C)
                  00005e98    00000004     hello_pem4f.oem4f (.const:ti_sysbios_knl_Clock_Module_State_clockQ__O)
                  00005e9c    00000004     hello_pem4f.oem4f (.const:ti_sysbios_knl_Idle_funcList__A)
                  00005ea0    00000004     hello_pem4f.oem4f (.const:ti_sysbios_knl_Semaphore_Instance_State_pendQ__O)
                  00005ea4    00000004     hello_pem4f.oem4f (.const:ti_sysbios_knl_Swi_Object__count__C)
                  00005ea8    00000004     hello_pem4f.oem4f (.const:ti_sysbios_knl_Task_E_spOutOfBounds__C)
                  00005eac    00000004     hello_pem4f.oem4f (.const:ti_sysbios_knl_Task_E_stackOverflow__C)
                  00005eb0    00000004     hello_pem4f.oem4f (.const:ti_sysbios_knl_Task_Module_State_inactiveQ__O)
                  00005eb4    00000004     hello_pem4f.oem4f (.const:ti_sysbios_knl_Task_Object__count__C)
                  00005eb8    00000004     hello_pem4f.oem4f (.const:ti_sysbios_knl_Task_allBlockedFunc__C)
                  00005ebc    00000004     hello_pem4f.oem4f (.const:ti_sysbios_knl_Task_numConstructedTasks__C)
                  00005ec0    00000004     hello_pem4f.oem4f (.const:xdc_runtime_Assert_E_assertFailed__C)
                  00005ec4    00000004     hello_pem4f.oem4f (.const:xdc_runtime_Core_A_initializedParams__C)
                  00005ec8    00000004     hello_pem4f.oem4f (.const:xdc_runtime_Core_Module__diagsEnabled__C)
                  00005ecc    00000004     hello_pem4f.oem4f (.const:xdc_runtime_Core_Module__diagsIncluded__C)
                  00005ed0    00000004     hello_pem4f.oem4f (.const:xdc_runtime_Core_Module__diagsMask__C)
                  00005ed4    00000004     hello_pem4f.oem4f (.const:xdc_runtime_Error_E_memory__C)
                  00005ed8    00000004     hello_pem4f.oem4f (.const:xdc_runtime_Error_Module__diagsEnabled__C)
                  00005edc    00000004     hello_pem4f.oem4f (.const:xdc_runtime_Error_Module__diagsIncluded__C)
                  00005ee0    00000004     hello_pem4f.oem4f (.const:xdc_runtime_Error_Module__diagsMask__C)
                  00005ee4    00000004     hello_pem4f.oem4f (.const:xdc_runtime_Error_Module__loggerFxn8__C)
                  00005ee8    00000004     hello_pem4f.oem4f (.const:xdc_runtime_Error_Module__loggerObj__C)
                  00005eec    00000004     hello_pem4f.oem4f (.const:xdc_runtime_Error_policyFxn__C)
                  00005ef0    00000004     hello_pem4f.oem4f (.const:xdc_runtime_Error_raiseHook__C)
                  00005ef4    00000004     hello_pem4f.oem4f (.const:xdc_runtime_IGateProvider_Interface__BASE__C)
                  00005ef8    00000004     hello_pem4f.oem4f (.const:xdc_runtime_IHeap_Interface__BASE__C)
                  00005efc    00000004     hello_pem4f.oem4f (.const:xdc_runtime_IModule_Interface__BASE__C)
                  00005f00    00000004     hello_pem4f.oem4f (.const:xdc_runtime_Log_L_error__C)
                  00005f04    00000004     hello_pem4f.oem4f (.const:xdc_runtime_Memory_defaultHeapInstance__C)
                  00005f08    00000004     hello_pem4f.oem4f (.const:xdc_runtime_Startup_execImpl__C)
                  00005f0c    00000004     hello_pem4f.oem4f (.const:xdc_runtime_Startup_maxPasses__C)
                  00005f10    00000004     hello_pem4f.oem4f (.const:xdc_runtime_Startup_sfxnRts__C)
                  00005f14    00000004     hello_pem4f.oem4f (.const:xdc_runtime_Startup_sfxnTab__C)
                  00005f18    00000004     hello_pem4f.oem4f (.const:xdc_runtime_SysMin_bufSize__C)
                  00005f1c    00000004     hello_pem4f.oem4f (.const:xdc_runtime_SysMin_outputFunc__C)
                  00005f20    00000004     hello_pem4f.oem4f (.const:xdc_runtime_System_Module__gateObj__C)
                  00005f24    00000004     hello_pem4f.oem4f (.const:xdc_runtime_System_abortFxn__C)
                  00005f28    00000004     hello_pem4f.oem4f (.const:xdc_runtime_System_exitFxn__C)
                  00005f2c    00000004     hello_pem4f.oem4f (.const:xdc_runtime_System_extendFxn__C)
                  00005f30    00000004     hello_pem4f.oem4f (.const:xdc_runtime_System_maxAtexitHandlers__C)
                  00005f34    00000004     hello_pem4f.oem4f (.const:xdc_runtime_Text_charTab__C)
                  00005f38    00000004     hello_pem4f.oem4f (.const:xdc_runtime_Text_nameEmpty__C)
                  00005f3c    00000004     hello_pem4f.oem4f (.const:xdc_runtime_Text_nameStatic__C)
                  00005f40    00000004     hello_pem4f.oem4f (.const:xdc_runtime_Text_nameUnknown__C)
                  00005f44    00000004     hello_pem4f.oem4f (.const:xdc_runtime_Text_nodeTab__C)
                  00005f48    00000004     hello_pem4f.oem4f (.const:xdc_runtime_Text_visitRopeFxn__C)
                  00005f4c    00000002     hello_pem4f.oem4f (.const:ti_sysbios_family_arm_m3_Hwi_Module__id__C)
                  00005f4e    00000002     hello_pem4f.oem4f (.const:ti_sysbios_hal_Hwi_Module__id__C)
                  00005f50    00000002     hello_pem4f.oem4f (.const:ti_sysbios_heaps_HeapMem_Module__id__C)
                  00005f52    00000002     hello_pem4f.oem4f (.const:ti_sysbios_knl_Task_Module__id__C)
                  00005f54    00000002     hello_pem4f.oem4f (.const:xdc_runtime_Core_Module__id__C)
                  00005f56    00000002     hello_pem4f.oem4f (.const:xdc_runtime_Error_Module__loggerDefined__C)
                  00005f58    00000002     hello_pem4f.oem4f (.const:xdc_runtime_Error_maxDepth__C)
                  00005f5a    00000002     hello_pem4f.oem4f (.const:xdc_runtime_Memory_Module__id__C)
                  00005f5c    00000002     hello_pem4f.oem4f (.const:xdc_runtime_SysMin_flushAtExit__C)
                  00005f5e    00000002     hello_pem4f.oem4f (.const:xdc_runtime_Text_charCnt__C)
                  00005f60    00000002     hello_pem4f.oem4f (.const:xdc_runtime_Text_isLoaded__C)
                  00005f62    00000002     hello_pem4f.oem4f (.const:xdc_runtime_Text_registryModsLastId__C)
                  00005f64    00000002     hello_pem4f.oem4f (.const:xdc_runtime_Text_unnamedModsLastId__C)

.cinit     0    00005f68    000001f0     
                  00005f68    000001bc     (.cinit..data.load) [load image, compression = lzss]
                  00006124    0000000c     (__TI_handler_table)
                  00006130    00000008     (.cinit..bss.load) [load image, compression = zero_init]
                  00006138    00000008     (.cinit..vecs.load) [load image, compression = zero_init]
                  00006140    00000018     (__TI_cinit_table)

.init_array 
*          0    00000000    00000000     UNINITIALIZED

.resetVecs 
*          0    00000000    0000003c     
                  00000000    0000003c     hello_pem4f.oem4f (.resetVecs)

.bss       0    20000360    00000c88     UNINITIALIZED
                  20000360    00000400     (.common:ti_sysbios_heaps_HeapMem_Instance_State_0_buf__A)
                  20000760    00000360     (.common:ti_sysbios_family_arm_m3_Hwi_dispatchTable)
                  20000ac0    00000200     hello_pem4f.oem4f (.bss:taskStackSection)
                  20000cc0    00000200     (.common:xdc_runtime_SysMin_Module_State_0_outbuf__A)
                  20000ec0    00000120     rtsv7M4_T_le_v4SPD16_eabi.lib : trgmsg.c.obj (.bss:_CIOBUF_)
                  20000fe0    00000008     (.common:parmbuf)

.data      0    20000fe8    000003ec     UNINITIALIZED
                  20000fe8    00000080     hello_pem4f.oem4f (.data:ti_sysbios_knl_Swi_Module_State_0_readyQ__A)
                  20001068    00000080     hello_pem4f.oem4f (.data:ti_sysbios_knl_Task_Module_State_0_readyQ__A)
                  200010e8    0000004c     hello_pem4f.oem4f (.data:ti_sysbios_knl_Task_Object__table__V)
                  20001134    00000044     hello_pem4f.oem4f (.data:ti_sysbios_knl_Task_Module__state__V)
                  20001178    00000040     hello_pem4f.oem4f (.data:ti_sysbios_family_arm_lm4_Timer_Module_State_0_device__A)
                  200011b8    00000040     hello_pem4f.oem4f (.data:ti_sysbios_family_arm_lm4_Timer_Object__table__V)
                  200011f8    00000038     hello_pem4f.oem4f (.data:ti_sysbios_gates_GateMutex_Object__table__V)
                  20001230    00000034     hello_pem4f.oem4f (.data:ti_sysbios_family_arm_m3_Hwi_Module__state__V)
                  20001264    00000030     hello_pem4f.oem4f (.data:ti_sysbios_knl_Swi_Object__table__V)
                  20001294    0000002c     hello_pem4f.oem4f (.data:ti_sysbios_knl_Clock_Module__state__V)
                  200012c0    00000024     hello_pem4f.oem4f (.data:ti_sysbios_BIOS_Module__state__V)
                  200012e4    00000020     hello_pem4f.oem4f (.data:ti_sysbios_family_arm_lm4_Timer_Module_State_0_handles__A)
                  20001304    0000001c     hello_pem4f.oem4f (.data:ti_sysbios_knl_Swi_Module__state__V)
                  20001320    00000018     hello_pem4f.oem4f (.data:ti_sysbios_family_arm_m3_Hwi_Object__table__V)
                  20001338    00000018     hello_pem4f.oem4f (.data:ti_sysbios_heaps_HeapMem_Object__table__V)
                  20001350    0000000c     hello_pem4f.oem4f (.data:ti_sysbios_family_arm_lm4_Timer_Module__state__V)
                  2000135c    0000000c     hello_pem4f.oem4f (.data:xdc_runtime_SysMin_Module__state__V)
                  20001368    00000008     rtsv7M4_T_le_v4SPD16_eabi.lib : _lock.c.obj (.data:$O1$$)
                  20001370    00000008     hello_pem4f.oem4f (.data:ti_sysbios_gates_GateHwi_Module__root__V)
                  20001378    00000008     hello_pem4f.oem4f (.data:ti_sysbios_gates_GateMutex_Module__root__V)
                  20001380    00000008     hello_pem4f.oem4f (.data:ti_sysbios_heaps_HeapMem_Module__root__V)
                  20001388    00000008     hello_pem4f.oem4f (.data:ti_sysbios_knl_Queue_Module__root__V)
                  20001390    00000008     hello_pem4f.oem4f (.data:ti_sysbios_knl_Semaphore_Module__root__V)
                  20001398    00000008     hello_pem4f.oem4f (.data:xdc_runtime_Registry_Module__state__V)
                  200013a0    00000008     hello_pem4f.oem4f (.data:xdc_runtime_Startup_Module__state__V)
                  200013a8    00000008     hello_pem4f.oem4f (.data:xdc_runtime_System_Module_State_0_atexitHandlers__A)
                  200013b0    00000008     hello_pem4f.oem4f (.data:xdc_runtime_System_Module__state__V)
                  200013b8    00000004     rtsv7M4_T_le_v4SPD16_eabi.lib : stkdepth_vars.c.obj (.data)
                  200013bc    00000004     hello_pem4f.oem4f (.data:ti_sysbios_family_arm_m3_Hwi_Module_State_0_excContext__A)
                  200013c0    00000004     hello_pem4f.oem4f (.data:ti_sysbios_family_arm_m3_Hwi_Module_State_0_excStack__A)
                  200013c4    00000004     hello_pem4f.oem4f (.data:ti_sysbios_gates_GateHwi_Object__table__V)
                  200013c8    00000004     hello_pem4f.oem4f (.data:ti_sysbios_knl_Task_Module_State_0_idleTask__A)
                  200013cc    00000004     hello_pem4f.oem4f (.data:xdc_runtime_Memory_Module__state__V)
                  200013d0    00000002     hello_pem4f.oem4f (.data:ti_sysbios_family_arm_m3_Hwi_Module_State_0_excActive__A)
                  200013d2    00000002     hello_pem4f.oem4f (.data:xdc_runtime_Error_Module__state__V)

.stack     0    200013d8    00000300     UNINITIALIZED
                  200013d8    00000300     --HOLE--

.bootVecs 
*          0    00000000    00000008     DSECT
                  00000000    00000008     boot.aem4f : boot.oem4f (.bootVecs)

.vecs      0    20000000    00000360     UNINITIALIZED
                  20000000    00000360     hello_pem4f.oem4f (.vecs)

xdc.meta   0    00000000    000000db     COPY SECTION
                  00000000    000000db     hello_pem4f.oem4f (xdc.meta)

MODULE SUMMARY

       Module                       code    ro data   rw data
       ------                       ----    -------   -------
    .\
       EK_TM4C1294XL.obj            184     0         0      
       hello.obj                    38      0         0      
    +--+----------------------------+-------+---------+---------+
       Total:                       222     0         0      
                                                             
    D:\ccs_RTOS\hello_EK_TM4C1294XL_TI\Debug\configPkg\package\cfg\
       hello_pem4f.oem4f            1450    7402      4768   
    +--+----------------------------+-------+---------+---------+
       Total:                       1450    7402      4768   
                                                             
    C:/ti/tirtos_tivac_2_16_00_08/products/TivaWare_C_Series-2.1.1.71b/driverlib/ccs/Debug/driverlib.lib
       sysctl.obj                   52      0         0      
    +--+----------------------------+-------+---------+---------+
       Total:                       52      0         0      
                                                             
    C:\ti\ccs901\ccs\tools\compiler\ti-cgt-arm_18.12.1.LTS\lib\rtsv7M4_T_le_v4SPD16_eabi.lib
       trgmsg.c.obj                 108     0         288    
       memcpy_t2.asm.obj            156     0         0      
       memset_t2.asm.obj            122     0         0      
       copy_decompress_lzss.c.obj   104     0         0      
       hostwrite.c.obj              88      0         0      
       cpy_tbl.c.obj                76      0         0      
       u_divt2.asm.obj              64      0         0      
       _lock.c.obj                  26      0         8      
       args_main.c.obj              24      0         0      
       strlen.c.obj                 20      0         0      
       copy_decompress_none.c.obj   14      0         0      
       copy_zero_init.c.obj         12      0         0      
       hostopen.c.obj               0       0         8      
       exit.c.obj                   4       0         0      
       stkdepth_vars.c.obj          0       0         4      
       div0.asm.obj                 2       0         0      
    +--+----------------------------+-------+---------+---------+
       Total:                       820     0         308    
                                                             
    C:\ti\tirtos_tivac_2_16_00_08\products\bios_6_45_01_29\packages\ti\catalog\arm\cortexm4\tiva\ce\lib\Boot.aem4f
       Boot_sysctl.oem4f            628     452       0      
       Boot.oem4f                   152     0         0      
    +--+----------------------------+-------+---------+---------+
       Total:                       780     452       0      
                                                             
    C:\ti\tirtos_tivac_2_16_00_08\products\bios_6_45_01_29\packages\ti\targets\arm\rtsarm\lib\auto_init.aem4f
       auto_init.oem4f              160     0         0      
    +--+----------------------------+-------+---------+---------+
       Total:                       160     0         0      
                                                             
    C:\ti\tirtos_tivac_2_16_00_08\products\bios_6_45_01_29\packages\ti\targets\arm\rtsarm\lib\boot.aem4f
       boot.oem4f                   88      0         0      
    +--+----------------------------+-------+---------+---------+
       Total:                       88      0         0      
                                                             
    C:\ti\tirtos_tivac_2_16_00_08\products\bios_6_45_01_29\packages\ti\targets\arm\rtsarm\lib\ti.targets.arm.rtsarm.aem4f
       System.oem4f                 1255    0         0      
       Text.oem4f                   672     0         0      
       Error.oem4f                  524     0         0      
       Core-mem.oem4f               358     0         0      
       Startup.oem4f                328     0         0      
       SysMin.oem4f                 248     0         0      
       Core-smem.oem4f              204     0         0      
       Memory.oem4f                 176     0         0      
       Assert.oem4f                 84      0         0      
       Core-params.oem4f            70      0         0      
       Core-label.oem4f             52      0         0      
       Registry.oem4f               32      0         0      
       Gate.oem4f                   28      0         0      
    +--+----------------------------+-------+---------+---------+
       Total:                       4031    0         0      
                                                             
    D:\ccs_RTOS\hello_EK_TM4C1294XL_TI\src\sysbios\sysbios.aem4f
       BIOS.obj                     8196    0         0      
       m3_Hwi_asm.obj               314     0         0      
       m3_TaskSupport_asm.obj       180     0         0      
       m3_Hwi_asm_switch.obj        118     0         0      
    +--+----------------------------+-------+---------+---------+
       Total:                       8808    0         0      
                                                             
       Stack:                       0       0         768    
       Linker Generated:            0       496       0      
    +--+----------------------------+-------+---------+---------+
       Grand Total:                 16411   8350      5844   


LINKER GENERATED COPY TABLES

__TI_cinit_table @ 00006140 records: 3, size/record: 8, table size: 24
	.data: load addr=00005f68, load size=000001bc bytes, run addr=20000fe8, run size=000003ec bytes, compression=lzss
	.bss: load addr=00006130, load size=00000008 bytes, run addr=20000360, run size=00000c88 bytes, compression=zero_init
	.vecs: load addr=00006138, load size=00000008 bytes, run addr=20000000, run size=00000360 bytes, compression=zero_init


LINKER GENERATED HANDLER TABLE

__TI_handler_table @ 00006124 records: 3, size/record: 4, table size: 12
	index: 0, handler: __TI_decompress_lzss
	index: 1, handler: __TI_decompress_none
	index: 2, handler: __TI_zero_init


GLOBAL SYMBOLS: SORTED ALPHABETICALLY BY Name 

address   name                                                                 
-------   ----                                                                 
00000bbd  C$$EXIT                                                              
0000328b  C$$IO$$                                                              
00001a65  EK_TM4C1294XL_initGeneral                                            
00002a01  HOSTwrite                                                            
UNDEFED   SHT$$INIT_ARRAY$$Base                                                
UNDEFED   SHT$$INIT_ARRAY$$Limit                                               
00003379  SysCtlPeripheralEnable                                               
00000000  __ASM__                                                              
20000ec0  __CIOBUF_                                                            
00000059  __ISA__                                                              
0000006c  __PLAT__                                                             
200016d8  __STACK_END                                                          
00000300  __STACK_SIZE                                                         
0000008d  __TARG__                                                             
00006140  __TI_CINIT_Base                                                      
00006158  __TI_CINIT_Limit                                                     
00006124  __TI_Handler_Table_Base                                              
00006130  __TI_Handler_Table_Limit                                             
00001c85  __TI_auto_init                                                       
00002565  __TI_decompress_lzss                                                 
00003fb9  __TI_decompress_none                                                 
ffffffff  __TI_pprof_out_hndl                                                  
ffffffff  __TI_prof_data_size                                                  
ffffffff  __TI_prof_data_start                                                 
000033ad  __TI_readmsg                                                         
00005f68  __TI_static_base__                                                   
0000325d  __TI_writemsg                                                        
00004001  __TI_zero_init                                                       
000000b3  __TRDR__                                                             
000022cf  __aeabi_idiv0                                                        
000022cf  __aeabi_ldiv0                                                        
00002255  __aeabi_memclr                                                       
00002255  __aeabi_memclr4                                                      
00002255  __aeabi_memclr8                                                      
00001dc5  __aeabi_memcpy                                                       
00001dc5  __aeabi_memcpy4                                                      
00001dc5  __aeabi_memcpy8                                                      
00002257  __aeabi_memset                                                       
00002257  __aeabi_memset4                                                      
00002257  __aeabi_memset8                                                      
000030e1  __aeabi_uidiv                                                        
000030e1  __aeabi_uidivmod                                                     
ffffffff  __binit__                                                            
ffffffff  __c_args__                                                           
200013d8  __stack                                                              
00003d55  _args_main                                                           
000029a9  _c_int00                                                             
20001368  _lock                                                                
00001efb  _nop                                                                 
00003fe9  _register_lock                                                       
00003ff5  _register_unlock                                                     
2000136c  _unlock                                                              
00000bbd  abort                                                                
ffffffff  binit                                                                
00002c99  copy_in                                                              
00003839  main                                                                 
200013b8  main_func_sp                                                         
00001dc5  memcpy                                                               
0000225d  memset                                                               
00003f59  osi_TaskDisable                                                      
20000fe0  parmbuf                                                              
00003e47  strlen                                                               
00005e24  ti_catalog_arm_cortexm4_tiva_ce_Boot_A_mustNotUseEnhancedClockMode__C
00005e28  ti_catalog_arm_cortexm4_tiva_ce_Boot_Module__diagsEnabled__C         
00005e2c  ti_catalog_arm_cortexm4_tiva_ce_Boot_Module__diagsIncluded__C        
00005e30  ti_catalog_arm_cortexm4_tiva_ce_Boot_Module__diagsMask__C            
00005956  ti_catalog_arm_cortexm4_tiva_ce_Boot_Module__id__C                   
00003ed5  ti_catalog_arm_cortexm4_tiva_ce_Boot_init__I                         
000007bd  ti_catalog_arm_cortexm4_tiva_ce_Boot_sysCtlClockFreqSetI__I          
00001efd  ti_catalog_arm_cortexm4_tiva_ce_Boot_sysCtlClockFreqSet__E           
200012c0  ti_sysbios_BIOS_Module__state__V                                     
00003cb9  ti_sysbios_BIOS_RtsGateProxy_Handle__label__S                        
0000393d  ti_sysbios_BIOS_RtsGateProxy_Object__delete__S                       
00000d35  ti_sysbios_BIOS_RtsGateProxy_enter__E                                
00000e9d  ti_sysbios_BIOS_RtsGateProxy_leave__E                                
000040d9  ti_sysbios_BIOS_RtsGateProxy_query__E                                
000034ed  ti_sysbios_BIOS_atExitFunc__I                                        
000038ad  ti_sysbios_BIOS_errorRaiseHook__I                                    
00003e31  ti_sysbios_BIOS_exitFunc__I                                          
00003ee9  ti_sysbios_BIOS_exit__E                                              
0000241f  ti_sysbios_BIOS_nullFunc__I                                          
000038d1  ti_sysbios_BIOS_registerRTSLock__I                                   
000038f5  ti_sysbios_BIOS_removeRTSLock__I                                     
00003a5d  ti_sysbios_BIOS_rtsLock__I                                           
00003d6d  ti_sysbios_BIOS_rtsUnlock__I                                         
00003ef9  ti_sysbios_BIOS_setThreadType__E                                     
00003919  ti_sysbios_BIOS_startFunc__I                                         
20001178  ti_sysbios_family_arm_lm4_Timer_Module_State_0_device__A             
200012e4  ti_sysbios_family_arm_lm4_Timer_Module_State_0_handles__A            
00003d85  ti_sysbios_family_arm_lm4_Timer_Module__startupDone__F               
00003d85  ti_sysbios_family_arm_lm4_Timer_Module__startupDone__S               
20001350  ti_sysbios_family_arm_lm4_Timer_Module__state__V                     
00002639  ti_sysbios_family_arm_lm4_Timer_Module_startup__E                    
200011b8  ti_sysbios_family_arm_lm4_Timer_Object__table__V                     
00005e34  ti_sysbios_family_arm_lm4_Timer_enableFunc__C                        
00002dd9  ti_sysbios_family_arm_lm4_Timer_enableTimers__I                      
00001bd9  ti_sysbios_family_arm_lm4_Timer_enableTiva__I                        
00004011  ti_sysbios_family_arm_lm4_Timer_getMaxTicks__E                       
00002ab1  ti_sysbios_family_arm_lm4_Timer_initDevice__I                        
00002f41  ti_sysbios_family_arm_lm4_Timer_isrStub__E                           
0000408d  ti_sysbios_family_arm_lm4_Timer_masterDisable__I                     
00000ff5  ti_sysbios_family_arm_lm4_Timer_masterEnable__I                      
00005e38  ti_sysbios_family_arm_lm4_Timer_numTimerDevices__C                   
00001259  ti_sysbios_family_arm_lm4_Timer_start__E                             
00005e3c  ti_sysbios_family_arm_lm4_Timer_startupNeeded__C                     
00003121  ti_sysbios_family_arm_lm4_Timer_startup__E                           
00003521  ti_sysbios_family_arm_lm4_Timer_stop__E                              
000039f9  ti_sysbios_family_arm_lm4_Timer_write__I                             
00005e40  ti_sysbios_family_arm_m3_Hwi_E_NMI__C                                
00005e44  ti_sysbios_family_arm_m3_Hwi_E_busFault__C                           
00005e48  ti_sysbios_family_arm_m3_Hwi_E_debugMon__C                           
00005e4c  ti_sysbios_family_arm_m3_Hwi_E_hardFault__C                          
00005e50  ti_sysbios_family_arm_m3_Hwi_E_memFault__C                           
00005e54  ti_sysbios_family_arm_m3_Hwi_E_noIsr__C                              
00005e58  ti_sysbios_family_arm_m3_Hwi_E_reserved__C                           
00005e5c  ti_sysbios_family_arm_m3_Hwi_E_svCall__C                             
00005e60  ti_sysbios_family_arm_m3_Hwi_E_usageFault__C                         
00003c85  ti_sysbios_family_arm_m3_Hwi_Handle__label__S                        
200013d0  ti_sysbios_family_arm_m3_Hwi_Module_State_0_excActive__A             
200013bc  ti_sysbios_family_arm_m3_Hwi_Module_State_0_excContext__A            
200013c0  ti_sysbios_family_arm_m3_Hwi_Module_State_0_excStack__A              
00005f4c  ti_sysbios_family_arm_m3_Hwi_Module__id__C                           
00003d9d  ti_sysbios_family_arm_m3_Hwi_Module__startupDone__F                  
00003d9d  ti_sysbios_family_arm_m3_Hwi_Module__startupDone__S                  
20001230  ti_sysbios_family_arm_m3_Hwi_Module__state__V                        
00002ba9  ti_sysbios_family_arm_m3_Hwi_Module_startup__E                       
00005e64  ti_sysbios_family_arm_m3_Hwi_NUM_INTERRUPTS__C                       
00005e68  ti_sysbios_family_arm_m3_Hwi_Object__count__C                        
00003e5d  ti_sysbios_family_arm_m3_Hwi_Object__get__S                          
20001320  ti_sysbios_family_arm_m3_Hwi_Object__table__V                        
00005e6c  ti_sysbios_family_arm_m3_Hwi_ccr__C                                  
00002e21  ti_sysbios_family_arm_m3_Hwi_disableInterrupt__E                     
000026a1  ti_sysbios_family_arm_m3_Hwi_dispatchC__I                            
20000760  ti_sysbios_family_arm_m3_Hwi_dispatchTable                           
00001651  ti_sysbios_family_arm_m3_Hwi_dispatch__I                             
00004099  ti_sysbios_family_arm_m3_Hwi_doSwiRestore__I                         
000040a9  ti_sysbios_family_arm_m3_Hwi_doTaskRestore__I                        
00002e69  ti_sysbios_family_arm_m3_Hwi_enableInterrupt__E                      
00000bc1  ti_sysbios_family_arm_m3_Hwi_excBusFault__I                          
000018e9  ti_sysbios_family_arm_m3_Hwi_excDebugMon__I                          
00000041  ti_sysbios_family_arm_m3_Hwi_excDumpRegs__I                          
00003a7d  ti_sysbios_family_arm_m3_Hwi_excHandlerAsm__I                        
00005e70  ti_sysbios_family_arm_m3_Hwi_excHandlerFunc__C                       
000009c1  ti_sysbios_family_arm_m3_Hwi_excHandlerMax__I                        
00003aa1  ti_sysbios_family_arm_m3_Hwi_excHandler__I                           
000019a9  ti_sysbios_family_arm_m3_Hwi_excHardFault__I                         
00005e04  ti_sysbios_family_arm_m3_Hwi_excHookFuncs__A                         
00005e74  ti_sysbios_family_arm_m3_Hwi_excHookFuncs__C                         
00000ff9  ti_sysbios_family_arm_m3_Hwi_excMemFault__I                          
000033e1  ti_sysbios_family_arm_m3_Hwi_excNmi__I                               
00003299  ti_sysbios_family_arm_m3_Hwi_excNoIsr__I                             
00002eb1  ti_sysbios_family_arm_m3_Hwi_excReserved__I                          
000031a1  ti_sysbios_family_arm_m3_Hwi_excSvCall__I                            
00000d39  ti_sysbios_family_arm_m3_Hwi_excUsageFault__I                        
00002f89  ti_sysbios_family_arm_m3_Hwi_getStackInfo__E                         
00001f99  ti_sysbios_family_arm_m3_Hwi_initNVIC__E                             
00002a59  ti_sysbios_family_arm_m3_Hwi_initStacks__E                           
00005e78  ti_sysbios_family_arm_m3_Hwi_nullIsrFunc__C                          
e000e000  ti_sysbios_family_arm_m3_Hwi_nvic                                    
0000385f  ti_sysbios_family_arm_m3_Hwi_pendSV__I                               
00002151  ti_sysbios_family_arm_m3_Hwi_postInit__I                             
00005e7c  ti_sysbios_family_arm_m3_Hwi_priGroup__C                             
20000000  ti_sysbios_family_arm_m3_Hwi_ramVectors                              
00000000  ti_sysbios_family_arm_m3_Hwi_resetVectors                            
00003883  ti_sysbios_family_arm_m3_Hwi_return                                  
000040a1  ti_sysbios_family_arm_m3_Hwi_startup__E                              
00003e71  ti_sysbios_family_arm_m3_Hwi_switchFromBootStack__E                  
00001745  ti_sysbios_family_arm_m3_TaskSupport_Module__startupDone__S          
000020c5  ti_sysbios_family_arm_m3_TaskSupport_buildTaskStack                  
00004021  ti_sysbios_family_arm_m3_TaskSupport_checkStack__E                   
00003f09  ti_sysbios_family_arm_m3_TaskSupport_glue                            
00003551  ti_sysbios_family_arm_m3_TaskSupport_start__E                        
00003db5  ti_sysbios_family_arm_m3_TaskSupport_swap__E                         
00003b81  ti_sysbios_family_xxx_Hwi_switchAndRunFunc                           
00003c9f  ti_sysbios_gates_GateHwi_Handle__label__S                            
000040e9  ti_sysbios_gates_GateHwi_Instance_init__E                            
00005c40  ti_sysbios_gates_GateHwi_Module__FXNS__C                             
20001370  ti_sysbios_gates_GateHwi_Module__root__V                             
00005cd0  ti_sysbios_gates_GateHwi_Object__DESC__C                             
00005d90  ti_sysbios_gates_GateHwi_Object__PARAMS__C                           
00003581  ti_sysbios_gates_GateHwi_Object__create__S                           
00003ac1  ti_sysbios_gates_GateHwi_Object__delete__S                           
200013c4  ti_sysbios_gates_GateHwi_Object__table__V                            
00004031  ti_sysbios_gates_GateHwi_enter__E                                    
000040b1  ti_sysbios_gates_GateHwi_leave__E                                    
000040d1  ti_sysbios_gates_GateHwi_query__E                                    
00003cb9  ti_sysbios_gates_GateMutex_Handle__label__S                          
00005e80  ti_sysbios_gates_GateMutex_Instance_State_sem__O                     
00003f19  ti_sysbios_gates_GateMutex_Instance_finalize__E                      
00003ba1  ti_sysbios_gates_GateMutex_Instance_init__E                          
00005c64  ti_sysbios_gates_GateMutex_Module__FXNS__C                           
20001378  ti_sysbios_gates_GateMutex_Module__root__V                           
00005cf0  ti_sysbios_gates_GateMutex_Object__DESC__C                           
00005da8  ti_sysbios_gates_GateMutex_Object__PARAMS__C                         
000035b1  ti_sysbios_gates_GateMutex_Object__create__S                         
0000393d  ti_sysbios_gates_GateMutex_Object__delete__S                         
200011f8  ti_sysbios_gates_GateMutex_Object__table__V                          
000035e1  ti_sysbios_gates_GateMutex_enter__E                                  
00003dd1  ti_sysbios_gates_GateMutex_leave__E                                  
000040d9  ti_sysbios_gates_GateMutex_query__E                                  
00005e84  ti_sysbios_hal_Hwi_E_stackOverflow__C                                
00003c85  ti_sysbios_hal_Hwi_HwiProxy_Handle__label__S                         
00003d9d  ti_sysbios_hal_Hwi_HwiProxy_Module__startupDone__S                   
00002e21  ti_sysbios_hal_Hwi_HwiProxy_disableInterrupt__E                      
00002e69  ti_sysbios_hal_Hwi_HwiProxy_enableInterrupt__E                       
00002f89  ti_sysbios_hal_Hwi_HwiProxy_getStackInfo__E                          
000040a1  ti_sysbios_hal_Hwi_HwiProxy_startup__E                               
00003e71  ti_sysbios_hal_Hwi_HwiProxy_switchFromBootStack__E                   
00005f4e  ti_sysbios_hal_Hwi_Module__id__C                                     
00003eb1  ti_sysbios_hal_Hwi_Module_startup__E                                 
00003419  ti_sysbios_hal_Hwi_checkStack                                        
00002e21  ti_sysbios_hal_Hwi_disableInterrupt__E                               
00002e69  ti_sysbios_hal_Hwi_enableInterrupt__E                                
00002f89  ti_sysbios_hal_Hwi_getStackInfo__E                                   
000034b9  ti_sysbios_hal_Hwi_initStack                                         
000040a1  ti_sysbios_hal_Hwi_startup__E                                        
00003e71  ti_sysbios_hal_Hwi_switchFromBootStack__E                            
00005e88  ti_sysbios_heaps_HeapMem_E_memory__C                                 
00003cd3  ti_sysbios_heaps_HeapMem_Handle__label__S                            
20000360  ti_sysbios_heaps_HeapMem_Instance_State_0_buf__A                     
00003161  ti_sysbios_heaps_HeapMem_Instance_init__E                            
00003cb9  ti_sysbios_heaps_HeapMem_Module_GateProxy_Handle__label__S           
0000393d  ti_sysbios_heaps_HeapMem_Module_GateProxy_Object__delete__S          
000019a5  ti_sysbios_heaps_HeapMem_Module_GateProxy_enter__E                   
00001b1d  ti_sysbios_heaps_HeapMem_Module_GateProxy_leave__E                   
000040d9  ti_sysbios_heaps_HeapMem_Module_GateProxy_query__E                   
00005c18  ti_sysbios_heaps_HeapMem_Module__FXNS__C                             
00005e8c  ti_sysbios_heaps_HeapMem_Module__gateObj__C                          
00005f50  ti_sysbios_heaps_HeapMem_Module__id__C                               
20001380  ti_sysbios_heaps_HeapMem_Module__root__V                             
00005d10  ti_sysbios_heaps_HeapMem_Object__DESC__C                             
00005c88  ti_sysbios_heaps_HeapMem_Object__PARAMS__C                           
00005e90  ti_sysbios_heaps_HeapMem_Object__count__C                            
00003611  ti_sysbios_heaps_HeapMem_Object__create__S                           
00003ae1  ti_sysbios_heaps_HeapMem_Object__delete__S                           
00003e85  ti_sysbios_heaps_HeapMem_Object__get__S                              
20001338  ti_sysbios_heaps_HeapMem_Object__table__V                            
00001749  ti_sysbios_heaps_HeapMem_alloc__E                                    
000021d9  ti_sysbios_heaps_HeapMem_free__E                                     
00002ce9  ti_sysbios_heaps_HeapMem_getStats__E                                 
000031e1  ti_sysbios_heaps_HeapMem_init__I                                     
000040b9  ti_sysbios_heaps_HeapMem_isBlocking__E                               
00005e94  ti_sysbios_heaps_HeapMem_reqAlign__C                                 
00005e98  ti_sysbios_knl_Clock_Module_State_clockQ__O                          
20001294  ti_sysbios_knl_Clock_Module__state__V                                
00003961  ti_sysbios_knl_Clock_Module_startup__E                               
00003d85  ti_sysbios_knl_Clock_TimerProxy_Module__startupDone__S               
00001bd5  ti_sysbios_knl_Clock_TimerProxy_getMaxTicks__E                       
00003121  ti_sysbios_knl_Clock_TimerProxy_startup__E                           
00003731  ti_sysbios_knl_Clock_doTick__I                                       
000040f1  ti_sysbios_knl_Clock_logTick__E                                      
000022d1  ti_sysbios_knl_Clock_workFunc__E                                     
00005e9c  ti_sysbios_knl_Idle_funcList__A                                      
00005e0c  ti_sysbios_knl_Idle_funcList__C                                      
00003fc9  ti_sysbios_knl_Idle_loop__E                                          
00003b01  ti_sysbios_knl_Idle_run__E                                           
000040c1  ti_sysbios_knl_Queue_Instance_init__E                                
20001388  ti_sysbios_knl_Queue_Module__root__V                                 
00005d30  ti_sysbios_knl_Queue_Object__DESC__C                                 
00005dc0  ti_sysbios_knl_Queue_Object__PARAMS__C                               
00003bbd  ti_sysbios_knl_Queue_Object__destruct__S                             
0000403d  ti_sysbios_knl_Queue_Object__get__S                                  
0000375d  ti_sysbios_knl_Queue_construct                                       
00001f95  ti_sysbios_knl_Queue_destruct                                        
00003fd9  ti_sysbios_knl_Queue_empty__E                                        
00003bd9  ti_sysbios_knl_Queue_put__E                                          
00005ea0  ti_sysbios_knl_Semaphore_Instance_State_pendQ__O                     
00003f29  ti_sysbios_knl_Semaphore_Instance_finalize__E                        
00003989  ti_sysbios_knl_Semaphore_Instance_init__E                            
20001390  ti_sysbios_knl_Semaphore_Module__root__V                             
00005d50  ti_sysbios_knl_Semaphore_Object__DESC__C                             
00005cac  ti_sysbios_knl_Semaphore_Object__PARAMS__C                           
00003b21  ti_sysbios_knl_Semaphore_Object__destruct__S                         
00003641  ti_sysbios_knl_Semaphore_construct                                   
0000202d  ti_sysbios_knl_Semaphore_destruct                                    
00003671  ti_sysbios_knl_Semaphore_pendTimeout__I                              
00000ea1  ti_sysbios_knl_Semaphore_pend__E                                     
00002709  ti_sysbios_knl_Semaphore_post__E                                     
00003ced  ti_sysbios_knl_Swi_Handle__label__S                                  
20000fe8  ti_sysbios_knl_Swi_Module_State_0_readyQ__A                          
20001304  ti_sysbios_knl_Swi_Module__state__V                                  
00003811  ti_sysbios_knl_Swi_Module_startup__E                                 
00005ea4  ti_sysbios_knl_Swi_Object__count__C                                  
00003e99  ti_sysbios_knl_Swi_Object__get__S                                    
20001264  ti_sysbios_knl_Swi_Object__table__V                                  
00003f39  ti_sysbios_knl_Swi_disable__E                                        
00002fd1  ti_sysbios_knl_Swi_post__E                                           
00002421  ti_sysbios_knl_Swi_restoreHwi__E                                     
00003221  ti_sysbios_knl_Swi_restore__E                                        
00002d39  ti_sysbios_knl_Swi_runLoop__I                                        
000027d1  ti_sysbios_knl_Swi_run__I                                            
00002831  ti_sysbios_knl_Swi_schedule__I                                       
000040c9  ti_sysbios_knl_Swi_startup__E                                        
00005ea8  ti_sysbios_knl_Task_E_spOutOfBounds__C                               
00005eac  ti_sysbios_knl_Task_E_stackOverflow__C                               
00003d07  ti_sysbios_knl_Task_Handle__label__S                                 
20000ac0  ti_sysbios_knl_Task_Instance_State_0_stack__A                        
200013c8  ti_sysbios_knl_Task_Module_State_0_idleTask__A                       
20001068  ti_sysbios_knl_Task_Module_State_0_readyQ__A                         
00005eb0  ti_sysbios_knl_Task_Module_State_inactiveQ__O                        
00005f52  ti_sysbios_knl_Task_Module__id__C                                    
20001134  ti_sysbios_knl_Task_Module__state__V                                 
00002891  ti_sysbios_knl_Task_Module_startup__E                                
00005eb4  ti_sysbios_knl_Task_Object__count__C                                 
00003f49  ti_sysbios_knl_Task_Object__get__S                                   
200010e8  ti_sysbios_knl_Task_Object__table__V                                 
[...]
00003d21  xdc_runtime_System_aprintf__E                                        
00003d3b  xdc_runtime_System_printf__E                                         
00003d55  _args_main                                                           
00003d6d  ti_sysbios_BIOS_rtsUnlock__I                                         
00003d85  ti_sysbios_family_arm_lm4_Timer_Module__startupDone__F               
00003d85  ti_sysbios_family_arm_lm4_Timer_Module__startupDone__S               
00003d85  ti_sysbios_knl_Clock_TimerProxy_Module__startupDone__S               
00003d9d  ti_sysbios_family_arm_m3_Hwi_Module__startupDone__F                  
00003d9d  ti_sysbios_family_arm_m3_Hwi_Module__startupDone__S                  
00003d9d  ti_sysbios_hal_Hwi_HwiProxy_Module__startupDone__S                   
00003db5  ti_sysbios_family_arm_m3_TaskSupport_swap__E                         
00003db5  ti_sysbios_knl_Task_SupportProxy_swap__E                             
00003dc1  ti_sysbios_knl_Task_swapReturn                                       
00003dd1  ti_sysbios_gates_GateMutex_leave__E                                  
00003de9  xdc_runtime_Error_check__E                                           
00003e01  xdc_runtime_System_exit__E                                           
00003e19  xdc_runtime_Text_ropeText__E                                         
00003e31  ti_sysbios_BIOS_exitFunc__I                                          
00003e47  strlen                                                               
00003e5d  ti_sysbios_family_arm_m3_Hwi_Object__get__S                          
00003e71  ti_sysbios_family_arm_m3_Hwi_switchFromBootStack__E                  
00003e71  ti_sysbios_hal_Hwi_HwiProxy_switchFromBootStack__E                   
00003e71  ti_sysbios_hal_Hwi_switchFromBootStack__E                            
00003e85  ti_sysbios_heaps_HeapMem_Object__get__S                              
00003e99  ti_sysbios_knl_Swi_Object__get__S                                    
00003eb1  ti_sysbios_hal_Hwi_Module_startup__E                                 
00003ec3  xdc_runtime_Startup_exec__I                                          
00003ed5  ti_catalog_arm_cortexm4_tiva_ce_Boot_init__I                         
00003ee9  ti_sysbios_BIOS_exit__E                                              
00003ef9  ti_sysbios_BIOS_setThreadType__E                                     
00003f09  ti_sysbios_family_arm_m3_TaskSupport_glue                            
00003f19  ti_sysbios_gates_GateMutex_Instance_finalize__E                      
00003f29  ti_sysbios_knl_Semaphore_Instance_finalize__E                        
00003f39  ti_sysbios_knl_Swi_disable__E                                        
00003f49  ti_sysbios_knl_Task_Object__get__S                                   
00003f59  osi_TaskDisable                                                      
00003f59  ti_sysbios_knl_Task_disable__E                                       
00003f69  xdc_runtime_Gate_leaveSystem__E                                      
00003f79  xdc_runtime_Memory_free__E                                           
00003f89  xdc_runtime_SysMin_ready__E                                          
00003f89  xdc_runtime_System_SupportProxy_ready__E                             
00003f99  xdc_runtime_System_vsnprintf__E                                      
00003fa9  xdc_runtime_Text_visitRope__I                                        
00003fb9  __TI_decompress_none                                                 
00003fc9  ti_sysbios_knl_Idle_loop__E                                          
00003fd9  ti_sysbios_knl_Queue_empty__E                                        
00003fe9  _register_lock                                                       
00003ff5  _register_unlock                                                     
00004001  __TI_zero_init                                                       
00004011  ti_sysbios_family_arm_lm4_Timer_getMaxTicks__E                       
00004021  ti_sysbios_family_arm_m3_TaskSupport_checkStack__E                   
00004021  ti_sysbios_knl_Task_SupportProxy_checkStack__E                       
00004031  ti_sysbios_gates_GateHwi_enter__E                                    
0000403d  ti_sysbios_knl_Queue_Object__get__S                                  
00004049  xdc_runtime_Error_init__E                                            
00004055  xdc_runtime_Gate_enterSystem__E                                      
00004061  xdc_runtime_Memory_calloc__E                                         
0000406d  xdc_runtime_Memory_getMaxDefaultTypeAlign__E                         
00004079  xdc_runtime_Memory_HeapProxy_alloc__E                                
00004083  xdc_runtime_Memory_HeapProxy_free__E                                 
0000408d  ti_sysbios_family_arm_lm4_Timer_masterDisable__I                     
00004099  ti_sysbios_family_arm_m3_Hwi_doSwiRestore__I                         
000040a1  ti_sysbios_family_arm_m3_Hwi_startup__E                              
000040a1  ti_sysbios_hal_Hwi_HwiProxy_startup__E                               
000040a1  ti_sysbios_hal_Hwi_startup__E                                        
000040a9  ti_sysbios_family_arm_m3_Hwi_doTaskRestore__I                        
000040b1  ti_sysbios_gates_GateHwi_leave__E                                    
000040b9  ti_sysbios_heaps_HeapMem_isBlocking__E                               
000040c1  ti_sysbios_knl_Queue_Instance_init__E                                
000040c9  ti_sysbios_knl_Swi_startup__E                                        
000040d1  ti_sysbios_gates_GateHwi_query__E                                    
000040d1  xdc_runtime_Main_Module_GateProxy_query__E                           
000040d1  xdc_runtime_System_Module_GateProxy_query__E                         
000040d9  ti_sysbios_BIOS_RtsGateProxy_query__E                                
000040d9  ti_sysbios_gates_GateMutex_query__E                                  
000040d9  ti_sysbios_heaps_HeapMem_Module_GateProxy_query__E                   
000040e1  ti_sysbios_knl_Task_startup__E                                       
000040e9  ti_sysbios_gates_GateHwi_Instance_init__E                            
000040f1  ti_sysbios_knl_Clock_logTick__E                                      
000040f4  xdc_runtime_Text_charTab__A                                          
00005955  xdc_runtime_Error_policy__C                                          
00005956  ti_catalog_arm_cortexm4_tiva_ce_Boot_Module__id__C                   
00005a78  xdc_runtime_Text_nodeTab__A                                          
00005c18  ti_sysbios_heaps_HeapMem_Module__FXNS__C                             
00005c40  ti_sysbios_gates_GateHwi_Module__FXNS__C                             
00005c64  ti_sysbios_gates_GateMutex_Module__FXNS__C                           
00005c88  ti_sysbios_heaps_HeapMem_Object__PARAMS__C                           
00005cac  ti_sysbios_knl_Semaphore_Object__PARAMS__C                           
00005cd0  ti_sysbios_gates_GateHwi_Object__DESC__C                             
00005cf0  ti_sysbios_gates_GateMutex_Object__DESC__C                           
00005d10  ti_sysbios_heaps_HeapMem_Object__DESC__C                             
00005d30  ti_sysbios_knl_Queue_Object__DESC__C                                 
00005d50  ti_sysbios_knl_Semaphore_Object__DESC__C                             
00005d70  xdc_runtime_Startup_sfxnTab__A                                       
00005d90  ti_sysbios_gates_GateHwi_Object__PARAMS__C                           
00005da8  ti_sysbios_gates_GateMutex_Object__PARAMS__C                         
00005dc0  ti_sysbios_knl_Queue_Object__PARAMS__C                               
00005dd8  xdc_runtime_Startup_firstFxns__A                                     
00005dec  xdc_runtime_Startup_sfxnRts__A                                       
00005e04  ti_sysbios_family_arm_m3_Hwi_excHookFuncs__A                         
00005e0c  ti_sysbios_knl_Idle_funcList__C                                      
00005e14  xdc_runtime_Startup_firstFxns__C                                     
00005e1c  xdc_runtime_Startup_lastFxns__C                                      
00005e24  ti_catalog_arm_cortexm4_tiva_ce_Boot_A_mustNotUseEnhancedClockMode__C
00005e28  ti_catalog_arm_cortexm4_tiva_ce_Boot_Module__diagsEnabled__C         
00005e2c  ti_catalog_arm_cortexm4_tiva_ce_Boot_Module__diagsIncluded__C        
00005e30  ti_catalog_arm_cortexm4_tiva_ce_Boot_Module__diagsMask__C            
00005e34  ti_sysbios_family_arm_lm4_Timer_enableFunc__C                        
00005e38  ti_sysbios_family_arm_lm4_Timer_numTimerDevices__C                   
00005e3c  ti_sysbios_family_arm_lm4_Timer_startupNeeded__C                     
00005e40  ti_sysbios_family_arm_m3_Hwi_E_NMI__C                                
00005e44  ti_sysbios_family_arm_m3_Hwi_E_busFault__C                           
00005e48  ti_sysbios_family_arm_m3_Hwi_E_debugMon__C                           
00005e4c  ti_sysbios_family_arm_m3_Hwi_E_hardFault__C                          
00005e50  ti_sysbios_family_arm_m3_Hwi_E_memFault__C                           
00005e54  ti_sysbios_family_arm_m3_Hwi_E_noIsr__C                              
00005e58  ti_sysbios_family_arm_m3_Hwi_E_reserved__C                           
00005e5c  ti_sysbios_family_arm_m3_Hwi_E_svCall__C                             
00005e60  ti_sysbios_family_arm_m3_Hwi_E_usageFault__C                         
00005e64  ti_sysbios_family_arm_m3_Hwi_NUM_INTERRUPTS__C                       
00005e68  ti_sysbios_family_arm_m3_Hwi_Object__count__C                        
00005e6c  ti_sysbios_family_arm_m3_Hwi_ccr__C                                  
00005e70  ti_sysbios_family_arm_m3_Hwi_excHandlerFunc__C                       
00005e74  ti_sysbios_family_arm_m3_Hwi_excHookFuncs__C                         
00005e78  ti_sysbios_family_arm_m3_Hwi_nullIsrFunc__C                          
00005e7c  ti_sysbios_family_arm_m3_Hwi_priGroup__C                             
00005e80  ti_sysbios_gates_GateMutex_Instance_State_sem__O                     
00005e84  ti_sysbios_hal_Hwi_E_stackOverflow__C                                
00005e88  ti_sysbios_heaps_HeapMem_E_memory__C                                 
00005e8c  ti_sysbios_heaps_HeapMem_Module__gateObj__C                          
00005e90  ti_sysbios_heaps_HeapMem_Object__count__C                            
00005e94  ti_sysbios_heaps_HeapMem_reqAlign__C                                 
00005e98  ti_sysbios_knl_Clock_Module_State_clockQ__O                          
00005e9c  ti_sysbios_knl_Idle_funcList__A                                      
00005ea0  ti_sysbios_knl_Semaphore_Instance_State_pendQ__O                     
00005ea4  ti_sysbios_knl_Swi_Object__count__C                                  
00005ea8  ti_sysbios_knl_Task_E_spOutOfBounds__C                               
00005eac  ti_sysbios_knl_Task_E_stackOverflow__C                               
00005eb0  ti_sysbios_knl_Task_Module_State_inactiveQ__O                        
00005eb4  ti_sysbios_knl_Task_Object__count__C                                 
00005eb8  ti_sysbios_knl_Task_allBlockedFunc__C                                
00005ebc  ti_sysbios_knl_Task_numConstructedTasks__C                           
00005ec0  xdc_runtime_Assert_E_assertFailed__C                                 
00005ec4  xdc_runtime_Core_A_initializedParams__C                              
00005ec8  xdc_runtime_Core_Module__diagsEnabled__C                             
00005ecc  xdc_runtime_Core_Module__diagsIncluded__C                            
00005ed0  xdc_runtime_Core_Module__diagsMask__C                                
00005ed4  xdc_runtime_Error_E_memory__C                                        
00005ed8  xdc_runtime_Error_Module__diagsEnabled__C                            
00005edc  xdc_runtime_Error_Module__diagsIncluded__C                           
00005ee0  xdc_runtime_Error_Module__diagsMask__C                               
00005ee4  xdc_runtime_Error_Module__loggerFxn8__C                              
00005ee8  xdc_runtime_Error_Module__loggerObj__C                               
00005eec  xdc_runtime_Error_policyFxn__C                                       
00005ef0  xdc_runtime_Error_raiseHook__C                                       
00005ef4  xdc_runtime_IGateProvider_Interface__BASE__C                         
00005ef8  xdc_runtime_IHeap_Interface__BASE__C                                 
00005efc  xdc_runtime_IModule_Interface__BASE__C                               
00005f00  xdc_runtime_Log_L_error__C                                           
00005f04  xdc_runtime_Memory_defaultHeapInstance__C                            
00005f08  xdc_runtime_Startup_execImpl__C                                      
00005f0c  xdc_runtime_Startup_maxPasses__C                                     
00005f10  xdc_runtime_Startup_sfxnRts__C                                       
00005f14  xdc_runtime_Startup_sfxnTab__C                                       
00005f18  xdc_runtime_SysMin_bufSize__C                                        
00005f1c  xdc_runtime_SysMin_outputFunc__C                                     
00005f20  xdc_runtime_System_Module__gateObj__C                                
00005f24  xdc_runtime_System_abortFxn__C                                       
00005f28  xdc_runtime_System_exitFxn__C                                        
00005f2c  xdc_runtime_System_extendFxn__C                                      
00005f30  xdc_runtime_System_maxAtexitHandlers__C                              
00005f34  xdc_runtime_Text_charTab__C                                          
00005f38  xdc_runtime_Text_nameEmpty__C                                        
00005f3c  xdc_runtime_Text_nameStatic__C                                       
00005f40  xdc_runtime_Text_nameUnknown__C                                      
00005f44  xdc_runtime_Text_nodeTab__C                                          
00005f48  xdc_runtime_Text_visitRopeFxn__C                                     
00005f4c  ti_sysbios_family_arm_m3_Hwi_Module__id__C                           
00005f4e  ti_sysbios_hal_Hwi_Module__id__C                                     
00005f50  ti_sysbios_heaps_HeapMem_Module__id__C                               
00005f52  ti_sysbios_knl_Task_Module__id__C                                    
00005f54  xdc_runtime_Core_Module__id__C                                       
00005f56  xdc_runtime_Error_Module__loggerDefined__C                           
00005f58  xdc_runtime_Error_maxDepth__C                                        
00005f5a  xdc_runtime_Memory_Module__id__C                                     
00005f5c  xdc_runtime_SysMin_flushAtExit__C                                    
00005f5e  xdc_runtime_Text_charCnt__C                                          
00005f60  xdc_runtime_Text_isLoaded__C                                         
00005f62  xdc_runtime_Text_registryModsLastId__C                               
00005f64  xdc_runtime_Text_unnamedModsLastId__C                                
00005f68  __TI_static_base__                                                   
00006124  __TI_Handler_Table_Base                                              
00006130  __TI_Handler_Table_Limit                                             
00006140  __TI_CINIT_Base                                                      
00006158  __TI_CINIT_Limit                                                     
20000000  ti_sysbios_family_arm_m3_Hwi_ramVectors                              
20000360  ti_sysbios_heaps_HeapMem_Instance_State_0_buf__A                     
20000760  ti_sysbios_family_arm_m3_Hwi_dispatchTable                           
20000ac0  ti_sysbios_knl_Task_Instance_State_0_stack__A                        
20000cc0  xdc_runtime_SysMin_Module_State_0_outbuf__A                          
20000ec0  __CIOBUF_                                                            
20000fe0  parmbuf                                                              
20000fe8  ti_sysbios_knl_Swi_Module_State_0_readyQ__A                          
20001068  ti_sysbios_knl_Task_Module_State_0_readyQ__A                         
200010e8  ti_sysbios_knl_Task_Object__table__V                                 
20001134  ti_sysbios_knl_Task_Module__state__V                                 
20001178  ti_sysbios_family_arm_lm4_Timer_Module_State_0_device__A             
200011b8  ti_sysbios_family_arm_lm4_Timer_Object__table__V                     
200011f8  ti_sysbios_gates_GateMutex_Object__table__V                          
20001230  ti_sysbios_family_arm_m3_Hwi_Module__state__V                        
20001264  ti_sysbios_knl_Swi_Object__table__V                                  
20001294  ti_sysbios_knl_Clock_Module__state__V                                
200012c0  ti_sysbios_BIOS_Module__state__V                                     
200012e4  ti_sysbios_family_arm_lm4_Timer_Module_State_0_handles__A            
20001304  ti_sysbios_knl_Swi_Module__state__V                                  
20001320  ti_sysbios_family_arm_m3_Hwi_Object__table__V                        
20001338  ti_sysbios_heaps_HeapMem_Object__table__V                            
20001350  ti_sysbios_family_arm_lm4_Timer_Module__state__V                     
2000135c  xdc_runtime_SysMin_Module__state__V                                  
20001368  _lock                                                                
2000136c  _unlock                                                              
20001370  ti_sysbios_gates_GateHwi_Module__root__V                             
20001378  ti_sysbios_gates_GateMutex_Module__root__V                           
20001380  ti_sysbios_heaps_HeapMem_Module__root__V                             
20001388  ti_sysbios_knl_Queue_Module__root__V                                 
20001390  ti_sysbios_knl_Semaphore_Module__root__V                             
20001398  xdc_runtime_Registry_Module__state__V                                
200013a0  xdc_runtime_Startup_Module__state__V                                 
200013a8  xdc_runtime_System_Module_State_0_atexitHandlers__A                  
200013b0  xdc_runtime_System_Module__state__V                                  
200013b8  main_func_sp                                                         
200013bc  ti_sysbios_family_arm_m3_Hwi_Module_State_0_excContext__A            
200013c0  ti_sysbios_family_arm_m3_Hwi_Module_State_0_excStack__A              
200013c4  ti_sysbios_gates_GateHwi_Object__table__V                            
200013c8  ti_sysbios_knl_Task_Module_State_0_idleTask__A                       
200013cc  xdc_runtime_Memory_Module__state__V                                  
200013d0  ti_sysbios_family_arm_m3_Hwi_Module_State_0_excActive__A             
200013d2  xdc_runtime_Error_Module__state__V                                   
200013d8  __stack                                                              
200016d8  __STACK_END                                                          
e000e000  ti_sysbios_family_arm_m3_Hwi_nvic                                    
ffffffff  __TI_pprof_out_hndl                                                  
ffffffff  __TI_prof_data_size                                                  
ffffffff  __TI_prof_data_start                                                 
ffffffff  __binit__                                                            
ffffffff  __c_args__                                                           
ffffffff  binit                                                                
UNDEFED   SHT$$INIT_ARRAY$$Base                                                
UNDEFED   SHT$$INIT_ARRAY$$Limit                                               

[465 symbols]
