******************************************************************************
                  TI ARM Linker PC v18.12.1                    
******************************************************************************
>> Linked Tue Apr 16 21:59:28 2019

OUTPUT FILE NAME:   <EGH456_asgn.out>
ENTRY POINT SYMBOL: "_c_int00"  address: 00008651


MEMORY CONFIGURATION

         name            origin    length      used     unused   attr    fill
----------------------  --------  ---------  --------  --------  ----  --------
  FLASH                 00000000   00100000  000121b8  000ede48  R  X
  SRAM                  20000000   00040000  00003138  0003cec8  RW X


SEGMENT ALLOCATION MAP

run origin  load origin   length   init length attrs members
----------  ----------- ---------- ----------- ----- -------
00000000    00000000    000121c0   000121c0    r-x
  00000000    00000000    0000003c   0000003c    r-- .resetVecs
  00000040    00000040    0000acb2   0000acb2    r-x .text
  0000acf4    0000acf4    0000712a   0000712a    r-- .const
  00011e20    00011e20    000003a0   000003a0    r-- .cinit
20000000    20000000    00000360   00000000    rw-
  20000000    20000000    00000360   00000000    rw- .vecs
20000380    20000380    00002dd8   00000000    rw-
  20000380    20000380    00001cb0   00000000    rw- .bss
  20002030    20002030    00000e28   00000000    rw- .data
  20002e58    20002e58    00000300   00000000    rw- .stack


SECTION ALLOCATION MAP

 output                                  attributes/
section   page    origin      length       input sections
--------  ----  ----------  ----------   ----------------
.text      0    00000040    0000acb2     
                  00000040    00000a4e     rtsv7M4_T_le_v4SPD16_eabi.lib : _printfi.c.obj (.text:__TI_printfi)
                  00000a8e    00000002                                   : _lock.c.obj (.text:_nop)
                  00000a90    00000430     sysbios.aem4f : BIOS.obj (.text:ti_sysbios_family_arm_m3_Hwi_excDumpRegs__I)
                  00000ec0    00000370     grlib.lib : image.obj (.text:InternalImageDraw)
                  00001230    0000034c     ti.targets.arm.rtsarm.aem4f : System.oem4f (.text:xdc_runtime_System_doPrint__I)
                  0000157c    000002e4     grlib.lib : image.obj (.text:PixelTransparentDraw)
                  00001860    00000278     frame.obj (.text:FrameDraw)
                  00001ad8    00000270     rtsv7M4_T_le_v4SPD16_eabi.lib : _printfi.c.obj (.text:_pconv_a)
                  00001d48    00000270     user_interface.obj (.text:updateSettingOptions)
                  00001fb8    00000256     grlib.lib : string.obj (.text:GrFontGlyphRender)
                  0000220e    00000002     rtsv7M4_T_le_v4SPD16_eabi.lib : div0.asm.obj (.text)
                  00002210    00000204     driverlib.lib : sysctl.obj (.text:SysCtlClockFreqSet)
                  00002414    00000204     Boot.aem4f : Boot_sysctl.oem4f (.text:ti_catalog_arm_cortexm4_tiva_ce_Boot_sysCtlClockFreqSetI__I)
                  00002618    000001fc     sysbios.aem4f : BIOS.obj (.text:ti_sysbios_family_arm_m3_Hwi_excHandlerMax__I)
                  00002814    000001e4     Kentec320x240x16_ssd2119_spi.obj (.text:Kentec320x240x16_SSD2119Init)
                  000029f8    000001dc     Kentec320x240x16_ssd2119_spi.obj (.text:Kentec320x240x16_SSD2119PixelDrawMultiple)
                  00002bd4    000001d0     rtsv7M4_T_le_v4SPD16_eabi.lib : _printfi.c.obj (.text:_pconv_g)
                  00002da4    000001b6                                   : fd_add_t2.asm.obj (.text)
                  00002f5a    00000002     empty_min_pem4f.oem4f (.text:ti_sysbios_BIOS_nullFunc__I)
                  00002f5c    000001a8     user_interface.obj (.text:updateMainMenuOptions)
                  00003104    00000194     grlib.lib : canvas.obj (.text:CanvasPaint)
                  00003298    00000184     user_interface.obj (.text:UserInterfaceInit)
                  0000341c    00000176     grlib.lib : pushbutton.obj (.text:RectangularButtonPaint)
                  00003592    00000006     driverlib.lib : gpio.obj (.text:GPIOIntClear)
                  00003598    00000174     sysbios.aem4f : BIOS.obj (.text:ti_sysbios_family_arm_m3_Hwi_excBusFault__I)
                  0000370c    00000004     driverlib.lib : i2c.obj (.text:I2CMasterControl)
                  00003710    00000164     sysbios.aem4f : BIOS.obj (.text:ti_sysbios_family_arm_m3_Hwi_excUsageFault__I)
                  00003874    00000004     driverlib.lib : i2c.obj (.text:I2CMasterDataGet)
                  00003878    00000160     sysbios.aem4f : BIOS.obj (.text:ti_sysbios_knl_Semaphore_pend__E)
                  000039d8    00000150     drivers_tivaware.aem4f : GPIOTiva.oem4f (.text:GPIO_setConfig)
                  00003b28    0000014c     user_interface.obj (.text:DrawSetting1Screen)
                  00003c74    00000004     driverlib.lib : i2c.obj (.text:I2CMasterDataPut)
                  00003c78    00000148     sysbios.aem4f : BIOS.obj (.text:ti_sysbios_family_arm_m3_Hwi_excMemFault__I)
                  00003dc0    00000144                   : BIOS.obj (.text:ti_sysbios_family_arm_m3_Hwi_dispatchC__I)
                  00003f04    0000013c     rtsv7M4_T_le_v4SPD16_eabi.lib : _printfi.c.obj (.text:_pconv_e)
                  00004040    0000013c     sysbios.aem4f : BIOS.obj (.text:ti_sysbios_knl_Clock_workFunc__E)
                  0000417c    00000138     empty_min_pem4f.oem4f (.text:ti_uia_loggers_LoggerStopMode_writeMemoryRange__E)
                  000042b4    00000136     rtsv7M4_T_le_v4SPD16_eabi.lib : fd_div_t2.asm.obj (.text)
                  000043ea    00000130     driverlib.lib : gpio.obj (.text:GPIOPadConfigSet)
                  0000451a    00000002     empty_min_pem4f.oem4f (.text:ti_uia_loggers_LoggerStopMode_setFilterLevel__E)
                  0000451c    00000124     rtsv7M4_T_le_v4SPD16_eabi.lib : _printfi.c.obj (.text:fcvt)
                  00004640    0000011c     sysbios.aem4f : BIOS.obj (.text:ti_sysbios_knl_Swi_run__I)
                  0000475c    00000118     ti.targets.arm.rtsarm.aem4f : Error.oem4f (.text:xdc_runtime_Error_policyDefault__E)
                  00004874    00000110     rtsv7M4_T_le_v4SPD16_eabi.lib : s_scalbn.c.obj (.text:scalbn)
                  00004984    0000010c     Kentec320x240x16_ssd2119_spi.obj (.text:Kentec320x240x16_SSD2119RectFill)
                  00004a90    0000010c     touch.obj (.text:TouchScreenInit)
                  00004b9c    0000010c     empty_min_pem4f.oem4f (.text:ti_uia_loggers_LoggerStopMode_write8__E)
                  00004ca8    00000108     sysbios.aem4f : BIOS.obj (.text:ti_sysbios_family_arm_lm4_Timer_start__E)
                  00004db0    00000104                   : BIOS.obj (.text:ti_sysbios_family_arm_lm4_TimestampProvider_get64__E)
                  00004eb4    00000100     ti.targets.arm.rtsarm.aem4f : Core-mem.oem4f (.text:xdc_runtime_Core_createObject__I)
                  00004fb4    000000fc     rtsv7M4_T_le_v4SPD16_eabi.lib : fd_mul_t2.asm.obj (.text)
                  000050b0    000000f8     ti.targets.arm.rtsarm.aem4f : Startup.oem4f (.text:xdc_runtime_Startup_startMods__I)
                  000051a8    000000f8     empty_min_pem4f.oem4f (.text:xdc_runtime_System_printfExtend__I)
                  000052a0    000000f4     sysbios.aem4f : m3_Hwi_asm.obj (.text:ti_sysbios_family_arm_m3_Hwi_dispatch__I)
                  00005394    000000f4     empty_min_pem4f.oem4f (.text:ti_uia_loggers_LoggerStopMode_write4__E)
                  00005488    000000f2     grlib.lib : pushbutton.obj (.text:RectangularButtonClick)
                  0000557a    00000002     ti.uia.loggers.aem4f : LoggerStopMode.oem4f (.text:ti_uia_loggers_LoggerStopMode_setPriority__E)
                  0000557c    000000e8     grlib.lib : widget.obj (.text:WidgetMessageQueueAdd)
                  00005664    000000e8     empty_min_pem4f.oem4f (.text:ti_uia_loggers_LoggerStopMode_write1__E)
                  0000574c    000000e8     empty_min_pem4f.oem4f (.text:ti_uia_loggers_LoggerStopMode_write2__E)
                  00005834    000000e0     drivers_tivaware.aem4f : I2CTiva.oem4f (.text:I2CTiva_open)
                  00005914    000000d8     empty_min_pem4f.oem4f (.text:ti_uia_loggers_LoggerStopMode_write0__E)
                  000059ec    000000d6     drivers_tivaware.aem4f : I2CTiva.oem4f (.text:I2CTiva_hwiFxn)
                  00005ac2    00000002     empty_min_pem4f.oem4f (.text:xdc_runtime_Startup_reset__I)
                  00005ac4    000000d4     user_interface.obj (.text:DrawMainMenuScreen)
                  00005b98    000000d4     sysbios.aem4f : BIOS.obj (.text:ti_sysbios_heaps_HeapMem_alloc__E)
                  00005c6c    00000004     grlib.lib : widget.obj (.text:WidgetDefaultMsgProc)
                  00005c70    000000cc     sysbios.aem4f : BIOS.obj (.text:ti_sysbios_knl_Task_Instance_init__E)
                  00005d3c    000000cc     ti.targets.arm.rtsarm.aem4f : Core-smem.oem4f (.text:xdc_runtime_Core_constructObject__I)
                  00005e08    000000c4     grlib.lib : string.obj (.text:GrDefaultStringRenderer)
                  00005ecc    00000004     rtsv7M4_T_le_v4SPD16_eabi.lib : exit.c.obj (.text:abort:abort)
                  00005ed0    000000c4     sysbios.aem4f : BIOS.obj (.text:ti_sysbios_knl_Semaphore_post__E)
                  00005f94    00000004     empty_min_pem4f.oem4f (.text:ti_sysbios_BIOS_RtsGateProxy_enter__E)
                  00005f98    000000c4     sysbios.aem4f : BIOS.obj (.text:ti_sysbios_knl_Task_schedule__I)
                  0000605c    00000004     empty_min_pem4f.oem4f (.text:ti_sysbios_BIOS_RtsGateProxy_leave__E)
                  00006060    000000bc     sysbios.aem4f : BIOS.obj (.text:ti_sysbios_family_arm_m3_Hwi_excDebugMon__I)
                  0000611c    00000004                   : BIOS.obj (.text:ti_sysbios_family_arm_lm4_Timer_masterEnable__I)
                  00006120    000000bc                   : BIOS.obj (.text:ti_sysbios_family_arm_m3_Hwi_excHardFault__I)
                  000061dc    00000004     empty_min_pem4f.oem4f (.text:ti_sysbios_family_arm_m3_Hwi_destruct)
                  000061e0    000000bc     sysbios.aem4f : BIOS.obj (.text:ti_sysbios_knl_Task_Instance_finalize__E)
                  0000629c    00000004     empty_min_pem4f.oem4f (.text:ti_sysbios_family_arm_m3_TaskSupport_Module__startupDone__S)
                  000062a0    000000bc     sysbios.aem4f : BIOS.obj (.text:ti_sysbios_knl_Task_startCore__E)
                  0000635c    000000b8     EK_TM4C1294XL.obj (.text:EK_TM4C1294XL_initGeneral)
                  00006414    000000b8     Kentec320x240x16_ssd2119_spi.obj (.text:InitSPILCDInterface)
                  000064cc    000000b8     empty_min.obj (.text:main)
                  00006584    000000b4     grlib.lib : widget.obj (.text:WidgetMessageSendPostOrder)
                  00006638    000000b1     rtsv7M4_T_le_v4SPD16_eabi.lib : _printfi.c.obj (.text:_ltostr)
                  000066e9    00000003     --HOLE-- [fill = 0]
                  000066ec    000000b0     buttons.obj (.text:ButtonsPoll)
                  0000679c    00000004     empty_min_pem4f.oem4f (.text:ti_sysbios_hal_Hwi_HwiProxy_delete)
                  000067a0    000000ac     sysbios.aem4f : BIOS.obj (.text:ti_sysbios_family_arm_lm4_Timer_enableTiva__I)
                  0000684c    00000004     empty_min_pem4f.oem4f (.text:ti_sysbios_heaps_HeapMem_Module_GateProxy_enter__E)
                  00006850    000000ac     sysbios.aem4f : BIOS.obj (.text:ti_sysbios_knl_Swi_post__E)
                  000068fc    00000004     empty_min_pem4f.oem4f (.text:ti_sysbios_heaps_HeapMem_Module_GateProxy_leave__E)
                  00006900    000000a8     sysbios.aem4f : BIOS.obj (.text:ti_sysbios_knl_Task_blockI__E)
                  000069a8    000000a0     user_interface.obj (.text:DrawHomeScreen)
                  00006a48    000000a0     auto_init.aem4f : auto_init.oem4f (.text)
                  00006ae8    000000a0     ti.targets.arm.rtsarm.aem4f : Text.oem4f (.text:xdc_runtime_Text_putMod__E)
                  00006b88    0000009c     rtsv7M4_T_le_v4SPD16_eabi.lib : memcpy_t2.asm.obj (.text)
                  00006c24    0000009a     ti.targets.arm.rtsarm.aem4f : Text.oem4f (.text:xdc_runtime_Text_putSite__E)
                  00006cbe    00000002     --HOLE-- [fill = 0]
                  00006cc0    00000098     Boot.aem4f : Boot.oem4f (.text:ti_catalog_arm_cortexm4_tiva_ce_Boot_sysCtlClockFreqSet__E)
                  00006d58    00000098     user_interface.obj (.text:updateHomeMenuOptions)
                  00006df0    00000096     rtsv7M4_T_le_v4SPD16_eabi.lib : ull_div_t2.asm.obj (.text)
                  00006e86    00000002     --HOLE-- [fill = 0]
                  00006e88    00000094     sysbios.aem4f : BIOS.obj (.text:ti_sysbios_family_arm_m3_Hwi_Instance_init__E)
                  00006f1c    00000004     empty_min_pem4f.oem4f (.text:ti_sysbios_knl_Clock_TimerProxy_getMaxTicks__E)
                  00006f20    00000094     sysbios.aem4f : BIOS.obj (.text:ti_sysbios_family_arm_m3_Hwi_initNVIC__E)
                  00006fb4    00000004     empty_min_pem4f.oem4f (.text:ti_sysbios_knl_Clock_TimerProxy_getPeriod__E)
                  00006fb8    00000094     sysbios.aem4f : BIOS.obj (.text:ti_sysbios_knl_Task_exit__E)
                  0000704c    00000004     empty_min_pem4f.oem4f (.text:ti_sysbios_knl_Queue_destruct)
                  00007050    00000090     sysbios.aem4f : BIOS.obj (.text:ti_sysbios_knl_Task_unblockI__E)
                  000070e0    00000090     ti.uia.loggers.aem4f : LoggerStopMode.oem4f (.text:ti_uia_loggers_LoggerStopMode_initQueueDescriptor__E)
                  00007170    0000008c     drivers_tivaware.aem4f : GPIOTiva.oem4f (.text:GPIO_init)
                  000071fc    0000008c     sysbios.aem4f : m3_TaskSupport_asm.obj (.text:ti_sysbios_family_arm_m3_TaskSupport_buildTaskStack)
                  00007288    0000008c                   : BIOS.obj (.text:ti_sysbios_knl_Task_postInit__I)
                  00007314    00000086     grlib.lib : rectangle.obj (.text:GrRectFill)
                  0000739a    00000086     rtsv7M4_T_le_v4SPD16_eabi.lib : fd_cmp_t2.asm.obj (.text:__aeabi_cdcmple)
                  00007420    00000086                                   : fd_cmp_t2.asm.obj (.text:__aeabi_cdrcmple)
                  000074a6    00000002     --HOLE-- [fill = 0]
                  000074a8    00000084     sysbios.aem4f : BIOS.obj (.text:ti_sysbios_family_arm_lm4_Timer_getExpiredCounts__E)
                  0000752c    00000004     empty_min_pem4f.oem4f (.text:ti_sysbios_knl_Semaphore_destruct)
                  00007530    00000084     sysbios.aem4f : BIOS.obj (.text:ti_sysbios_family_arm_m3_Hwi_postInit__I)
                  000075b4    0000007e     drivers_tivaware.aem4f : I2CTiva.oem4f (.text:I2CTiva_transfer)
                  00007632    00000006     driverlib.lib : gpio.obj (.text:GPIOPinRead)
                  00007638    0000007c     sysbios.aem4f : BIOS.obj (.text:ti_sysbios_heaps_HeapMem_free__E)
                  000076b4    0000007a     driverlib.lib : adc.obj (.text:ADCSequenceStepConfigure)
                  0000772e    0000007a     rtsv7M4_T_le_v4SPD16_eabi.lib : memset_t2.asm.obj (.text)
                  000077a8    00000074     ti.uia.runtime.aem4f : QueueDescriptor.oem4f (.text:ti_uia_runtime_QueueDescriptor_addToList__E)
                  0000781c    00000070     user_interface.obj (.text:DrawGraph1Screen)
                  0000788c    0000006e     rtsv7M4_T_le_v4SPD16_eabi.lib : _printfi.c.obj (.text:_mcpy)
                  000078fa    00000002     --HOLE-- [fill = 0]
                  000078fc    0000006d     ti.targets.arm.rtsarm.aem4f : System.oem4f (.text:xdc_runtime_System_formatNum__I)
                  00007969    00000003     --HOLE-- [fill = 0]
                  0000796c    0000006c     empty_min_pem4f.oem4f (.text:ti_sysbios_family_arm_m3_Hwi_Object__create__S)
                  000079d8    0000006c     sysbios.aem4f : BIOS.obj (.text:ti_sysbios_knl_Swi_restoreHwi__E)
                  00007a44    0000006c     ti.targets.arm.rtsarm.aem4f : Error.oem4f (.text:xdc_runtime_Error_print__E)
                  00007ab0    0000006c                                 : Memory.oem4f (.text:xdc_runtime_Memory_alloc__E)
                  00007b1c    0000006a     grlib.lib : string.obj (.text:GrStringWidthGet)
                  00007b86    00000002     --HOLE-- [fill = 0]
                  00007b88    00000068     EK_TM4C1294XL.obj (.text:EK_TM4C1294XL_initI2C)
                  00007bf0    00000068     grlib.lib : context.obj (.text:GrContextInit)
                  00007c58    00000068     driverlib.lib : interrupt.obj (.text:IntEnable)
                  00007cc0    00000068     Kentec320x240x16_ssd2119_spi.obj (.text:Kentec320x240x16_SSD2119LineDrawH)
                  00007d28    00000068     Kentec320x240x16_ssd2119_spi.obj (.text:Kentec320x240x16_SSD2119LineDrawV)
                  00007d90    00000068     rtsv7M4_T_le_v4SPD16_eabi.lib : copy_decompress_lzss.c.obj (.text:decompress:lzss:__TI_decompress_lzss)
                  00007df8    00000066     grlib.lib : rectangle.obj (.text:GrRectDraw)
                  00007e5e    00000066     ti.uia.loggers.aem4f : LoggerStopMode.oem4f (.text:ti_uia_loggers_LoggerStopMode_flush__E)
                  00007ec4    00000066     ti.targets.arm.rtsarm.aem4f : Core-mem.oem4f (.text:xdc_runtime_Core_deleteObject__I)
                  00007f2a    00000002     --HOLE-- [fill = 0]
                  00007f2c    00000064     drivers_tivaware.aem4f : GPIOTiva.oem4f (.text:GPIO_hwiIntFxn)
                  00007f90    00000064     empty_min.obj (.text:GoHome)
                  00007ff4    00000064     grlib.lib : widget.obj (.text:WidgetMessageQueueProcess)
                  00008058    00000064     rtsv7M4_T_le_v4SPD16_eabi.lib : s_frexp.c.obj (.text:frexp)
                  000080bc    00000064     empty_min_pem4f.oem4f (.text:ti_sysbios_family_arm_m3_Hwi_create)
                  00008120    00000064     empty_min_pem4f.oem4f (.text:ti_sysbios_hal_Hwi_create)
                  00008184    00000062     grlib.lib : context.obj (.text:GrContextClipRegionSet)
                  000081e6    00000062     drivers_tivaware.aem4f : I2CTiva.oem4f (.text:I2CTiva_primeTransfer)
                  00008248    00000060     driverlib.lib : timer.obj (.text:TimerConfigure)
                  000082a8    00000060     Kentec320x240x16_ssd2119_spi.obj (.text:WriteDataSPI)
                  00008308    00000060     sysbios.aem4f : BIOS.obj (.text:ti_sysbios_knl_Clock_logTick__E)
                  00008368    0000005c     interface_button.obj (.text:OnButtonPress)
                  000083c4    0000005c     grlib.lib : widget.obj (.text:WidgetMessageSendPreOrder)
                  00008420    0000005c     Kentec320x240x16_ssd2119_spi.obj (.text:WriteCommandSPI)
                  0000847c    00000004     ti.uia.loggers.aem4f : LoggerStopMode.oem4f (.text:ti_uia_loggers_LoggerStopMode_getContents__E)
                  00008480    0000005c     sysbios.aem4f : BIOS.obj (.text:ti_sysbios_knl_Swi_schedule__I)
                  000084dc    00000004     empty_min_pem4f.oem4f (.text:ti_uia_loggers_LoggerStopMode_getFilterLevel__E)
                  000084e0    0000005c     sysbios.aem4f : BIOS.obj (.text:ti_sysbios_knl_Task_Module_startup__E)
                  0000853c    0000005c     empty_min_pem4f.oem4f (.text:ti_sysbios_knl_Task_create)
                  00008598    0000005b     ti.targets.arm.rtsarm.aem4f : Text.oem4f (.text:xdc_runtime_Text_putLab__E)
                  000085f3    00000001     --HOLE-- [fill = 0]
                  000085f4    0000005a     grlib.lib : string.obj (.text:FontWideGlyphDataGet)
                  0000864e    00000002     --HOLE-- [fill = 0]
                  00008650    00000058     boot.aem4f : boot.oem4f (.text)
                  000086a8    00000058     rtsv7M4_T_le_v4SPD16_eabi.lib : hostwrite.c.obj (.text:HOSTwrite)
                  00008700    00000058     driverlib.lib : timer.obj (.text:TimerControlTrigger)
                  00008758    00000058     empty_min_pem4f.oem4f (.text:ti_sysbios_family_arm_m3_Hwi_construct)
                  000087b0    00000058     sysbios.aem4f : m3_Hwi_asm_switch.obj (.text:ti_sysbios_family_arm_m3_Hwi_initStacks__E)
                  00008808    00000056     driverlib.lib : gpio.obj (.text:GPIOIntTypeSet)
                  0000885e    00000056     rtsv7M4_T_le_v4SPD16_eabi.lib : _printfi.c.obj (.text:_pconv_f)
                  000088b4    00000054                                   : ltoa.c.obj (.text:ltoa)
                  00008908    00000054     sysbios.aem4f : BIOS.obj (.text:ti_sysbios_family_arm_lm4_Timer_initDevice__I)
                  0000895c    00000054     ti.targets.arm.rtsarm.aem4f : Assert.oem4f (.text:xdc_runtime_Assert_raise__I)
                  000089b0    00000052     user_interface.obj (.text:UserInterfaceDraw)
                  00008a02    00000052     rtsv7M4_T_le_v4SPD16_eabi.lib : _printfi.c.obj (.text:_ecpy)
                  00008a54    00000050     drivers_tivaware.aem4f : GPIOTiva.oem4f (.text:GPIO_setCallback)
                  00008aa4    00000050                            : GPIOTiva.oem4f (.text:GPIO_write)
                  00008af4    00000050     Boot.aem4f : Boot_sysctl.oem4f (.text:_SysCtlFrequencyGet)
                  00008b44    00000004     ti.uia.loggers.aem4f : LoggerStopMode.oem4f (.text:ti_uia_loggers_LoggerStopMode_getInstanceId__E)
                  00008b48    00000050     sysbios.aem4f : BIOS.obj (.text:ti_sysbios_family_arm_m3_Hwi_Module_startup__E)
                  00008b98    00000050     ti.targets.arm.rtsarm.aem4f : Startup.oem4f (.text:xdc_runtime_Startup_exec__E)
                  00008be8    00000050                                 : Text.oem4f (.text:xdc_runtime_Text_visitRope2__I)
                  00008c38    0000004c     rtsv7M4_T_le_v4SPD16_eabi.lib : atoi.c.obj (.text:atoi)
                  00008c84    0000004c                                   : cpy_tbl.c.obj (.text:copy_in)
                  00008cd0    0000004c     sysbios.aem4f : BIOS.obj (.text:ti_sysbios_heaps_HeapMem_getStats__E)
                  00008d1c    00000004     ti.uia.loggers.aem4f : LoggerStopMode.oem4f (.text:ti_uia_loggers_LoggerStopMode_getMaxLength__E)
                  00008d20    0000004c     sysbios.aem4f : BIOS.obj (.text:ti_sysbios_knl_Swi_runLoop__I)
                  00008d6c    00000004     ti.uia.loggers.aem4f : LoggerStopMode.oem4f (.text:ti_uia_loggers_LoggerStopMode_getPriority__E)
                  00008d70    0000004c     sysbios.aem4f : BIOS.obj (.text:ti_sysbios_knl_Task_allBlockedFunction__I)
                  00008dbc    0000004c     ti.uia.loggers.aem4f : LoggerStopMode.oem4f (.text:ti_uia_loggers_LoggerStopMode_Module_startup__E)
                  00008e08    0000004a     grlib.lib : string.obj (.text:UpdateContextCharMapping)
                  00008e52    00000002     --HOLE-- [fill = 0]
                  00008e54    00000048     driverlib.lib : gpio.obj (.text:GPIOPinConfigure)
                  00008e9c    00000048                   : i2c.obj (.text:I2CMasterInitExpClk)
                  00008ee4    00000048                   : sysctl.obj (.text:_SysCtlFrequencyGet)
                  00008f2c    00000048     rtsv7M4_T_le_v4SPD16_eabi.lib : fd_toi_t2.asm.obj (.text)
                  00008f74    00000004     ti.uia.loggers.aem4f : LoggerStopMode.oem4f (.text:ti_uia_loggers_LoggerStopMode_getTransferType__E)
                  00008f78    00000048     sysbios.aem4f : BIOS.obj (.text:ti_sysbios_family_arm_lm4_Timer_enableTimers__I)
                  00008fc0    00000048                   : BIOS.obj (.text:ti_sysbios_family_arm_m3_Hwi_disableInterrupt__E)
                  00009008    00000048                   : BIOS.obj (.text:ti_sysbios_family_arm_m3_Hwi_enableInterrupt__E)
                  00009050    00000048                   : BIOS.obj (.text:ti_sysbios_family_arm_m3_Hwi_excReserved__I)
                  00009098    00000046     grlib.lib : line.obj (.text:GrLineDrawH)
                  000090de    00000046               : line.obj (.text:GrLineDrawV)
                  00009124    00000046     Kentec320x240x16_ssd2119_spi.obj (.text:Kentec320x240x16_SSD2119PixelDraw)
                  0000916a    00000046     ti.targets.arm.rtsarm.aem4f : Core-params.oem4f (.text:xdc_runtime_Core_assignParams__I)
                  000091b0    00000044     sysbios.aem4f : BIOS.obj (.text:ti_sysbios_family_arm_lm4_Timer_isrStub__E)
                  000091f4    00000004     ti.targets.arm.rtsarm.aem4f : Error.oem4f (.text:xdc_runtime_Error_getSite__E)
                  000091f8    00000044     sysbios.aem4f : BIOS.obj (.text:ti_sysbios_family_arm_m3_Hwi_getStackInfo__E)
                  0000923c    00000044     ti.uia.loggers.aem4f : LoggerStopMode.oem4f (.text:ti_uia_loggers_LoggerStopMode_initBuffer__I)
                  00009280    00000044     ti.targets.arm.rtsarm.aem4f : Error.oem4f (.text:xdc_runtime_Error_setX__E)
                  000092c4    00000044                                 : SysMin.oem4f (.text:xdc_runtime_SysMin_flush__E)
                  00009308    00000044                                 : Text.oem4f (.text:xdc_runtime_Text_xprintf__I)
                  0000934c    00000040     rtsv7M4_T_le_v4SPD16_eabi.lib : u_divt2.asm.obj (.text)
                  0000938c    00000040                                   : sprintf.c.obj (.text:sprintf)
                  000093cc    00000004     empty_min_pem4f.oem4f (.text:xdc_runtime_System_Module_GateProxy_enter__E)
                  000093d0    00000040     sysbios.aem4f : BIOS.obj (.text:ti_sysbios_family_arm_lm4_Timer_Module_startup__E)
                  00009410    00000040                   : BIOS.obj (.text:ti_sysbios_family_arm_lm4_Timer_startup__E)
                  00009450    00000040                   : BIOS.obj (.text:ti_sysbios_heaps_HeapMem_Instance_init__E)
                  00009490    0000003e     driverlib.lib : adc.obj (.text:ADCSequenceConfigure)
                  000094ce    0000003e     rtsv7M4_T_le_v4SPD16_eabi.lib : _printfi.c.obj (.text:_fcpy)
                  0000950c    0000003c     driverlib.lib : ssi.obj (.text:SSIConfigSetExpClk)
                  00009548    0000003c     sysbios.aem4f : BIOS.obj (.text:ti_sysbios_family_arm_m3_Hwi_excSvCall__I)
                  00009584    00000004     empty_min_pem4f.oem4f (.text:xdc_runtime_System_Module_GateProxy_leave__E)
                  00009588    0000003c     sysbios.aem4f : BIOS.obj (.text:ti_sysbios_heaps_HeapMem_init__I)
                  000095c4    00000004     ti.targets.arm.rtsarm.aem4f : System.oem4f (.text:xdc_runtime_System_aprintf_va__F)
                  000095c8    0000003c     sysbios.aem4f : BIOS.obj (.text:ti_sysbios_knl_Swi_restore__E)
                  00009604    0000003a     grlib.lib : string.obj (.text:FontGlyphDataGet)
                  0000963e    0000003a     drivers_tivaware.aem4f : I2CTiva.oem4f (.text:I2CTiva_completeTransfer)
                  00009678    00000038     buttons.obj (.text:ButtonsInit)
                  000096b0    00000038     drivers_tivaware.aem4f : I2C.oem4f (.text:I2C_init)
                  000096e8    00000038     rtsv7M4_T_le_v4SPD16_eabi.lib : trgmsg.c.obj (.text:__TI_writemsg)
                  00009720    00000038     sysbios.aem4f : BIOS.obj (.text:ti_sysbios_family_arm_m3_Hwi_excNoIsr__I)
                  00009758    00000038     ti.targets.arm.rtsarm.aem4f : SysMin.oem4f (.text:xdc_runtime_SysMin_putch__E)
                  00009790    00000038                                 : System.oem4f (.text:xdc_runtime_System_atexit__E)
                  000097c8    00000036     drivers_tivaware.aem4f : I2CTiva.oem4f (.text:I2CTiva_close)
                  000097fe    00000002     --HOLE-- [fill = 0]
                  00009800    00000034     driverlib.lib : sysctl.obj (.text:SysCtlPeripheralEnable)
                  00009834    00000034     rtsv7M4_T_le_v4SPD16_eabi.lib : trgmsg.c.obj (.text:__TI_readmsg)
                  00009868    00000034     sysbios.aem4f : BIOS.obj (.text:ti_sysbios_family_arm_m3_Hwi_Instance_finalize__E)
                  0000989c    00000004     ti.targets.arm.rtsarm.aem4f : System.oem4f (.text:xdc_runtime_System_printf_va__F)
                  000098a0    00000034     sysbios.aem4f : BIOS.obj (.text:ti_sysbios_family_arm_m3_Hwi_excNmi__I)
                  000098d4    00000034     ti.uia.loggers.aem4f : LoggerStopMode.oem4f (.text:ti_uia_loggers_LoggerStopMode_reset__E)
                  00009908    00000034     ti.targets.arm.rtsarm.aem4f : Core-label.oem4f (.text:xdc_runtime_Core_assignLabel__I)
                  0000993c    00000033                                 : Text.oem4f (.text:xdc_runtime_Text_printVisFxn__I)
                  0000996f    00000001     --HOLE-- [fill = 0]
                  00009970    00000032     sysbios.aem4f : BIOS.obj (.text:ti_sysbios_hal_Hwi_initStack)
                  000099a2    00000006     driverlib.lib : gpio.obj (.text:GPIOPinWrite)
                  000099a8    00000032     sysbios.aem4f : BIOS.obj (.text:ti_sysbios_knl_Semaphore_pendTimeout__I)
                  000099da    00000002     --HOLE-- [fill = 0]
                  000099dc    00000030     empty_min_pem4f.oem4f (.text:ti_sysbios_BIOS_atExitFunc__I)
                  00009a0c    00000004     --HOLE-- [fill = 0]
                  00009a10    00000030     sysbios.aem4f : BIOS.obj (.text:ti_sysbios_family_arm_lm4_Timer_stop__E)
                  00009a40    00000030                   : BIOS.obj (.text:ti_sysbios_family_arm_m3_TaskSupport_start__E)
                  00009a70    00000030     empty_min_pem4f.oem4f (.text:ti_sysbios_gates_GateHwi_Object__create__S)
                  00009aa0    00000030     empty_min_pem4f.oem4f (.text:ti_sysbios_gates_GateMutex_Object__create__S)
                  00009ad0    00000030     sysbios.aem4f : BIOS.obj (.text:ti_sysbios_gates_GateMutex_enter__E)
                  00009b00    00000030     empty_min_pem4f.oem4f (.text:ti_sysbios_heaps_HeapMem_Object__create__S)
                  00009b30    00000030     empty_min_pem4f.oem4f (.text:ti_sysbios_knl_Semaphore_construct)
                  00009b60    00000030     sysbios.aem4f : BIOS.obj (.text:ti_sysbios_knl_Task_processVitalTaskFlag__I)
                  00009b90    00000030     empty_min_pem4f.oem4f (.text:ti_uia_loggers_LoggerStopMode_Object__create__S)
                  00009bc0    00000030     empty_min.obj (.text:userInterfaceFxn)
                  00009bf0    00000030     ti.targets.arm.rtsarm.aem4f : SysMin.oem4f (.text:xdc_runtime_SysMin_abort__E)
                  00009c20    00000030                                 : System.oem4f (.text:xdc_runtime_System_processAtExit__E)
                  00009c50    0000002e     grlib.lib : string.obj (.text:GrStringNextCharGet)
                  00009c7e    0000002e     rtsv7M4_T_le_v4SPD16_eabi.lib : i_tofd_t2.asm.obj (.text)
                  00009cac    0000002c     grlib.lib : string.obj (.text:GrFontBaselineGet)
                  00009cd8    0000002c               : string.obj (.text:GrFontHeightGet)
                  00009d04    0000002c     empty_min_pem4f.oem4f (.text:ti_sysbios_knl_Clock_doTick__I)
                  00009d30    0000002c     empty_min_pem4f.oem4f (.text:ti_sysbios_knl_Queue_construct)
                  00009d5c    00000004     --HOLE-- [fill = 0]
                  00009d60    0000002c     sysbios.aem4f : BIOS.obj (.text:ti_sysbios_knl_Task_restore__E)
                  00009d8c    0000002c     ti.targets.arm.rtsarm.aem4f : Text.oem4f (.text:xdc_runtime_Text_cordText__E)
                  00009db8    0000002a     driverlib.lib : gpio.obj (.text:GPIODirModeSet)
                  00009de2    0000002a     grlib.lib : widget.obj (.text:WidgetIsInTree)
                  00009e0c    0000002a     ti.targets.arm.rtsarm.aem4f : System.oem4f (.text:xdc_runtime_System_putchar__I)
                  00009e36    00000028     Kentec320x240x16_ssd2119_spi.obj (.text:Kentec320x240x16_SSD2119ColorTranslate)
                  00009e5e    00000028     grlib.lib : pushbutton.obj (.text:RectangularButtonMsgProc)
                  00009e86    00000002     --HOLE-- [fill = 0]
                  00009e88    00000028     sysbios.aem4f : BIOS.obj (.text:ti_sysbios_hal_Hwi_Instance_init__E)
                  00009eb0    00000028                   : BIOS.obj (.text:ti_sysbios_knl_Clock_addI__E)
                  00009ed8    00000028                   : BIOS.obj (.text:ti_sysbios_knl_Swi_Module_startup__E)
                  00009f00    00000026     grlib.lib : string.obj (.text:GrFontInfoGet)
                  00009f26    00000026     sysbios.aem4f : m3_Hwi_asm.obj (.text:ti_sysbios_family_arm_m3_Hwi_pendSV__I)
                  00009f4c    00000026     ti.targets.arm.rtsarm.aem4f : System.oem4f (.text:xdc_runtime_System_avprintf__E)
                  00009f72    00000024     grlib.lib : widget.obj (.text:WidgetAdd)
                  00009f96    00000002     --HOLE-- [fill = 0]
                  00009f98    00000024     empty_min_pem4f.oem4f (.text:ti_sysbios_BIOS_registerRTSLock__I)
                  00009fbc    00000024     empty_min_pem4f.oem4f (.text:ti_sysbios_BIOS_removeRTSLock__I)
                  00009fe0    00000024     empty_min_pem4f.oem4f (.text:ti_sysbios_BIOS_startFunc__I)
                  0000a004    00000024     empty_min_pem4f.oem4f (.text:ti_sysbios_gates_GateMutex_Object__delete__S)
                  0000a028    00000024     sysbios.aem4f : BIOS.obj (.text:ti_sysbios_knl_Clock_Module_startup__E)
                  0000a04c    00000004     --HOLE-- [fill = 0]
                  0000a050    00000024                   : BIOS.obj (.text:ti_sysbios_knl_Semaphore_Instance_init__E)
                  0000a074    00000004     --HOLE-- [fill = 0]
                  0000a078    00000024                   : BIOS.obj (.text:ti_sysbios_knl_Task_restoreHwi__E)
                  0000a09c    00000024     ti.targets.arm.rtsarm.aem4f : System.oem4f (.text:xdc_runtime_System_vprintf__E)
                  0000a0c0    00000022     grlib.lib : string.obj (.text:GrFontGlyphDataGet)
                  0000a0e2    00000006               : string.obj (.text:GrContextFontSet)
                  0000a0e8    00000022     sysbios.aem4f : BIOS.obj (.text:ti_sysbios_family_arm_lm4_Timer_write__I)
                  0000a10a    00000022     empty_min_pem4f.oem4f (.text:xdc_runtime_SysMin_output__I)
                  0000a12c    00000020     Boot.aem4f : Boot_sysctl.oem4f (.text:_SysCtlMemTimingGet)
                  0000a14c    00000020     empty_min_pem4f.oem4f (.text:ti_sysbios_BIOS_rtsLock__I)
                  0000a16c    00000004     --HOLE-- [fill = 0]
                  0000a170    00000020     sysbios.aem4f : BIOS.obj (.text:ti_sysbios_family_arm_lm4_Timer_postInit__I)
                  0000a190    00000020     empty_min_pem4f.oem4f (.text:ti_sysbios_family_arm_m3_Hwi_Object__delete__S)
                  0000a1b0    00000020     sysbios.aem4f : m3_Hwi_asm.obj (.text:ti_sysbios_family_arm_m3_Hwi_excHandlerAsm__I)
                  0000a1d0    00000020                   : BIOS.obj (.text:ti_sysbios_family_arm_m3_Hwi_excHandler__I)
                  0000a1f0    00000020     empty_min_pem4f.oem4f (.text:ti_sysbios_gates_GateHwi_Object__delete__S)
                  0000a210    00000020     empty_min_pem4f.oem4f (.text:ti_sysbios_heaps_HeapMem_Object__delete__S)
                  0000a230    00000020     sysbios.aem4f : BIOS.obj (.text:ti_sysbios_knl_Idle_run__E)
                  0000a250    00000020     empty_min_pem4f.oem4f (.text:ti_sysbios_knl_Semaphore_Object__destruct__S)
                  0000a270    00000020     empty_min_pem4f.oem4f (.text:ti_uia_loggers_LoggerStopMode_Object__delete__S)
                  0000a290    00000020     ti.targets.arm.rtsarm.aem4f : Registry.oem4f (.text:xdc_runtime_Registry_findById__E)
                  0000a2b0    00000020                                 : SysMin.oem4f (.text:xdc_runtime_SysMin_Module_startup__E)
                  0000a2d0    0000001e     grlib.lib : string.obj (.text:GrFontCodepageGet)
                  0000a2ee    0000001e     empty_min_pem4f.oem4f (.text:ti_sysbios_BIOS_errorRaiseHook__I)
                  0000a30c    0000001e     sysbios.aem4f : m3_Hwi_asm_switch.obj (.text:ti_sysbios_family_xxx_Hwi_switchAndRunFunc)
                  0000a32a    00000002     --HOLE-- [fill = 0]
                  0000a32c    0000001c     grlib.lib : widget.obj (.text:WidgetPointerMessage)
                  0000a348    0000001c     driverlib.lib : sysctl.obj (.text:_SysCtlMemTimingGet)
                  0000a364    0000001c     drivers_tivaware.aem4f : GPIOTiva.oem4f (.text:getGpioIntIndex)
                  0000a380    0000001c     rtsv7M4_T_le_v4SPD16_eabi.lib : memccpy.c.obj (.text:memccpy)
                  0000a39c    0000001c     empty_min_pem4f.oem4f (.text:ti_sysbios_family_arm_m3_Hwi_Object__destruct__S)
                  0000a3b8    0000001c     sysbios.aem4f : BIOS.obj (.text:ti_sysbios_gates_GateMutex_Instance_init__E)
                  0000a3d4    0000001c     empty_min_pem4f.oem4f (.text:ti_sysbios_hal_Hwi_HwiProxy_create)
                  0000a3f0    0000001c     empty_min_pem4f.oem4f (.text:ti_sysbios_knl_Queue_Object__destruct__S)
                  0000a40c    00000004     --HOLE-- [fill = 0]
                  0000a410    0000001c     sysbios.aem4f : BIOS.obj (.text:ti_sysbios_knl_Queue_put__E)
                  0000a42c    00000004     --HOLE-- [fill = 0]
                  0000a430    0000001c                   : BIOS.obj (.text:ti_sysbios_knl_Task_enter__I)
                  0000a44c    0000001c     ti.uia.loggers.aem4f : LoggerStopMode.oem4f (.text:ti_uia_loggers_LoggerStopMode_Instance_init__E)
                  0000a468    0000001c     ti.targets.arm.rtsarm.aem4f : Error.oem4f (.text:xdc_runtime_Error_raiseX__E)
                  0000a484    0000001c                                 : Memory.oem4f (.text:xdc_runtime_Memory_valloc__E)
                  0000a4a0    0000001c                                 : SysMin.oem4f (.text:xdc_runtime_SysMin_exit__E)
                  0000a4bc    0000001c                                 : System.oem4f (.text:xdc_runtime_System_abort__E)
                  0000a4d8    0000001a     rtsv7M4_T_le_v4SPD16_eabi.lib : s_copysign.c.obj (.text:copysign)
                  0000a4f2    0000001a     empty_min_pem4f.oem4f (.text:ti_sysbios_family_arm_m3_Hwi_Handle__label__S)
                  0000a50c    0000001a     empty_min_pem4f.oem4f (.text:ti_sysbios_gates_GateHwi_Handle__label__S)
                  0000a526    0000001a     empty_min_pem4f.oem4f (.text:ti_sysbios_gates_GateMutex_Handle__label__S)
                  0000a540    0000001a     empty_min_pem4f.oem4f (.text:ti_sysbios_heaps_HeapMem_Handle__label__S)
                  0000a55a    0000001a     empty_min_pem4f.oem4f (.text:ti_sysbios_knl_Swi_Handle__label__S)
                  0000a574    0000001a     empty_min_pem4f.oem4f (.text:ti_sysbios_knl_Task_Handle__label__S)
                  0000a58e    0000001a     empty_min_pem4f.oem4f (.text:ti_uia_loggers_LoggerStopMode_Handle__label__S)
                  0000a5a8    0000001a     empty_min_pem4f.oem4f (.text:xdc_runtime_System_aprintf__E)
                  0000a5c2    0000001a     empty_min_pem4f.oem4f (.text:xdc_runtime_System_printf__E)
                  0000a5dc    00000018     driverlib.lib : gpio.obj (.text:GPIOPinTypeGPIOOutput)
                  0000a5f4    00000018     rtsv7M4_T_le_v4SPD16_eabi.lib : args_main.c.obj (.text:_args_main)
                  0000a60c    00000018                                   : sprintf.c.obj (.text:_outs)
                  0000a624    00000018     empty_min.obj (.text:hallInterruptFxn)
                  0000a63c    00000018     empty_min_pem4f.oem4f (.text:ti_sysbios_BIOS_rtsUnlock__I)
                  0000a654    00000018     empty_min_pem4f.oem4f (.text:ti_sysbios_family_arm_lm4_Timer_Module__startupDone__F)
                  0000a66c    00000018     empty_min_pem4f.oem4f (.text:ti_sysbios_family_arm_m3_Hwi_Module__startupDone__F)
                  0000a684    00000018     sysbios.aem4f : m3_TaskSupport_asm.obj (.text:ti_sysbios_family_arm_m3_TaskSupport_swap__E)
                  0000a69c    00000004     --HOLE-- [fill = 0]
                  0000a6a0    00000018                   : BIOS.obj (.text:ti_sysbios_gates_GateMutex_leave__E)
                  0000a6b8    00000018                   : BIOS.obj (.text:ti_sysbios_knl_Task_unblock__E)
                  0000a6d0    00000018     ti.targets.arm.rtsarm.aem4f : Error.oem4f (.text:xdc_runtime_Error_check__E)
                  0000a6e8    00000018                                 : System.oem4f (.text:xdc_runtime_System_exit__E)
                  0000a700    00000018                                 : Text.oem4f (.text:xdc_runtime_Text_ropeText__E)
                  0000a718    00000016     grlib.lib : string.obj (.text:GrStringDraw)
                  0000a72e    00000016     driverlib.lib : i2c.obj (.text:I2CMasterErr)
                  0000a744    00000016     rtsv7M4_T_le_v4SPD16_eabi.lib : strchr.c.obj (.text:strchr)
                  0000a75a    00000016     empty_min_pem4f.oem4f (.text:ti_sysbios_BIOS_exitFunc__I)
                  0000a770    00000016     empty_min.obj (.text:ti_sysbios_hal_Hwi_Params_init)
                  0000a786    00000016     empty_min.obj (.text:ti_sysbios_knl_Task_Params_init)
                  0000a79c    00000016     ti.uia.loggers.aem4f : LoggerStopMode.oem4f (.text:ti_uia_loggers_LoggerStopMode_disable__E)
                  0000a7b2    00000016                          : LoggerStopMode.oem4f (.text:ti_uia_loggers_LoggerStopMode_enable__E)
                  0000a7c8    00000014     grlib.lib : canvas.obj (.text:CanvasMsgProc)
                  0000a7dc    00000014     Kentec320x240x16_ssd2119_spi.obj (.text:LED_OFF)
                  0000a7f0    00000014     Kentec320x240x16_ssd2119_spi.obj (.text:LED_ON)
                  0000a804    00000014     touch.obj (.text:TouchScreenCallbackSet)
                  0000a818    00000014     grlib.lib : widget.obj (.text:WidgetMutexGet)
                  0000a82c    00000014     rtsv7M4_T_le_v4SPD16_eabi.lib : strlen.c.obj (.text:strlen)
                  0000a840    00000014     empty_min_pem4f.oem4f (.text:ti_sysbios_family_arm_m3_Hwi_Object__get__S)
                  0000a854    00000004     --HOLE-- [fill = 0]
                  0000a858    00000014     sysbios.aem4f : BIOS.obj (.text:ti_sysbios_family_arm_m3_Hwi_switchFromBootStack__E)
                  0000a86c    00000014     empty_min_pem4f.oem4f (.text:ti_sysbios_heaps_HeapMem_Object__get__S)
                  0000a880    00000014     empty_min_pem4f.oem4f (.text:ti_sysbios_knl_Swi_Object__get__S)
                  0000a894    00000012     driverlib.lib : gpio.obj (.text:GPIOPinTypeI2C)
                  0000a8a6    00000012                   : gpio.obj (.text:GPIOPinTypeI2CSCL)
                  0000a8b8    00000012                   : gpio.obj (.text:GPIOPinTypeSSI)
                  0000a8ca    00000012                   : ssi.obj (.text:SSIDataGetNonBlocking)
                  0000a8dc    00000012                   : timer.obj (.text:TimerLoadSet)
                  0000a8ee    00000002     --HOLE-- [fill = 0]
                  0000a8f0    00000012     sysbios.aem4f : BIOS.obj (.text:ti_sysbios_hal_Hwi_Module_startup__E)
                  0000a902    00000012     rtsv7M4_T_le_v4SPD16_eabi.lib : wcslen.c.obj (.text:wcslen)
                  0000a914    00000012     empty_min_pem4f.oem4f (.text:xdc_runtime_Startup_exec__I)
                  0000a926    00000002     --HOLE-- [fill = 0]
                  0000a928    00000010     empty_min_pem4f.oem4f (.text:.bootCodeSection:ti_catalog_arm_cortexm4_tiva_ce_Boot_init__I)
                  0000a938    00000010     driverlib.lib : adc.obj (.text:ADCIntEnable)
                  0000a948    00000010     sysbios.aem4f : BIOS.obj (.text:ti_sysbios_BIOS_exit__E)
                  0000a958    00000010                   : BIOS.obj (.text:ti_sysbios_BIOS_getCpuFreq__E)
                  0000a968    00000010                   : BIOS.obj (.text:ti_sysbios_BIOS_setThreadType__E)
                  0000a978    00000010                   : BIOS.obj (.text:ti_sysbios_BIOS_start__E)
                  0000a988    00000010                   : BIOS.obj (.text:ti_sysbios_family_arm_lm4_TimestampProvider_rolloverFunc__E)
                  0000a998    00000010                   : m3_TaskSupport_asm.obj (.text:ti_sysbios_family_arm_m3_TaskSupport_glue)
                  0000a9a8    00000010                   : BIOS.obj (.text:ti_sysbios_gates_GateMutex_Instance_finalize__E)
                  0000a9b8    00000010     empty_min_pem4f.oem4f (.text:ti_sysbios_hal_Hwi_HwiProxy_Object__create__S)
                  0000a9c8    00000010     sysbios.aem4f : BIOS.obj (.text:ti_sysbios_knl_Semaphore_Instance_finalize__E)
                  0000a9d8    00000010                   : BIOS.obj (.text:ti_sysbios_knl_Swi_disable__E)
                  0000a9e8    00000010                   : BIOS.obj (.text:ti_sysbios_knl_Task_disable__E)
                  0000a9f8    00000010     empty_min_pem4f.oem4f (.text:ti_uia_loggers_LoggerStopMode_Object__get__S)
                  0000aa08    00000010     ti.uia.loggers.aem4f : LoggerStopMode.oem4f (.text:ti_uia_loggers_LoggerStopMode_isEmpty__E)
                  0000aa18    00000010     ti.targets.arm.rtsarm.aem4f : Gate.oem4f (.text:xdc_runtime_Gate_leaveSystem__E)
                  0000aa28    00000010                                 : Memory.oem4f (.text:xdc_runtime_Memory_free__E)
                  0000aa38    00000010                                 : SysMin.oem4f (.text:xdc_runtime_SysMin_ready__E)
                  0000aa48    00000010                                 : System.oem4f (.text:xdc_runtime_System_vsnprintf__E)
                  0000aa58    00000010     empty_min_pem4f.oem4f (.text:xdc_runtime_Text_visitRope__I)
                  0000aa68    0000000e     driverlib.lib : adc.obj (.text:ADCSequenceEnable)
                  0000aa76    0000000e                   : gpio.obj (.text:GPIOIntStatus)
                  0000aa84    0000000e     grlib.lib : image.obj (.text:GrImageDraw)
                  0000aa92    0000000e     driverlib.lib : timer.obj (.text:TimerEnable)
                  0000aaa0    0000000e     rtsv7M4_T_le_v4SPD16_eabi.lib : copy_decompress_none.c.obj (.text:decompress:none:__TI_decompress_none)
                  0000aaae    00000002     --HOLE-- [fill = 0]
                  0000aab0    0000000e     sysbios.aem4f : BIOS.obj (.text:ti_sysbios_knl_Queue_empty__E)
                  0000aabe    0000000e     empty_min_pem4f.oem4f (.text:ti_sysbios_knl_Task_Object__get__S)
                  0000aacc    0000000c     rtsv7M4_T_le_v4SPD16_eabi.lib : _lock.c.obj (.text:_register_lock)
                  0000aad8    0000000c                                   : _lock.c.obj (.text:_register_unlock)
                  0000aae4    0000000c                                   : copy_zero_init.c.obj (.text:decompress:ZI:__TI_zero_init)
                  0000aaf0    0000000c     sysbios.aem4f : BIOS.obj (.text:ti_sysbios_family_arm_lm4_Timer_getMaxTicks__E)
                  0000aafc    00000004     --HOLE-- [fill = 0]
                  0000ab00    0000000c                   : BIOS.obj (.text:ti_sysbios_family_arm_lm4_TimestampProvider_startTimer__E)
                  0000ab0c    0000000c     empty_min_pem4f.oem4f (.text:ti_sysbios_family_arm_m3_Hwi_Params__init__S)
                  0000ab18    0000000c     sysbios.aem4f : BIOS.obj (.text:ti_sysbios_family_arm_m3_Hwi_disableFxn__E)
                  0000ab24    00000004     --HOLE-- [fill = 0]
                  0000ab28    0000000c                   : BIOS.obj (.text:ti_sysbios_family_arm_m3_TaskSupport_getStackAlignment__E)
                  0000ab34    00000004     --HOLE-- [fill = 0]
                  0000ab38    0000000c                   : BIOS.obj (.text:ti_sysbios_gates_GateHwi_enter__E)
                  0000ab44    0000000c     empty_min_pem4f.oem4f (.text:ti_sysbios_hal_Hwi_Params__init__S)
                  0000ab50    0000000c     sysbios.aem4f : BIOS.obj (.text:ti_sysbios_knl_Clock_getTickPeriod__E)
                  0000ab5c    0000000c     empty_min_pem4f.oem4f (.text:ti_sysbios_knl_Queue_Object__get__S)
                  0000ab68    0000000c     empty_min_pem4f.oem4f (.text:ti_sysbios_knl_Semaphore_Params__init__S)
                  0000ab74    0000000c     empty_min_pem4f.oem4f (.text:ti_sysbios_knl_Task_Params__init__S)
                  0000ab80    0000000c     ti.targets.arm.rtsarm.aem4f : Error.oem4f (.text:xdc_runtime_Error_init__E)
                  0000ab8c    0000000c                                 : Gate.oem4f (.text:xdc_runtime_Gate_enterSystem__E)
                  0000ab98    0000000c                                 : Memory.oem4f (.text:xdc_runtime_Memory_calloc__E)
                  0000aba4    0000000c                                 : Memory.oem4f (.text:xdc_runtime_Memory_getMaxDefaultTypeAlign__E)
                  0000abb0    0000000a     driverlib.lib : i2c.obj (.text:I2CMasterDisable)
                  0000abba    0000000a                   : i2c.obj (.text:I2CMasterEnable)
                  0000abc4    0000000a     drivers_tivaware.aem4f : I2CTiva.oem4f (.text:I2CTiva_init)
                  0000abce    0000000a     Kentec320x240x16_ssd2119_spi.obj (.text:Kentec320x240x16_SSD2119Flush)
                  0000abd8    0000000a     driverlib.lib : ssi.obj (.text:SSIDataPut)
                  0000abe2    0000000a                   : ssi.obj (.text:SSIEnable)
                  0000abec    0000000a     rtsv7M4_T_le_v4SPD16_eabi.lib : sprintf.c.obj (.text:_outc)
                  0000abf6    00000002     --HOLE-- [fill = 0]
                  0000abf8    0000000a     sysbios.aem4f : BIOS.obj (.text:ti_sysbios_hal_Hwi_Instance_finalize__E)
                  0000ac02    0000000a     empty_min_pem4f.oem4f (.text:xdc_runtime_IHeap_alloc)
                  0000ac0c    0000000a     empty_min_pem4f.oem4f (.text:xdc_runtime_IHeap_free)
                  0000ac16    00000008     EK_TM4C1294XL.obj (.text:EK_TM4C1294XL_initGPIO)
                  0000ac1e    00000008     grlib.lib : charmap.obj (.text:GrMapISO8859_1_Unicode)
                  0000ac26    00000008     driverlib.lib : i2c.obj (.text:I2CMasterIntClear)
                  0000ac2e    00000008                   : i2c.obj (.text:I2CMasterSlaveAddrSet)
                  0000ac36    00000008     drivers_tivaware.aem4f : I2CTiva.oem4f (.text:I2CTiva_blockingCallback)
                  0000ac3e    00000008     driverlib.lib : ssi.obj (.text:SSIBusy)
                  0000ac46    00000002     --HOLE-- [fill = 0]
                  0000ac48    00000008     rtsv7M4_T_le_v4SPD16_eabi.lib : errno.c.obj (.text:__aeabi_errno_addr)
                  0000ac50    00000008     interface_button.obj (.text:initInterfaceButton)
                  0000ac58    00000008     sysbios.aem4f : BIOS.obj (.text:ti_sysbios_family_arm_lm4_Timer_masterDisable__I)
                  0000ac60    00000008                   : BIOS.obj (.text:ti_sysbios_family_arm_m3_Hwi_doSwiRestore__I)
                  0000ac68    00000008                   : BIOS.obj (.text:ti_sysbios_family_arm_m3_Hwi_startup__E)
                  0000ac70    00000006     driverlib.lib : i2c.obj (.text:I2CMasterIntDisable)
                  0000ac76    00000006                   : i2c.obj (.text:I2CMasterIntEnable)
                  0000ac7c    00000006     drivers_tivaware.aem4f : I2CTiva.oem4f (.text:I2CTiva_control)
                  0000ac82    00000006     driverlib.lib : sysctl.obj (.text:SysCtlDelay)
                  0000ac88    00000006     grlib.lib : widget.obj (.text:WidgetMutexPut)
                  0000ac8e    00000002     --HOLE-- [fill = 0]
                  0000ac90    00000006     sysbios.aem4f : BIOS.obj (.text:ti_sysbios_family_arm_lm4_TimestampProvider_Module_startup__E)
                  0000ac96    00000002     --HOLE-- [fill = 0]
                  0000ac98    00000006                   : BIOS.obj (.text:ti_sysbios_family_arm_m3_Hwi_doTaskRestore__I)
                  0000ac9e    00000002     --HOLE-- [fill = 0]
                  0000aca0    00000006                   : BIOS.obj (.text:ti_sysbios_family_arm_m3_Hwi_restoreFxn__E)
                  0000aca6    00000002     --HOLE-- [fill = 0]
                  0000aca8    00000006                   : BIOS.obj (.text:ti_sysbios_gates_GateHwi_leave__E)
                  0000acae    00000002     --HOLE-- [fill = 0]
                  0000acb0    00000006                   : BIOS.obj (.text:ti_sysbios_heaps_HeapMem_isBlocking__E)
                  0000acb6    00000002     --HOLE-- [fill = 0]
                  0000acb8    00000006                   : BIOS.obj (.text:ti_sysbios_knl_Queue_Instance_init__E)
                  0000acbe    00000002     --HOLE-- [fill = 0]
                  0000acc0    00000006                   : BIOS.obj (.text:ti_sysbios_knl_Swi_startup__E)
                  0000acc6    00000006     ti.targets.arm.rtsarm.aem4f : System.oem4f (.text:xdc_runtime_System_Module_startup__E)
                  0000accc    00000004     --HOLE-- [fill = 0]
                  0000acd0    00000004     sysbios.aem4f : BIOS.obj (.text:ti_sysbios_family_arm_lm4_Timer_getPeriod__E)
                  0000acd4    00000004     --HOLE-- [fill = 0]
                  0000acd8    00000004                   : BIOS.obj (.text:ti_sysbios_gates_GateHwi_query__E)
                  0000acdc    00000004     --HOLE-- [fill = 0]
                  0000ace0    00000004                   : BIOS.obj (.text:ti_sysbios_gates_GateMutex_query__E)
                  0000ace4    00000004     --HOLE-- [fill = 0]
                  0000ace8    00000004                   : BIOS.obj (.text:ti_sysbios_knl_Task_startup__E)
                  0000acec    00000004     --HOLE-- [fill = 0]
                  0000acf0    00000002                   : BIOS.obj (.text:ti_sysbios_gates_GateHwi_Instance_init__E)

.const     0    0000acf4    0000712a     
                  0000acf4    00001f0e     empty_min_pem4f.oem4f (.const:xdc_runtime_Text_charTab__A)
                  0000cc02    00001a46     frame.obj (.const:.string:g_pui8Top)
                  0000e648    0000095e     grlib.lib : fontcm20.obj (.const:.string:g_pui8Cm20Data)
                  0000efa6    00000786     frame.obj (.const:.string:g_pui8Bottom)
                  0000f72c    00000782     grlib.lib : fontcmss18b.obj (.const:.string:g_pui8Cmss18bData)
                  0000feae    00000546     frame.obj (.const:.string:g_pui8Left)
                  000103f4    00000546     frame.obj (.const:.string:g_pui8Right)
                  0001093a    0000017c     frame.obj (.const:.string:g_pui8TopLeft)
                  00010ab6    00000173     frame.obj (.const:.string:g_pui8TopRight)
                  00010c29    00000001     empty_min_pem4f.oem4f (.const:xdc_runtime_Error_policy__C)
                  00010c2a    00000002     empty_min_pem4f.oem4f (.const:ti_catalog_arm_cortexm4_tiva_ce_Boot_Module__id__C)
                  00010c2c    00000120     Boot.aem4f : Boot_sysctl.oem4f (.const:g_pppui32XTALtoVCO)
                  00010d4c    00000120     driverlib.lib : sysctl.obj (.const:g_pppui32XTALtoVCO)
                  00010e6c    00000101     rtsv7M4_T_le_v4SPD16_eabi.lib : ctype.c.obj (.const:.string:_ctypes_)
                  00010f6d    00000001     --HOLE-- [fill = 0]
                  00010f6e    000000f8     empty_min_pem4f.oem4f (.const:xdc_runtime_Text_nodeTab__A)
                  00011066    000000d0     frame.obj (.const:.string:g_pui8BottomLeft)
                  00011136    00000002     empty_min_pem4f.oem4f (.const:ti_sysbios_family_arm_lm4_TimestampProvider_useClockTimer__C)
                  00011138    000000ce     empty_min.obj (.const:.string)
                  00011206    00000002     empty_min_pem4f.oem4f (.const:ti_sysbios_family_arm_m3_Hwi_Module__id__C)
                  00011208    000000c8     grlib.lib : fontcm20.obj (.const:g_sFontCm20)
                  000112d0    000000c8               : fontcmss18b.obj (.const:g_sFontCmss18b)
                  00011398    000000c4     frame.obj (.const:.string:g_pui8BottomRight)
                  0001145c    00000090     driverlib.lib : gpio.obj (.const:g_pui32GPIOBaseAddrs)
                  000114ec    00000070                   : interrupt.obj (.const)
                  0001155c    0000006c     Boot.aem4f : Boot_sysctl.oem4f (.const:g_pui32Xtals)
                  000115c8    0000006c     driverlib.lib : sysctl.obj (.const:g_pui32Xtals)
                  00011634    00000060     empty_min_pem4f.oem4f (.const:ti_uia_loggers_LoggerStopMode_Module__FXNS__C)
                  00011694    00000054     drivers_tivaware.aem4f : GPIOTiva.oem4f (.const:.string)
                  000116e8    00000048     empty_min_pem4f.oem4f (.const:.string)
                  00011730    00000048     drivers_tivaware.aem4f : GPIOTiva.oem4f (.const:gpioBaseAddresses)
                  00011778    0000003c     empty_min_pem4f.oem4f (.const:ti_sysbios_knl_Task_Object__PARAMS__C)
                  000117b4    00000030     Boot.aem4f : Boot_sysctl.oem4f (.const:g_sXTALtoMEMTIM)
                  000117e4    00000030     driverlib.lib : sysctl.obj (.const:g_sXTALtoMEMTIM)
                  00011814    00000030     empty_min_pem4f.oem4f (.const:ti_sysbios_family_arm_m3_Hwi_Object__PARAMS__C)
                  00011844    0000002c     empty_min_pem4f.oem4f (.const:ti_sysbios_hal_Hwi_Object__PARAMS__C)
                  00011870    00000028     Kentec320x240x16_ssd2119_spi.obj (.const:g_sKentec320x240x16_SSD2119)
                  00011898    00000028     empty_min_pem4f.oem4f (.const:ti_sysbios_heaps_HeapMem_Module__FXNS__C)
                  000118c0    00000028     empty_min_pem4f.oem4f (.const:ti_uia_loggers_LoggerStopMode_Object__PARAMS__C)
                  000118e8    00000028     empty_min_pem4f.oem4f (.const:xdc_runtime_Startup_sfxnTab__A)
                  00011910    00000024     EK_TM4C1294XL.obj (.const:I2C_config)
                  00011934    00000024     empty_min_pem4f.oem4f (.const:ti_sysbios_gates_GateHwi_Module__FXNS__C)
                  00011958    00000024     empty_min_pem4f.oem4f (.const:ti_sysbios_gates_GateMutex_Module__FXNS__C)
                  0001197c    00000024     empty_min_pem4f.oem4f (.const:ti_sysbios_heaps_HeapMem_Object__PARAMS__C)
                  000119a0    00000024     empty_min_pem4f.oem4f (.const:ti_sysbios_knl_Semaphore_Object__PARAMS__C)
                  000119c4    00000020     empty_min_pem4f.oem4f (.const:ti_sysbios_family_arm_m3_Hwi_Object__DESC__C)
                  000119e4    00000020     empty_min_pem4f.oem4f (.const:ti_sysbios_gates_GateHwi_Object__DESC__C)
                  00011a04    00000020     empty_min_pem4f.oem4f (.const:ti_sysbios_gates_GateMutex_Object__DESC__C)
                  00011a24    00000020     empty_min_pem4f.oem4f (.const:ti_sysbios_hal_Hwi_Object__DESC__C)
                  00011a44    00000020     empty_min_pem4f.oem4f (.const:ti_sysbios_heaps_HeapMem_Object__DESC__C)
                  00011a64    00000020     empty_min_pem4f.oem4f (.const:ti_sysbios_knl_Queue_Object__DESC__C)
                  00011a84    00000020     empty_min_pem4f.oem4f (.const:ti_sysbios_knl_Semaphore_Object__DESC__C)
                  00011aa4    00000020     empty_min_pem4f.oem4f (.const:ti_sysbios_knl_Task_Object__DESC__C)
                  00011ac4    00000020     empty_min_pem4f.oem4f (.const:ti_uia_loggers_LoggerStopMode_Object__DESC__C)
                  00011ae4    0000001c     drivers_tivaware.aem4f : I2CTiva.oem4f (.const)
                  00011b00    0000001c     touch.obj (.const:g_pi32TouchParameters)
                  00011b1c    00000018     EK_TM4C1294XL.obj (.const:i2cTivaHWAttrs)
                  00011b34    00000018     empty_min_pem4f.oem4f (.const:ti_sysbios_gates_GateHwi_Object__PARAMS__C)
                  00011b4c    00000018     empty_min_pem4f.oem4f (.const:ti_sysbios_gates_GateMutex_Object__PARAMS__C)
                  00011b64    00000018     empty_min_pem4f.oem4f (.const:ti_sysbios_knl_Queue_Object__PARAMS__C)
                  00011b7c    00000014     EK_TM4C1294XL.obj (.const:GPIOTiva_config)
                  00011b90    00000014     empty_min_pem4f.oem4f (.const:xdc_runtime_Startup_firstFxns__A)
                  00011ba4    00000014     empty_min_pem4f.oem4f (.const:xdc_runtime_Startup_sfxnRts__A)
                  00011bb8    00000010     grlib.lib : context.obj (.const)
                  00011bc8    00000008     Boot.aem4f : Boot_sysctl.oem4f (.const)
                  00011bd0    00000008     driverlib.lib : sysctl.obj (.const)
                  00011bd8    00000008     empty_min_pem4f.oem4f (.const:ti_sysbios_family_arm_m3_Hwi_excHookFuncs__A)
                  00011be0    00000008     empty_min_pem4f.oem4f (.const:ti_sysbios_knl_Idle_funcList__C)
                  00011be8    00000008     empty_min_pem4f.oem4f (.const:xdc_runtime_Startup_firstFxns__C)
                  00011bf0    00000008     empty_min_pem4f.oem4f (.const:xdc_runtime_Startup_lastFxns__C)
                  00011bf8    00000004     empty_min_pem4f.oem4f (.const:ti_catalog_arm_cortexm4_tiva_ce_Boot_A_mustNotUseEnhancedClockMode__C)
                  00011bfc    00000004     empty_min_pem4f.oem4f (.const:ti_catalog_arm_cortexm4_tiva_ce_Boot_Module__diagsEnabled__C)
                  00011c00    00000004     empty_min_pem4f.oem4f (.const:ti_catalog_arm_cortexm4_tiva_ce_Boot_Module__diagsIncluded__C)
                  00011c04    00000004     empty_min_pem4f.oem4f (.const:ti_catalog_arm_cortexm4_tiva_ce_Boot_Module__diagsMask__C)
                  00011c08    00000004     empty_min_pem4f.oem4f (.const:ti_sysbios_family_arm_lm4_Timer_enableFunc__C)
                  00011c0c    00000004     empty_min_pem4f.oem4f (.const:ti_sysbios_family_arm_lm4_Timer_numTimerDevices__C)
                  00011c10    00000004     empty_min_pem4f.oem4f (.const:ti_sysbios_family_arm_lm4_Timer_startupNeeded__C)
                  00011c14    00000004     empty_min_pem4f.oem4f (.const:ti_sysbios_family_arm_m3_Hwi_E_NMI__C)
                  00011c18    00000004     empty_min_pem4f.oem4f (.const:ti_sysbios_family_arm_m3_Hwi_E_alreadyDefined__C)
                  00011c1c    00000004     empty_min_pem4f.oem4f (.const:ti_sysbios_family_arm_m3_Hwi_E_busFault__C)
                  00011c20    00000004     empty_min_pem4f.oem4f (.const:ti_sysbios_family_arm_m3_Hwi_E_debugMon__C)
                  00011c24    00000004     empty_min_pem4f.oem4f (.const:ti_sysbios_family_arm_m3_Hwi_E_hardFault__C)
                  00011c28    00000004     empty_min_pem4f.oem4f (.const:ti_sysbios_family_arm_m3_Hwi_E_memFault__C)
                  00011c2c    00000004     empty_min_pem4f.oem4f (.const:ti_sysbios_family_arm_m3_Hwi_E_noIsr__C)
                  00011c30    00000004     empty_min_pem4f.oem4f (.const:ti_sysbios_family_arm_m3_Hwi_E_reserved__C)
                  00011c34    00000004     empty_min_pem4f.oem4f (.const:ti_sysbios_family_arm_m3_Hwi_E_svCall__C)
                  00011c38    00000004     empty_min_pem4f.oem4f (.const:ti_sysbios_family_arm_m3_Hwi_E_usageFault__C)
                  00011c3c    00000004     empty_min_pem4f.oem4f (.const:ti_sysbios_family_arm_m3_Hwi_LD_end__C)
                  00011c40    00000004     empty_min_pem4f.oem4f (.const:ti_sysbios_family_arm_m3_Hwi_LM_begin__C)
                  00011c44    00000004     empty_min_pem4f.oem4f (.const:ti_sysbios_family_arm_m3_Hwi_Module__diagsEnabled__C)
                  00011c48    00000004     empty_min_pem4f.oem4f (.const:ti_sysbios_family_arm_m3_Hwi_Module__diagsIncluded__C)
                  00011c4c    00000004     empty_min_pem4f.oem4f (.const:ti_sysbios_family_arm_m3_Hwi_Module__diagsMask__C)
                  00011c50    00000004     empty_min_pem4f.oem4f (.const:ti_sysbios_family_arm_m3_Hwi_Module__loggerFxn1__C)
                  00011c54    00000004     empty_min_pem4f.oem4f (.const:ti_sysbios_family_arm_m3_Hwi_Module__loggerFxn8__C)
                  00011c58    00000004     empty_min_pem4f.oem4f (.const:ti_sysbios_family_arm_m3_Hwi_Module__loggerObj__C)
                  00011c5c    00000004     empty_min_pem4f.oem4f (.const:ti_sysbios_family_arm_m3_Hwi_NUM_INTERRUPTS__C)
                  00011c60    00000004     empty_min_pem4f.oem4f (.const:ti_sysbios_family_arm_m3_Hwi_Object__count__C)
                  00011c64    00000004     empty_min_pem4f.oem4f (.const:ti_sysbios_family_arm_m3_Hwi_ccr__C)
                  00011c68    00000004     empty_min_pem4f.oem4f (.const:ti_sysbios_family_arm_m3_Hwi_excHandlerFunc__C)
                  00011c6c    00000004     empty_min_pem4f.oem4f (.const:ti_sysbios_family_arm_m3_Hwi_excHookFuncs__C)
                  00011c70    00000004     empty_min_pem4f.oem4f (.const:ti_sysbios_family_arm_m3_Hwi_nullIsrFunc__C)
                  00011c74    00000004     empty_min_pem4f.oem4f (.const:ti_sysbios_family_arm_m3_Hwi_priGroup__C)
                  00011c78    00000004     empty_min_pem4f.oem4f (.const:ti_sysbios_family_arm_m3_TaskSupport_stackAlignment__C)
                  00011c7c    00000004     empty_min_pem4f.oem4f (.const:ti_sysbios_gates_GateMutex_Instance_State_sem__O)
                  00011c80    00000004     empty_min_pem4f.oem4f (.const:ti_sysbios_heaps_HeapMem_E_memory__C)
                  00011c84    00000004     empty_min_pem4f.oem4f (.const:ti_sysbios_heaps_HeapMem_Module__gateObj__C)
                  00011c88    00000004     empty_min_pem4f.oem4f (.const:ti_sysbios_heaps_HeapMem_Object__count__C)
                  00011c8c    00000004     empty_min_pem4f.oem4f (.const:ti_sysbios_heaps_HeapMem_reqAlign__C)
                  00011c90    00000004     empty_min_pem4f.oem4f (.const:ti_sysbios_knl_Clock_LM_begin__C)
                  00011c94    00000004     empty_min_pem4f.oem4f (.const:ti_sysbios_knl_Clock_LM_tick__C)
                  00011c98    00000004     empty_min_pem4f.oem4f (.const:ti_sysbios_knl_Clock_LW_delayed__C)
                  00011c9c    00000004     empty_min_pem4f.oem4f (.const:ti_sysbios_knl_Clock_Module_State_clockQ__O)
                  00011ca0    00000004     empty_min_pem4f.oem4f (.const:ti_sysbios_knl_Clock_Module__diagsEnabled__C)
                  00011ca4    00000004     empty_min_pem4f.oem4f (.const:ti_sysbios_knl_Clock_Module__diagsIncluded__C)
                  00011ca8    00000004     empty_min_pem4f.oem4f (.const:ti_sysbios_knl_Clock_Module__diagsMask__C)
                  00011cac    00000004     empty_min_pem4f.oem4f (.const:ti_sysbios_knl_Clock_Module__loggerFxn1__C)
                  00011cb0    00000004     empty_min_pem4f.oem4f (.const:ti_sysbios_knl_Clock_Module__loggerFxn2__C)
                  00011cb4    00000004     empty_min_pem4f.oem4f (.const:ti_sysbios_knl_Clock_Module__loggerObj__C)
                  00011cb8    00000004     empty_min_pem4f.oem4f (.const:ti_sysbios_knl_Semaphore_Instance_State_pendQ__O)
                  00011cbc    00000004     empty_min_pem4f.oem4f (.const:ti_sysbios_knl_Semaphore_LM_pend__C)
                  00011cc0    00000004     empty_min_pem4f.oem4f (.const:ti_sysbios_knl_Semaphore_LM_post__C)
                  00011cc4    00000004     empty_min_pem4f.oem4f (.const:ti_sysbios_knl_Semaphore_Module__diagsEnabled__C)
                  00011cc8    00000004     empty_min_pem4f.oem4f (.const:ti_sysbios_knl_Semaphore_Module__diagsIncluded__C)
                  00011ccc    00000004     empty_min_pem4f.oem4f (.const:ti_sysbios_knl_Semaphore_Module__diagsMask__C)
                  00011cd0    00000004     empty_min_pem4f.oem4f (.const:ti_sysbios_knl_Semaphore_Module__loggerFxn2__C)
                  00011cd4    00000004     empty_min_pem4f.oem4f (.const:ti_sysbios_knl_Semaphore_Module__loggerFxn4__C)
                  00011cd8    00000004     empty_min_pem4f.oem4f (.const:ti_sysbios_knl_Semaphore_Module__loggerObj__C)
                  00011cdc    00000004     empty_min_pem4f.oem4f (.const:ti_sysbios_knl_Swi_LD_end__C)
                  00011ce0    00000004     empty_min_pem4f.oem4f (.const:ti_sysbios_knl_Swi_LM_begin__C)
                  00011ce4    00000004     empty_min_pem4f.oem4f (.const:ti_sysbios_knl_Swi_LM_post__C)
                  00011ce8    00000004     empty_min_pem4f.oem4f (.const:ti_sysbios_knl_Swi_Module__diagsEnabled__C)
                  00011cec    00000004     empty_min_pem4f.oem4f (.const:ti_sysbios_knl_Swi_Module__diagsIncluded__C)
                  00011cf0    00000004     empty_min_pem4f.oem4f (.const:ti_sysbios_knl_Swi_Module__diagsMask__C)
                  00011cf4    00000004     empty_min_pem4f.oem4f (.const:ti_sysbios_knl_Swi_Module__loggerFxn1__C)
                  00011cf8    00000004     empty_min_pem4f.oem4f (.const:ti_sysbios_knl_Swi_Module__loggerFxn4__C)
                  00011cfc    00000004     empty_min_pem4f.oem4f (.const:ti_sysbios_knl_Swi_Module__loggerObj__C)
                  00011d00    00000004     empty_min_pem4f.oem4f (.const:ti_sysbios_knl_Swi_Object__count__C)
                  00011d04    00000004     empty_min_pem4f.oem4f (.const:ti_sysbios_knl_Task_LD_block__C)
                  00011d08    00000004     empty_min_pem4f.oem4f (.const:ti_sysbios_knl_Task_LD_exit__C)
                  00011d0c    00000004     empty_min_pem4f.oem4f (.const:ti_sysbios_knl_Task_LD_ready__C)
                  00011d10    00000004     empty_min_pem4f.oem4f (.const:ti_sysbios_knl_Task_LM_switch__C)
                  00011d14    00000004     empty_min_pem4f.oem4f (.const:ti_sysbios_knl_Task_Module_State_inactiveQ__O)
                  00011d18    00000004     empty_min_pem4f.oem4f (.const:ti_sysbios_knl_Task_Module__diagsEnabled__C)
                  00011d1c    00000004     empty_min_pem4f.oem4f (.const:ti_sysbios_knl_Task_Module__diagsIncluded__C)
                  00011d20    00000004     empty_min_pem4f.oem4f (.const:ti_sysbios_knl_Task_Module__diagsMask__C)
                  00011d24    00000004     empty_min_pem4f.oem4f (.const:ti_sysbios_knl_Task_Module__loggerFxn2__C)
                  00011d28    00000004     empty_min_pem4f.oem4f (.const:ti_sysbios_knl_Task_Module__loggerFxn4__C)
                  00011d2c    00000004     empty_min_pem4f.oem4f (.const:ti_sysbios_knl_Task_Module__loggerObj__C)
                  00011d30    00000004     empty_min_pem4f.oem4f (.const:ti_sysbios_knl_Task_Object__count__C)
                  00011d34    00000004     empty_min_pem4f.oem4f (.const:ti_sysbios_knl_Task_allBlockedFunc__C)
                  00011d38    00000004     empty_min_pem4f.oem4f (.const:ti_sysbios_knl_Task_defaultStackHeap__C)
                  00011d3c    00000004     empty_min_pem4f.oem4f (.const:ti_sysbios_knl_Task_defaultStackSize__C)
                  00011d40    00000004     empty_min_pem4f.oem4f (.const:ti_sysbios_knl_Task_numConstructedTasks__C)
                  00011d44    00000004     empty_min_pem4f.oem4f (.const:ti_uia_loggers_LoggerStopMode_Module__diagsEnabled__C)
                  00011d48    00000004     empty_min_pem4f.oem4f (.const:ti_uia_loggers_LoggerStopMode_Module__diagsIncluded__C)
                  00011d4c    00000004     empty_min_pem4f.oem4f (.const:ti_uia_loggers_LoggerStopMode_Module__diagsMask__C)
                  00011d50    00000004     empty_min_pem4f.oem4f (.const:ti_uia_loggers_LoggerStopMode_Object__count__C)
                  00011d54    00000004     empty_min_pem4f.oem4f (.const:ti_uia_runtime_ILoggerSnapshot_Interface__BASE__C)
                  00011d58    00000004     empty_min_pem4f.oem4f (.const:ti_uia_runtime_IUIATransfer_Interface__BASE__C)
                  00011d5c    00000004     empty_min_pem4f.oem4f (.const:xdc_runtime_Assert_E_assertFailed__C)
                  00011d60    00000004     empty_min_pem4f.oem4f (.const:xdc_runtime_Core_A_initializedParams__C)
                  00011d64    00000004     empty_min_pem4f.oem4f (.const:xdc_runtime_Core_Module__diagsEnabled__C)
                  00011d68    00000004     empty_min_pem4f.oem4f (.const:xdc_runtime_Core_Module__diagsIncluded__C)
                  00011d6c    00000004     empty_min_pem4f.oem4f (.const:xdc_runtime_Core_Module__diagsMask__C)
                  00011d70    00000004     empty_min_pem4f.oem4f (.const:xdc_runtime_Error_E_memory__C)
                  00011d74    00000004     empty_min_pem4f.oem4f (.const:xdc_runtime_Error_Module__diagsEnabled__C)
                  00011d78    00000004     empty_min_pem4f.oem4f (.const:xdc_runtime_Error_Module__diagsIncluded__C)
                  00011d7c    00000004     empty_min_pem4f.oem4f (.const:xdc_runtime_Error_Module__diagsMask__C)
                  00011d80    00000004     empty_min_pem4f.oem4f (.const:xdc_runtime_Error_Module__loggerFxn8__C)
                  00011d84    00000004     empty_min_pem4f.oem4f (.const:xdc_runtime_Error_Module__loggerObj__C)
                  00011d88    00000004     empty_min_pem4f.oem4f (.const:xdc_runtime_Error_policyFxn__C)
                  00011d8c    00000004     empty_min_pem4f.oem4f (.const:xdc_runtime_Error_raiseHook__C)
                  00011d90    00000004     empty_min_pem4f.oem4f (.const:xdc_runtime_IFilterLogger_Interface__BASE__C)
                  00011d94    00000004     empty_min_pem4f.oem4f (.const:xdc_runtime_IGateProvider_Interface__BASE__C)
                  00011d98    00000004     empty_min_pem4f.oem4f (.const:xdc_runtime_IHeap_Interface__BASE__C)
                  00011d9c    00000004     empty_min_pem4f.oem4f (.const:xdc_runtime_ILogger_Interface__BASE__C)
                  00011da0    00000004     empty_min_pem4f.oem4f (.const:xdc_runtime_IModule_Interface__BASE__C)
                  00011da4    00000004     empty_min_pem4f.oem4f (.const:xdc_runtime_Log_L_error__C)
                  00011da8    00000004     empty_min_pem4f.oem4f (.const:xdc_runtime_Memory_defaultHeapInstance__C)
                  00011dac    00000004     empty_min_pem4f.oem4f (.const:xdc_runtime_Startup_execImpl__C)
                  00011db0    00000004     empty_min_pem4f.oem4f (.const:xdc_runtime_Startup_lastFxns__A)
                  00011db4    00000004     empty_min_pem4f.oem4f (.const:xdc_runtime_Startup_maxPasses__C)
                  00011db8    00000004     empty_min_pem4f.oem4f (.const:xdc_runtime_Startup_sfxnRts__C)
                  00011dbc    00000004     empty_min_pem4f.oem4f (.const:xdc_runtime_Startup_sfxnTab__C)
                  00011dc0    00000004     empty_min_pem4f.oem4f (.const:xdc_runtime_SysMin_bufSize__C)
                  00011dc4    00000004     empty_min_pem4f.oem4f (.const:xdc_runtime_SysMin_outputFunc__C)
                  00011dc8    00000004     empty_min_pem4f.oem4f (.const:xdc_runtime_System_Module__gateObj__C)
                  00011dcc    00000004     empty_min_pem4f.oem4f (.const:xdc_runtime_System_abortFxn__C)
                  00011dd0    00000004     empty_min_pem4f.oem4f (.const:xdc_runtime_System_exitFxn__C)
                  00011dd4    00000004     empty_min_pem4f.oem4f (.const:xdc_runtime_System_extendFxn__C)
                  00011dd8    00000004     empty_min_pem4f.oem4f (.const:xdc_runtime_System_maxAtexitHandlers__C)
                  00011ddc    00000004     empty_min_pem4f.oem4f (.const:xdc_runtime_Text_charTab__C)
                  00011de0    00000004     empty_min_pem4f.oem4f (.const:xdc_runtime_Text_nameEmpty__C)
                  00011de4    00000004     empty_min_pem4f.oem4f (.const:xdc_runtime_Text_nameStatic__C)
                  00011de8    00000004     empty_min_pem4f.oem4f (.const:xdc_runtime_Text_nameUnknown__C)
                  00011dec    00000004     empty_min_pem4f.oem4f (.const:xdc_runtime_Text_nodeTab__C)
                  00011df0    00000004     empty_min_pem4f.oem4f (.const:xdc_runtime_Text_visitRopeFxn__C)
                  00011df4    00000002     empty_min_pem4f.oem4f (.const:ti_sysbios_family_arm_m3_Hwi_Module__loggerDefined__C)
                  00011df6    00000002     empty_min_pem4f.oem4f (.const:ti_sysbios_heaps_HeapMem_Module__id__C)
                  00011df8    00000002     empty_min_pem4f.oem4f (.const:ti_sysbios_knl_Clock_Module__id__C)
                  00011dfa    00000002     empty_min_pem4f.oem4f (.const:ti_sysbios_knl_Clock_Module__loggerDefined__C)
                  00011dfc    00000002     empty_min_pem4f.oem4f (.const:ti_sysbios_knl_Semaphore_Module__id__C)
                  00011dfe    00000002     empty_min_pem4f.oem4f (.const:ti_sysbios_knl_Semaphore_Module__loggerDefined__C)
                  00011e00    00000002     empty_min_pem4f.oem4f (.const:ti_sysbios_knl_Swi_Module__id__C)
                  00011e02    00000002     empty_min_pem4f.oem4f (.const:ti_sysbios_knl_Swi_Module__loggerDefined__C)
                  00011e04    00000002     empty_min_pem4f.oem4f (.const:ti_sysbios_knl_Task_Module__id__C)
                  00011e06    00000002     empty_min_pem4f.oem4f (.const:ti_sysbios_knl_Task_Module__loggerDefined__C)
                  00011e08    00000002     empty_min_pem4f.oem4f (.const:ti_uia_loggers_LoggerStopMode_Module__id__C)
                  00011e0a    00000002     empty_min_pem4f.oem4f (.const:ti_uia_loggers_LoggerStopMode_isTimestampEnabled__C)
                  00011e0c    00000002     empty_min_pem4f.oem4f (.const:xdc_runtime_Core_Module__id__C)
                  00011e0e    00000002     empty_min_pem4f.oem4f (.const:xdc_runtime_Error_Module__loggerDefined__C)
                  00011e10    00000002     empty_min_pem4f.oem4f (.const:xdc_runtime_Error_maxDepth__C)
                  00011e12    00000002     empty_min_pem4f.oem4f (.const:xdc_runtime_Memory_Module__id__C)
                  00011e14    00000002     empty_min_pem4f.oem4f (.const:xdc_runtime_SysMin_flushAtExit__C)
                  00011e16    00000002     empty_min_pem4f.oem4f (.const:xdc_runtime_Text_charCnt__C)
                  00011e18    00000002     empty_min_pem4f.oem4f (.const:xdc_runtime_Text_isLoaded__C)
                  00011e1a    00000002     empty_min_pem4f.oem4f (.const:xdc_runtime_Text_registryModsLastId__C)
                  00011e1c    00000002     empty_min_pem4f.oem4f (.const:xdc_runtime_Text_unnamedModsLastId__C)

.cinit     0    00011e20    000003a0     
                  00011e20    0000036b     (.cinit..data.load) [load image, compression = lzss]
                  0001218b    00000001     --HOLE-- [fill = 0]
                  0001218c    0000000c     (__TI_handler_table)
                  00012198    00000008     (.cinit..bss.load) [load image, compression = zero_init]
                  000121a0    00000008     (.cinit..vecs.load) [load image, compression = zero_init]
                  000121a8    00000018     (__TI_cinit_table)

.init_array 
*          0    00000000    00000000     UNINITIALIZED

.resetVecs 
*          0    00000000    0000003c     
                  00000000    0000003c     empty_min_pem4f.oem4f (.resetVecs)

.bss       0    20000380    00001cb0     UNINITIALIZED
                  20000380    00000800     (.common:taskStack)
                  20000b80    00000400     (.common:ti_sysbios_heaps_HeapMem_Instance_State_0_buf__A)
                  20000f80    00000400     (.common:ti_uia_loggers_LoggerStopMode_Instance_State_0_packetArray__A)
                  20001380    00000400     (.common:ti_uia_loggers_LoggerStopMode_Instance_State_1_packetArray__A)
                  20001780    00000360     (.common:ti_sysbios_family_arm_m3_Hwi_dispatchTable)
                  20001ae0    00000140     grlib.lib : widget.obj (.bss:g_psMQ)
[...]
00011c28  ti_sysbios_family_arm_m3_Hwi_E_memFault__C                           
00011c2c  ti_sysbios_family_arm_m3_Hwi_E_noIsr__C                              
00011c30  ti_sysbios_family_arm_m3_Hwi_E_reserved__C                           
00011c34  ti_sysbios_family_arm_m3_Hwi_E_svCall__C                             
00011c38  ti_sysbios_family_arm_m3_Hwi_E_usageFault__C                         
00011c3c  ti_sysbios_family_arm_m3_Hwi_LD_end__C                               
00011c40  ti_sysbios_family_arm_m3_Hwi_LM_begin__C                             
00011c44  ti_sysbios_family_arm_m3_Hwi_Module__diagsEnabled__C                 
00011c48  ti_sysbios_family_arm_m3_Hwi_Module__diagsIncluded__C                
00011c4c  ti_sysbios_family_arm_m3_Hwi_Module__diagsMask__C                    
00011c50  ti_sysbios_family_arm_m3_Hwi_Module__loggerFxn1__C                   
00011c54  ti_sysbios_family_arm_m3_Hwi_Module__loggerFxn8__C                   
00011c58  ti_sysbios_family_arm_m3_Hwi_Module__loggerObj__C                    
00011c5c  ti_sysbios_family_arm_m3_Hwi_NUM_INTERRUPTS__C                       
00011c60  ti_sysbios_family_arm_m3_Hwi_Object__count__C                        
00011c64  ti_sysbios_family_arm_m3_Hwi_ccr__C                                  
00011c68  ti_sysbios_family_arm_m3_Hwi_excHandlerFunc__C                       
00011c6c  ti_sysbios_family_arm_m3_Hwi_excHookFuncs__C                         
00011c70  ti_sysbios_family_arm_m3_Hwi_nullIsrFunc__C                          
00011c74  ti_sysbios_family_arm_m3_Hwi_priGroup__C                             
00011c78  ti_sysbios_family_arm_m3_TaskSupport_stackAlignment__C               
00011c7c  ti_sysbios_gates_GateMutex_Instance_State_sem__O                     
00011c80  ti_sysbios_heaps_HeapMem_E_memory__C                                 
00011c84  ti_sysbios_heaps_HeapMem_Module__gateObj__C                          
00011c88  ti_sysbios_heaps_HeapMem_Object__count__C                            
00011c8c  ti_sysbios_heaps_HeapMem_reqAlign__C                                 
00011c90  ti_sysbios_knl_Clock_LM_begin__C                                     
00011c94  ti_sysbios_knl_Clock_LM_tick__C                                      
00011c98  ti_sysbios_knl_Clock_LW_delayed__C                                   
00011c9c  ti_sysbios_knl_Clock_Module_State_clockQ__O                          
00011ca0  ti_sysbios_knl_Clock_Module__diagsEnabled__C                         
00011ca4  ti_sysbios_knl_Clock_Module__diagsIncluded__C                        
00011ca8  ti_sysbios_knl_Clock_Module__diagsMask__C                            
00011cac  ti_sysbios_knl_Clock_Module__loggerFxn1__C                           
00011cb0  ti_sysbios_knl_Clock_Module__loggerFxn2__C                           
00011cb4  ti_sysbios_knl_Clock_Module__loggerObj__C                            
00011cb8  ti_sysbios_knl_Semaphore_Instance_State_pendQ__O                     
00011cbc  ti_sysbios_knl_Semaphore_LM_pend__C                                  
00011cc0  ti_sysbios_knl_Semaphore_LM_post__C                                  
00011cc4  ti_sysbios_knl_Semaphore_Module__diagsEnabled__C                     
00011cc8  ti_sysbios_knl_Semaphore_Module__diagsIncluded__C                    
00011ccc  ti_sysbios_knl_Semaphore_Module__diagsMask__C                        
00011cd0  ti_sysbios_knl_Semaphore_Module__loggerFxn2__C                       
00011cd4  ti_sysbios_knl_Semaphore_Module__loggerFxn4__C                       
00011cd8  ti_sysbios_knl_Semaphore_Module__loggerObj__C                        
00011cdc  ti_sysbios_knl_Swi_LD_end__C                                         
00011ce0  ti_sysbios_knl_Swi_LM_begin__C                                       
00011ce4  ti_sysbios_knl_Swi_LM_post__C                                        
00011ce8  ti_sysbios_knl_Swi_Module__diagsEnabled__C                           
00011cec  ti_sysbios_knl_Swi_Module__diagsIncluded__C                          
00011cf0  ti_sysbios_knl_Swi_Module__diagsMask__C                              
00011cf4  ti_sysbios_knl_Swi_Module__loggerFxn1__C                             
00011cf8  ti_sysbios_knl_Swi_Module__loggerFxn4__C                             
00011cfc  ti_sysbios_knl_Swi_Module__loggerObj__C                              
00011d00  ti_sysbios_knl_Swi_Object__count__C                                  
00011d04  ti_sysbios_knl_Task_LD_block__C                                      
00011d08  ti_sysbios_knl_Task_LD_exit__C                                       
00011d0c  ti_sysbios_knl_Task_LD_ready__C                                      
00011d10  ti_sysbios_knl_Task_LM_switch__C                                     
00011d14  ti_sysbios_knl_Task_Module_State_inactiveQ__O                        
00011d18  ti_sysbios_knl_Task_Module__diagsEnabled__C                          
00011d1c  ti_sysbios_knl_Task_Module__diagsIncluded__C                         
00011d20  ti_sysbios_knl_Task_Module__diagsMask__C                             
00011d24  ti_sysbios_knl_Task_Module__loggerFxn2__C                            
00011d28  ti_sysbios_knl_Task_Module__loggerFxn4__C                            
00011d2c  ti_sysbios_knl_Task_Module__loggerObj__C                             
00011d30  ti_sysbios_knl_Task_Object__count__C                                 
00011d34  ti_sysbios_knl_Task_allBlockedFunc__C                                
00011d38  ti_sysbios_knl_Task_defaultStackHeap__C                              
00011d3c  ti_sysbios_knl_Task_defaultStackSize__C                              
00011d40  ti_sysbios_knl_Task_numConstructedTasks__C                           
00011d44  ti_uia_loggers_LoggerStopMode_Module__diagsEnabled__C                
00011d48  ti_uia_loggers_LoggerStopMode_Module__diagsIncluded__C               
00011d4c  ti_uia_loggers_LoggerStopMode_Module__diagsMask__C                   
00011d50  ti_uia_loggers_LoggerStopMode_Object__count__C                       
00011d54  ti_uia_runtime_ILoggerSnapshot_Interface__BASE__C                    
00011d58  ti_uia_runtime_IUIATransfer_Interface__BASE__C                       
00011d5c  xdc_runtime_Assert_E_assertFailed__C                                 
00011d60  xdc_runtime_Core_A_initializedParams__C                              
00011d64  xdc_runtime_Core_Module__diagsEnabled__C                             
00011d68  xdc_runtime_Core_Module__diagsIncluded__C                            
00011d6c  xdc_runtime_Core_Module__diagsMask__C                                
00011d70  xdc_runtime_Error_E_memory__C                                        
00011d74  xdc_runtime_Error_Module__diagsEnabled__C                            
00011d78  xdc_runtime_Error_Module__diagsIncluded__C                           
00011d7c  xdc_runtime_Error_Module__diagsMask__C                               
00011d80  xdc_runtime_Error_Module__loggerFxn8__C                              
00011d84  xdc_runtime_Error_Module__loggerObj__C                               
00011d88  xdc_runtime_Error_policyFxn__C                                       
00011d8c  xdc_runtime_Error_raiseHook__C                                       
00011d90  xdc_runtime_IFilterLogger_Interface__BASE__C                         
00011d94  xdc_runtime_IGateProvider_Interface__BASE__C                         
00011d98  xdc_runtime_IHeap_Interface__BASE__C                                 
00011d9c  xdc_runtime_ILogger_Interface__BASE__C                               
00011da0  xdc_runtime_IModule_Interface__BASE__C                               
00011da4  xdc_runtime_Log_L_error__C                                           
00011da8  xdc_runtime_Memory_defaultHeapInstance__C                            
00011dac  xdc_runtime_Startup_execImpl__C                                      
00011db0  xdc_runtime_Startup_lastFxns__A                                      
00011db4  xdc_runtime_Startup_maxPasses__C                                     
00011db8  xdc_runtime_Startup_sfxnRts__C                                       
00011dbc  xdc_runtime_Startup_sfxnTab__C                                       
00011dc0  xdc_runtime_SysMin_bufSize__C                                        
00011dc4  xdc_runtime_SysMin_outputFunc__C                                     
00011dc8  xdc_runtime_System_Module__gateObj__C                                
00011dcc  xdc_runtime_System_abortFxn__C                                       
00011dd0  xdc_runtime_System_exitFxn__C                                        
00011dd4  xdc_runtime_System_extendFxn__C                                      
00011dd8  xdc_runtime_System_maxAtexitHandlers__C                              
00011ddc  xdc_runtime_Text_charTab__C                                          
00011de0  xdc_runtime_Text_nameEmpty__C                                        
00011de4  xdc_runtime_Text_nameStatic__C                                       
00011de8  xdc_runtime_Text_nameUnknown__C                                      
00011dec  xdc_runtime_Text_nodeTab__C                                          
00011df0  xdc_runtime_Text_visitRopeFxn__C                                     
00011df4  ti_sysbios_family_arm_m3_Hwi_Module__loggerDefined__C                
00011df6  ti_sysbios_heaps_HeapMem_Module__id__C                               
00011df8  ti_sysbios_knl_Clock_Module__id__C                                   
00011dfa  ti_sysbios_knl_Clock_Module__loggerDefined__C                        
00011dfc  ti_sysbios_knl_Semaphore_Module__id__C                               
00011dfe  ti_sysbios_knl_Semaphore_Module__loggerDefined__C                    
00011e00  ti_sysbios_knl_Swi_Module__id__C                                     
00011e02  ti_sysbios_knl_Swi_Module__loggerDefined__C                          
00011e04  ti_sysbios_knl_Task_Module__id__C                                    
00011e06  ti_sysbios_knl_Task_Module__loggerDefined__C                         
00011e08  ti_uia_loggers_LoggerStopMode_Module__id__C                          
00011e0a  ti_uia_loggers_LoggerStopMode_isTimestampEnabled__C                  
00011e0c  xdc_runtime_Core_Module__id__C                                       
00011e0e  xdc_runtime_Error_Module__loggerDefined__C                           
00011e10  xdc_runtime_Error_maxDepth__C                                        
00011e12  xdc_runtime_Memory_Module__id__C                                     
00011e14  xdc_runtime_SysMin_flushAtExit__C                                    
00011e16  xdc_runtime_Text_charCnt__C                                          
00011e18  xdc_runtime_Text_isLoaded__C                                         
00011e1a  xdc_runtime_Text_registryModsLastId__C                               
00011e1c  xdc_runtime_Text_unnamedModsLastId__C                                
00011e20  __TI_static_base__                                                   
0001218c  __TI_Handler_Table_Base                                              
00012198  __TI_Handler_Table_Limit                                             
000121a8  __TI_CINIT_Base                                                      
000121c0  __TI_CINIT_Limit                                                     
20000000  ti_sysbios_family_arm_m3_Hwi_ramVectors                              
20000380  taskStack                                                            
20000b80  ti_sysbios_heaps_HeapMem_Instance_State_0_buf__A                     
20000f80  ti_uia_loggers_LoggerStopMode_Instance_State_0_packetArray__A        
20001380  ti_uia_loggers_LoggerStopMode_Instance_State_1_packetArray__A        
20001780  ti_sysbios_family_arm_m3_Hwi_dispatchTable                           
20001c20  __CIOBUF_                                                            
20001d40  i2cTivaObjects                                                       
20001ed0  xdc_runtime_SysMin_Module_State_0_outbuf__A                          
20001f50  sContext                                                             
20001f7c  check                                                                
20001f80  ti_uia_loggers_LoggerStopMode_Instance_State_0_hdr__A                
20001fd8  parmbuf                                                              
20001fe0  uiParams                                                             
20001fe8  g_pi32ParmSet                                                        
20001ff4  hallInt0                                                             
20001ff8  uiTask                                                               
20002000  ti_uia_loggers_LoggerStopMode_Instance_State_1_hdr__A                
20002030  ti_sysbios_family_arm_lm4_Timer_Object__table__V                     
200020b0  ti_sysbios_knl_Swi_Module_State_0_readyQ__A                          
20002130  ti_sysbios_knl_Task_Module_State_0_readyQ__A                         
200021b0  ti_uia_loggers_LoggerStopMode_Object__table__V                       
20002218  g_sAddition1                                                         
20002268  g_sAddition2                                                         
200022b8  g_sAddition3                                                         
20002308  g_sBack1                                                             
20002358  g_sBack2                                                             
200023a8  g_sBack3                                                             
200023f8  g_sBack4                                                             
20002448  g_sGraphCurrent                                                      
20002498  g_sGraphSpeed                                                        
200024e8  g_sGraphTemp                                                         
20002538  g_sMenu                                                              
20002588  g_sMotorStartStop                                                    
200025d8  g_sMotorState                                                        
20002628  g_sNext                                                              
20002678  g_sSave1                                                             
200026c8  g_sSave2                                                             
20002718  g_sSave3                                                             
20002768  g_sSetCurrent                                                        
200027b8  g_sSetSpeed                                                          
20002808  g_sSetTemp                                                           
20002858  g_sSubtraction1                                                      
200028a8  g_sSubtraction2                                                      
200028f8  g_sSubtraction3                                                      
20002948  ti_sysbios_knl_Task_Module__state__V                                 
2000298c  g_sBackground                                                        
200029cc  g_sGraphPage1                                                        
20002a0c  g_sGraphPage2                                                        
20002a4c  g_sGraphPage3                                                        
20002a8c  g_sMenuPage                                                          
20002acc  g_sSettingPage1                                                      
20002b0c  g_sSettingPage2                                                      
20002b4c  g_sSettingPage3                                                      
20002b8c  ti_sysbios_family_arm_lm4_Timer_Module_State_0_device__A             
20002bcc  ti_sysbios_gates_GateMutex_Object__table__V                          
20002c04  ti_sysbios_family_arm_m3_Hwi_Module__state__V                        
20002c38  ti_sysbios_family_arm_m3_Hwi_Object__table__V                        
20002c68  ti_sysbios_knl_Swi_Object__table__V                                  
20002c98  g_sRoot                                                              
20002cc8  ti_sysbios_knl_Clock_Module__state__V                                
20002cf4  ti_sysbios_BIOS_Module__state__V                                     
20002d18  ti_sysbios_family_arm_lm4_Timer_Module_State_0_handles__A            
20002d38  ti_sysbios_knl_Swi_Module__state__V                                  
20002d54  ti_sysbios_heaps_HeapMem_Object__table__V                            
20002d6c  gpioPinConfigs                                                       
20002d7c  ti_sysbios_family_arm_lm4_Timer_Module__state__V                     
20002d88  ti_sysbios_knl_Task_Module__root__V                                  
20002d94  ti_uia_runtime_QueueDescriptor_Module__state__V                      
20002da0  xdc_runtime_SysMin_Module__state__V                                  
20002dac  _lock                                                                
20002db0  _unlock                                                              
20002db4  gpioCallbackFunctions                                                
20002dbc  ti_uia_runtime_QueueDescriptor_gPtrToFirstDescriptor                 
20002dc0  ti_uia_runtime_QueueDescriptor_gUpdateCount                          
20002dc4  ti_sysbios_family_arm_lm4_TimestampProvider_Module__state__V         
20002dcc  ti_sysbios_family_arm_m3_Hwi_Module__root__V                         
20002dd4  ti_sysbios_gates_GateHwi_Module__root__V                             
20002ddc  ti_sysbios_gates_GateMutex_Module__root__V                           
20002de4  ti_sysbios_hal_Hwi_Module__root__V                                   
20002dec  ti_sysbios_heaps_HeapMem_Module__root__V                             
20002df4  ti_sysbios_knl_Queue_Module__root__V                                 
20002dfc  ti_sysbios_knl_Semaphore_Module__root__V                             
20002e04  ti_uia_loggers_LoggerStopMode_Module__root__V                        
20002e0c  xdc_runtime_Registry_Module__state__V                                
20002e14  xdc_runtime_Startup_Module__state__V                                 
20002e1c  xdc_runtime_System_Module_State_0_atexitHandlers__A                  
20002e24  xdc_runtime_System_Module__state__V                                  
20002e38  errno                                                                
20002e3c  main_func_sp                                                         
20002e40  ti_sysbios_family_arm_m3_Hwi_Module_State_0_excContext__A            
20002e44  ti_sysbios_family_arm_m3_Hwi_Module_State_0_excStack__A              
20002e48  ti_sysbios_gates_GateHwi_Object__table__V                            
20002e4c  ti_sysbios_knl_Task_Module_State_0_idleTask__A                       
20002e50  xdc_runtime_Memory_Module__state__V                                  
20002e54  ti_sysbios_family_arm_m3_Hwi_Module_State_0_excActive__A             
20002e56  xdc_runtime_Error_Module__state__V                                   
20002e58  __stack                                                              
20003158  __STACK_END                                                          
e000e000  ti_sysbios_family_arm_m3_Hwi_nvic                                    
ffffffff  __TI_pprof_out_hndl                                                  
ffffffff  __TI_prof_data_size                                                  
ffffffff  __TI_prof_data_start                                                 
ffffffff  __binit__                                                            
ffffffff  __c_args__                                                           
ffffffff  binit                                                                
UNDEFED   SHT$$INIT_ARRAY$$Base                                                
UNDEFED   SHT$$INIT_ARRAY$$Limit                                               

[794 symbols]
