******************************************************************************
                  TI ARM Linker PC v18.12.1                    
******************************************************************************
>> Linked Wed Apr 10 17:57:08 2019

OUTPUT FILE NAME:   <empty_min_EK_TM4C1294XL_TI.out>
ENTRY POINT SYMBOL: "_c_int00"  address: 00002f69


MEMORY CONFIGURATION

         name            origin    length      used     unused   attr    fill
----------------------  --------  ---------  --------  --------  ----  --------
  FLASH                 00000000   00100000  00006b2b  000f94d5  R  X
  SRAM                  20000000   00040000  0000161a  0003e9e6  RW X


SEGMENT ALLOCATION MAP

run origin  load origin   length   init length attrs members
----------  ----------- ---------- ----------- ----- -------
00000000    00000000    00006b38   00006b38    r-x
  00000000    00000000    0000003c   0000003c    r-- .resetVecs
  00000040    00000040    00004952   00004952    r-x .text
  00004994    00004994    00001fad   00001fad    r-- .const
  00006948    00006948    000001f0   000001f0    r-- .cinit
20000000    20000000    00001620   00000000    rw-
  20000000    20000000    00000360   00000000    rw- .vecs
  20000360    20000360    00000bec   00000000    rw- .bss
  20000f4c    20000f4c    000003ce   00000000    rw- .data
  20001320    20001320    00000300   00000000    rw- .stack


SECTION ALLOCATION MAP

 output                                  attributes/
section   page    origin      length       input sections
--------  ----  ----------  ----------   ----------------
.text      0    00000040    00004952     
                  00000040    00000430     sysbios.aem4f : BIOS.obj (.text:ti_sysbios_family_arm_m3_Hwi_excDumpRegs__I)
                  00000470    0000034c     ti.targets.arm.rtsarm.aem4f : System.oem4f (.text:xdc_runtime_System_doPrint__I)
                  000007bc    00000204     Boot.aem4f : Boot_sysctl.oem4f (.text:ti_catalog_arm_cortexm4_tiva_ce_Boot_sysCtlClockFreqSetI__I)
                  000009c0    000001fc     sysbios.aem4f : BIOS.obj (.text:ti_sysbios_family_arm_m3_Hwi_excHandlerMax__I)
                  00000bbc    00000004     rtsv7M4_T_le_v4SPD16_eabi.lib : exit.c.obj (.text:abort:abort)
                  00000bc0    00000174     sysbios.aem4f : BIOS.obj (.text:ti_sysbios_family_arm_m3_Hwi_excBusFault__I)
                  00000d34    00000004     empty_min_pem4f.oem4f (.text:ti_sysbios_BIOS_RtsGateProxy_enter__E)
                  00000d38    00000164     sysbios.aem4f : BIOS.obj (.text:ti_sysbios_family_arm_m3_Hwi_excUsageFault__I)
                  00000e9c    00000004     empty_min_pem4f.oem4f (.text:ti_sysbios_BIOS_RtsGateProxy_leave__E)
                  00000ea0    00000154     sysbios.aem4f : BIOS.obj (.text:ti_sysbios_knl_Semaphore_pend__E)
                  00000ff4    00000150     drivers_tivaware.aem4f : GPIOTiva.oem4f (.text:GPIO_setConfig)
                  00001144    00000004     sysbios.aem4f : BIOS.obj (.text:ti_sysbios_family_arm_lm4_Timer_masterEnable__I)
                  00001148    00000148                   : BIOS.obj (.text:ti_sysbios_family_arm_m3_Hwi_excMemFault__I)
                  00001290    00000130     driverlib.lib : gpio.obj (.text:GPIOPadConfigSet)
                  000013c0    00000118     ti.targets.arm.rtsarm.aem4f : Error.oem4f (.text:xdc_runtime_Error_policyDefault__E)
                  000014d8    00000108     sysbios.aem4f : BIOS.obj (.text:ti_sysbios_family_arm_lm4_Timer_start__E)
                  000015e0    00000100     ti.targets.arm.rtsarm.aem4f : Core-mem.oem4f (.text:xdc_runtime_Core_createObject__I)
                  000016e0    000000f8                                 : Startup.oem4f (.text:xdc_runtime_Startup_startMods__I)
                  000017d8    000000f8     empty_min_pem4f.oem4f (.text:xdc_runtime_System_printfExtend__I)
                  000018d0    000000f4     sysbios.aem4f : m3_Hwi_asm.obj (.text:ti_sysbios_family_arm_m3_Hwi_dispatch__I)
                  000019c4    00000004     empty_min_pem4f.oem4f (.text:ti_sysbios_family_arm_m3_TaskSupport_Module__startupDone__S)
                  000019c8    000000dc     sysbios.aem4f : BIOS.obj (.text:ti_sysbios_knl_Task_sleep__E)
                  00001aa4    00000004     empty_min_pem4f.oem4f (.text:ti_sysbios_heaps_HeapMem_Module_GateProxy_enter__E)
                  00001aa8    000000d4     sysbios.aem4f : BIOS.obj (.text:ti_sysbios_heaps_HeapMem_alloc__E)
                  00001b7c    00000004     empty_min_pem4f.oem4f (.text:ti_sysbios_heaps_HeapMem_Module_GateProxy_leave__E)
                  00001b80    000000cc     sysbios.aem4f : BIOS.obj (.text:ti_sysbios_knl_Task_Instance_init__E)
                  00001c4c    000000cc     ti.targets.arm.rtsarm.aem4f : Core-smem.oem4f (.text:xdc_runtime_Core_constructObject__I)
                  00001d18    000000bc     sysbios.aem4f : BIOS.obj (.text:ti_sysbios_family_arm_m3_Hwi_excDebugMon__I)
                  00001dd4    00000004     empty_min_pem4f.oem4f (.text:ti_sysbios_knl_Clock_TimerProxy_getMaxTicks__E)
                  00001dd8    000000bc     sysbios.aem4f : BIOS.obj (.text:ti_sysbios_family_arm_m3_Hwi_excHardFault__I)
                  00001e94    00000004     empty_min_pem4f.oem4f (.text:ti_sysbios_knl_Queue_destruct)
                  00001e98    000000bc     sysbios.aem4f : BIOS.obj (.text:ti_sysbios_knl_Task_Instance_finalize__E)
                  00001f54    000000b8     EK_TM4C1294XL.obj (.text:EK_TM4C1294XL_initGeneral)
                  0000200c    00000004     empty_min_pem4f.oem4f (.text:ti_sysbios_knl_Semaphore_destruct)
                  00002010    000000ac     sysbios.aem4f : BIOS.obj (.text:ti_sysbios_family_arm_lm4_Timer_enableTiva__I)
                  000020bc    000000a0     auto_init.aem4f : auto_init.oem4f (.text)
                  0000215c    000000a0     ti.targets.arm.rtsarm.aem4f : Text.oem4f (.text:xdc_runtime_Text_putMod__E)
                  000021fc    0000009c     rtsv7M4_T_le_v4SPD16_eabi.lib : memcpy_t2.asm.obj (.text)
                  00002298    0000009a     ti.targets.arm.rtsarm.aem4f : Text.oem4f (.text:xdc_runtime_Text_putSite__E)
                  00002332    00000002     rtsv7M4_T_le_v4SPD16_eabi.lib : _lock.c.obj (.text:_nop)
                  00002334    00000098     Boot.aem4f : Boot.oem4f (.text:ti_catalog_arm_cortexm4_tiva_ce_Boot_sysCtlClockFreqSet__E)
                  000023cc    00000004     ti.targets.arm.rtsarm.aem4f : Error.oem4f (.text:xdc_runtime_Error_getSite__E)
                  000023d0    00000094     sysbios.aem4f : BIOS.obj (.text:ti_sysbios_family_arm_m3_Hwi_Instance_init__E)
                  00002464    00000004     empty_min_pem4f.oem4f (.text:xdc_runtime_System_Module_GateProxy_enter__E)
                  00002468    00000094     sysbios.aem4f : BIOS.obj (.text:ti_sysbios_family_arm_m3_Hwi_initNVIC__E)
                  000024fc    00000004     empty_min_pem4f.oem4f (.text:xdc_runtime_System_Module_GateProxy_leave__E)
                  00002500    00000094     sysbios.aem4f : BIOS.obj (.text:ti_sysbios_knl_Task_postInit__I)
                  00002594    0000008c     drivers_tivaware.aem4f : GPIOTiva.oem4f (.text:GPIO_init)
                  00002620    0000008c     sysbios.aem4f : m3_TaskSupport_asm.obj (.text:ti_sysbios_family_arm_m3_TaskSupport_buildTaskStack)
                  000026ac    00000004     ti.targets.arm.rtsarm.aem4f : System.oem4f (.text:xdc_runtime_System_aprintf_va__F)
                  000026b0    00000084     sysbios.aem4f : BIOS.obj (.text:ti_sysbios_family_arm_m3_Hwi_postInit__I)
                  00002734    00000004     ti.targets.arm.rtsarm.aem4f : System.oem4f (.text:xdc_runtime_System_printf_va__F)
                  00002738    0000007c     sysbios.aem4f : BIOS.obj (.text:ti_sysbios_heaps_HeapMem_free__E)
                  000027b4    0000007a     rtsv7M4_T_le_v4SPD16_eabi.lib : memset_t2.asm.obj (.text)
                  0000282e    00000002                                   : div0.asm.obj (.text)
                  00002830    00000070     sysbios.aem4f : BIOS.obj (.text:ti_sysbios_knl_Clock_workFunc__E)
                  000028a0    00000070                   : BIOS.obj (.text:ti_sysbios_knl_Task_exit__E)
                  00002910    0000006d     ti.targets.arm.rtsarm.aem4f : System.oem4f (.text:xdc_runtime_System_formatNum__I)
                  0000297d    00000001     --HOLE-- [fill = 0]
                  0000297e    00000002     empty_min_pem4f.oem4f (.text:ti_sysbios_BIOS_nullFunc__I)
                  00002980    0000006c     sysbios.aem4f : BIOS.obj (.text:ti_sysbios_knl_Swi_restoreHwi__E)
                  000029ec    0000006c     ti.targets.arm.rtsarm.aem4f : Error.oem4f (.text:xdc_runtime_Error_print__E)
                  00002a58    0000006c                                 : Memory.oem4f (.text:xdc_runtime_Memory_alloc__E)
                  00002ac4    00000068     rtsv7M4_T_le_v4SPD16_eabi.lib : copy_decompress_lzss.c.obj (.text:decompress:lzss:__TI_decompress_lzss)
                  00002b2c    00000066     ti.targets.arm.rtsarm.aem4f : Core-mem.oem4f (.text:xdc_runtime_Core_deleteObject__I)
                  00002b92    00000002     empty_min_pem4f.oem4f (.text:xdc_runtime_Startup_reset__I)
                  00002b94    00000064     drivers_tivaware.aem4f : GPIOTiva.oem4f (.text:GPIO_hwiIntFxn)
                  00002bf8    00000064     sysbios.aem4f : BIOS.obj (.text:ti_sysbios_family_arm_lm4_Timer_Module_startup__E)
                  00002c5c    00000064     empty_min_pem4f.oem4f (.text:ti_sysbios_family_arm_m3_Hwi_create)
                  00002cc0    00000064     sysbios.aem4f : BIOS.obj (.text:ti_sysbios_family_arm_m3_Hwi_dispatchC__I)
                  00002d24    00000004     --HOLE-- [fill = 0]
                  00002d28    00000064                   : BIOS.obj (.text:ti_sysbios_knl_Semaphore_post__E)
                  00002d8c    00000004     --HOLE-- [fill = 0]
                  00002d90    0000005c                   : BIOS.obj (.text:ti_sysbios_knl_Swi_run__I)
                  00002dec    00000004     --HOLE-- [fill = 0]
                  00002df0    0000005c                   : BIOS.obj (.text:ti_sysbios_knl_Swi_schedule__I)
                  00002e4c    00000004     --HOLE-- [fill = 0]
                  00002e50    0000005c                   : BIOS.obj (.text:ti_sysbios_knl_Task_Module_startup__E)
                  00002eac    00000004     --HOLE-- [fill = 0]
                  00002eb0    0000005c                   : BIOS.obj (.text:ti_sysbios_knl_Task_startCore__E)
                  00002f0c    0000005b     ti.targets.arm.rtsarm.aem4f : Text.oem4f (.text:xdc_runtime_Text_putLab__E)
                  00002f67    00000001     --HOLE-- [fill = 0]
                  00002f68    00000058     boot.aem4f : boot.oem4f (.text)
                  00002fc0    00000058     rtsv7M4_T_le_v4SPD16_eabi.lib : hostwrite.c.obj (.text:HOSTwrite)
                  00003018    00000058     sysbios.aem4f : m3_Hwi_asm_switch.obj (.text:ti_sysbios_family_arm_m3_Hwi_initStacks__E)
                  00003070    00000056     driverlib.lib : gpio.obj (.text:GPIOIntTypeSet)
                  000030c6    00000002     --HOLE-- [fill = 0]
                  000030c8    00000054     sysbios.aem4f : BIOS.obj (.text:ti_sysbios_family_arm_lm4_Timer_initDevice__I)
                  0000311c    00000054     empty_min_pem4f.oem4f (.text:ti_sysbios_knl_Task_construct)
                  00003170    00000054     ti.targets.arm.rtsarm.aem4f : Assert.oem4f (.text:xdc_runtime_Assert_raise__I)
                  000031c4    00000050     drivers_tivaware.aem4f : GPIOTiva.oem4f (.text:GPIO_setCallback)
                  00003214    00000050                            : GPIOTiva.oem4f (.text:GPIO_toggle)
                  00003264    00000050                            : GPIOTiva.oem4f (.text:GPIO_write)
                  000032b4    00000050     Boot.aem4f : Boot_sysctl.oem4f (.text:_SysCtlFrequencyGet)
                  00003304    00000050     empty_min.obj (.text:main)
                  00003354    00000004     --HOLE-- [fill = 0]
                  00003358    00000050     sysbios.aem4f : BIOS.obj (.text:ti_sysbios_family_arm_m3_Hwi_Module_startup__E)
                  000033a8    00000050     ti.targets.arm.rtsarm.aem4f : Startup.oem4f (.text:xdc_runtime_Startup_exec__E)
                  000033f8    00000050                                 : Text.oem4f (.text:xdc_runtime_Text_visitRope2__I)
                  00003448    0000004c     rtsv7M4_T_le_v4SPD16_eabi.lib : cpy_tbl.c.obj (.text:copy_in)
                  00003494    00000004     --HOLE-- [fill = 0]
                  00003498    0000004c     sysbios.aem4f : BIOS.obj (.text:ti_sysbios_heaps_HeapMem_getStats__E)
                  000034e4    00000004     --HOLE-- [fill = 0]
                  000034e8    0000004c                   : BIOS.obj (.text:ti_sysbios_knl_Swi_runLoop__I)
                  00003534    00000004     --HOLE-- [fill = 0]
                  00003538    0000004c                   : BIOS.obj (.text:ti_sysbios_knl_Task_allBlockedFunction__I)
                  00003584    00000004     --HOLE-- [fill = 0]
                  00003588    0000004c                   : BIOS.obj (.text:ti_sysbios_knl_Task_schedule__I)
                  000035d4    00000004     --HOLE-- [fill = 0]
                  000035d8    00000048                   : BIOS.obj (.text:ti_sysbios_family_arm_lm4_Timer_enableTimers__I)
                  00003620    00000048                   : BIOS.obj (.text:ti_sysbios_family_arm_m3_Hwi_disableInterrupt__E)
                  00003668    00000048                   : BIOS.obj (.text:ti_sysbios_family_arm_m3_Hwi_enableInterrupt__E)
                  000036b0    00000048                   : BIOS.obj (.text:ti_sysbios_family_arm_m3_Hwi_excReserved__I)
                  000036f8    00000046     ti.targets.arm.rtsarm.aem4f : Core-params.oem4f (.text:xdc_runtime_Core_assignParams__I)
                  0000373e    00000002     --HOLE-- [fill = 0]
                  00003740    00000044     sysbios.aem4f : BIOS.obj (.text:ti_sysbios_family_arm_lm4_Timer_isrStub__E)
                  00003784    00000004     --HOLE-- [fill = 0]
                  00003788    00000044                   : BIOS.obj (.text:ti_sysbios_family_arm_m3_Hwi_getStackInfo__E)
                  000037cc    00000004     --HOLE-- [fill = 0]
                  000037d0    00000044                   : BIOS.obj (.text:ti_sysbios_knl_Swi_post__E)
                  00003814    00000044     ti.targets.arm.rtsarm.aem4f : Error.oem4f (.text:xdc_runtime_Error_setX__E)
                  00003858    00000044                                 : SysMin.oem4f (.text:xdc_runtime_SysMin_flush__E)
                  0000389c    00000044                                 : Text.oem4f (.text:xdc_runtime_Text_xprintf__I)
                  000038e0    00000040     rtsv7M4_T_le_v4SPD16_eabi.lib : u_divt2.asm.obj (.text)
                  00003920    00000040     sysbios.aem4f : BIOS.obj (.text:ti_sysbios_family_arm_lm4_Timer_startup__E)
                  00003960    00000040                   : BIOS.obj (.text:ti_sysbios_heaps_HeapMem_Instance_init__E)
                  000039a0    0000003c                   : BIOS.obj (.text:ti_sysbios_family_arm_m3_Hwi_excSvCall__I)
                  000039dc    00000004     --HOLE-- [fill = 0]
                  000039e0    0000003c                   : BIOS.obj (.text:ti_sysbios_heaps_HeapMem_init__I)
                  00003a1c    00000004     --HOLE-- [fill = 0]
                  00003a20    0000003c                   : BIOS.obj (.text:ti_sysbios_knl_Swi_restore__E)
                  00003a5c    00000038     rtsv7M4_T_le_v4SPD16_eabi.lib : trgmsg.c.obj (.text:__TI_writemsg)
                  00003a94    00000004     --HOLE-- [fill = 0]
                  00003a98    00000038     sysbios.aem4f : BIOS.obj (.text:ti_sysbios_family_arm_m3_Hwi_excNoIsr__I)
                  00003ad0    00000038                   : BIOS.obj (.text:ti_sysbios_knl_Task_processVitalTaskFlag__I)
                  00003b08    00000038     ti.targets.arm.rtsarm.aem4f : SysMin.oem4f (.text:xdc_runtime_SysMin_putch__E)
                  00003b40    00000038                                 : System.oem4f (.text:xdc_runtime_System_atexit__E)
                  00003b78    00000034     driverlib.lib : sysctl.obj (.text:SysCtlPeripheralEnable)
                  00003bac    00000034     rtsv7M4_T_le_v4SPD16_eabi.lib : trgmsg.c.obj (.text:__TI_readmsg)
                  00003be0    00000034     sysbios.aem4f : BIOS.obj (.text:ti_sysbios_family_arm_m3_Hwi_Instance_finalize__E)
                  00003c14    00000004     --HOLE-- [fill = 0]
                  00003c18    00000034                   : BIOS.obj (.text:ti_sysbios_family_arm_m3_Hwi_excNmi__I)
                  00003c4c    00000034     ti.targets.arm.rtsarm.aem4f : Core-label.oem4f (.text:xdc_runtime_Core_assignLabel__I)
                  00003c80    00000033                                 : Text.oem4f (.text:xdc_runtime_Text_printVisFxn__I)
                  00003cb3    00000005     --HOLE-- [fill = 0]
                  00003cb8    00000032     sysbios.aem4f : BIOS.obj (.text:ti_sysbios_hal_Hwi_initStack)
                  00003cea    00000002     --HOLE-- [fill = 0]
                  00003cec    00000030     empty_min_pem4f.oem4f (.text:ti_sysbios_BIOS_atExitFunc__I)
                  00003d1c    00000004     --HOLE-- [fill = 0]
                  00003d20    00000030     sysbios.aem4f : BIOS.obj (.text:ti_sysbios_family_arm_lm4_Timer_stop__E)
                  00003d50    00000030                   : BIOS.obj (.text:ti_sysbios_family_arm_m3_TaskSupport_start__E)
                  00003d80    00000030     empty_min_pem4f.oem4f (.text:ti_sysbios_gates_GateHwi_Object__create__S)
                  00003db0    00000030     empty_min_pem4f.oem4f (.text:ti_sysbios_gates_GateMutex_Object__create__S)
                  00003de0    00000030     sysbios.aem4f : BIOS.obj (.text:ti_sysbios_gates_GateMutex_enter__E)
                  00003e10    00000030     empty_min_pem4f.oem4f (.text:ti_sysbios_heaps_HeapMem_Object__create__S)
                  00003e40    00000030     empty_min_pem4f.oem4f (.text:ti_sysbios_knl_Semaphore_construct)
                  00003e70    00000030     sysbios.aem4f : BIOS.obj (.text:ti_sysbios_knl_Semaphore_pendTimeout__I)
                  00003ea0    00000030                   : BIOS.obj (.text:ti_sysbios_knl_Task_unblockI__E)
                  00003ed0    00000030     ti.targets.arm.rtsarm.aem4f : SysMin.oem4f (.text:xdc_runtime_SysMin_abort__E)
                  00003f00    00000030                                 : System.oem4f (.text:xdc_runtime_System_processAtExit__E)
                  00003f30    0000002c     empty_min_pem4f.oem4f (.text:ti_sysbios_knl_Clock_doTick__I)
                  00003f5c    0000002c     empty_min_pem4f.oem4f (.text:ti_sysbios_knl_Queue_construct)
                  00003f88    0000002c     sysbios.aem4f : BIOS.obj (.text:ti_sysbios_knl_Task_restore__E)
                  00003fb4    0000002c     ti.targets.arm.rtsarm.aem4f : Text.oem4f (.text:xdc_runtime_Text_cordText__E)
                  00003fe0    0000002a     driverlib.lib : gpio.obj (.text:GPIODirModeSet)
                  0000400a    0000002a     ti.targets.arm.rtsarm.aem4f : System.oem4f (.text:xdc_runtime_System_putchar__I)
                  00004034    00000004     --HOLE-- [fill = 0]
                  00004038    00000028     sysbios.aem4f : BIOS.obj (.text:ti_sysbios_knl_Swi_Module_startup__E)
                  00004060    00000026                   : m3_Hwi_asm.obj (.text:ti_sysbios_family_arm_m3_Hwi_pendSV__I)
                  00004086    00000026     ti.targets.arm.rtsarm.aem4f : System.oem4f (.text:xdc_runtime_System_avprintf__E)
                  000040ac    00000024     empty_min_pem4f.oem4f (.text:ti_sysbios_BIOS_errorRaiseHook__I)
                  000040d0    00000024     empty_min_pem4f.oem4f (.text:ti_sysbios_BIOS_registerRTSLock__I)
                  000040f4    00000024     empty_min_pem4f.oem4f (.text:ti_sysbios_BIOS_removeRTSLock__I)
                  00004118    00000024     empty_min_pem4f.oem4f (.text:ti_sysbios_BIOS_startFunc__I)
                  0000413c    00000024     empty_min_pem4f.oem4f (.text:ti_sysbios_gates_GateMutex_Object__delete__S)
                  00004160    00000024     sysbios.aem4f : BIOS.obj (.text:ti_sysbios_knl_Clock_Module_startup__E)
                  00004184    00000004     --HOLE-- [fill = 0]
                  00004188    00000024                   : BIOS.obj (.text:ti_sysbios_knl_Semaphore_Instance_init__E)
                  000041ac    00000004     --HOLE-- [fill = 0]
                  000041b0    00000024                   : BIOS.obj (.text:ti_sysbios_knl_Task_restoreHwi__E)
                  000041d4    00000024     ti.targets.arm.rtsarm.aem4f : System.oem4f (.text:xdc_runtime_System_vprintf__E)
                  000041f8    00000022     sysbios.aem4f : BIOS.obj (.text:ti_sysbios_family_arm_lm4_Timer_write__I)
                  0000421a    00000022     empty_min_pem4f.oem4f (.text:xdc_runtime_SysMin_output__I)
                  0000423c    00000020     Boot.aem4f : Boot_sysctl.oem4f (.text:_SysCtlMemTimingGet)
                  0000425c    00000020     empty_min_pem4f.oem4f (.text:ti_sysbios_BIOS_rtsLock__I)
                  0000427c    00000020     sysbios.aem4f : m3_Hwi_asm.obj (.text:ti_sysbios_family_arm_m3_Hwi_excHandlerAsm__I)
                  0000429c    00000004     --HOLE-- [fill = 0]
                  000042a0    00000020                   : BIOS.obj (.text:ti_sysbios_family_arm_m3_Hwi_excHandler__I)
                  000042c0    00000020     empty_min_pem4f.oem4f (.text:ti_sysbios_gates_GateHwi_Object__delete__S)
                  000042e0    00000020     empty_min_pem4f.oem4f (.text:ti_sysbios_heaps_HeapMem_Object__delete__S)
                  00004300    00000020     sysbios.aem4f : BIOS.obj (.text:ti_sysbios_knl_Idle_run__E)
                  00004320    00000020     empty_min_pem4f.oem4f (.text:ti_sysbios_knl_Semaphore_Object__destruct__S)
                  00004340    00000020     ti.targets.arm.rtsarm.aem4f : Registry.oem4f (.text:xdc_runtime_Registry_findById__E)
                  00004360    00000020                                 : SysMin.oem4f (.text:xdc_runtime_SysMin_Module_startup__E)
                  00004380    0000001e     sysbios.aem4f : m3_Hwi_asm_switch.obj (.text:ti_sysbios_family_xxx_Hwi_switchAndRunFunc)
                  0000439e    0000001c     drivers_tivaware.aem4f : GPIOTiva.oem4f (.text:getGpioIntIndex)
                  000043ba    00000006     driverlib.lib : gpio.obj (.text:GPIOIntClear)
                  000043c0    0000001c     sysbios.aem4f : BIOS.obj (.text:ti_sysbios_gates_GateMutex_Instance_init__E)
                  000043dc    0000001c     empty_min_pem4f.oem4f (.text:ti_sysbios_knl_Queue_Object__destruct__S)
                  000043f8    0000001c     sysbios.aem4f : BIOS.obj (.text:ti_sysbios_knl_Queue_put__E)
                  00004414    00000004     --HOLE-- [fill = 0]
                  00004418    0000001c                   : BIOS.obj (.text:ti_sysbios_knl_Task_enter__I)
                  00004434    0000001c     ti.targets.arm.rtsarm.aem4f : Error.oem4f (.text:xdc_runtime_Error_raiseX__E)
                  00004450    0000001c                                 : Memory.oem4f (.text:xdc_runtime_Memory_valloc__E)
                  0000446c    0000001c                                 : SysMin.oem4f (.text:xdc_runtime_SysMin_exit__E)
                  00004488    0000001c                                 : System.oem4f (.text:xdc_runtime_System_abort__E)
                  000044a4    0000001a     empty_min_pem4f.oem4f (.text:ti_sysbios_family_arm_m3_Hwi_Handle__label__S)
                  000044be    0000001a     empty_min_pem4f.oem4f (.text:ti_sysbios_gates_GateHwi_Handle__label__S)
                  000044d8    0000001a     empty_min_pem4f.oem4f (.text:ti_sysbios_gates_GateMutex_Handle__label__S)
                  000044f2    0000001a     empty_min_pem4f.oem4f (.text:ti_sysbios_heaps_HeapMem_Handle__label__S)
                  0000450c    0000001a     empty_min_pem4f.oem4f (.text:ti_sysbios_knl_Swi_Handle__label__S)
                  00004526    0000001a     empty_min_pem4f.oem4f (.text:ti_sysbios_knl_Task_Handle__label__S)
                  00004540    0000001a     empty_min_pem4f.oem4f (.text:xdc_runtime_System_aprintf__E)
                  0000455a    0000001a     empty_min_pem4f.oem4f (.text:xdc_runtime_System_printf__E)
                  00004574    00000018     rtsv7M4_T_le_v4SPD16_eabi.lib : args_main.c.obj (.text:_args_main)
                  0000458c    00000018     empty_min_pem4f.oem4f (.text:ti_sysbios_BIOS_rtsUnlock__I)
                  000045a4    00000018     empty_min_pem4f.oem4f (.text:ti_sysbios_family_arm_lm4_Timer_Module__startupDone__F)
                  000045bc    00000018     empty_min_pem4f.oem4f (.text:ti_sysbios_family_arm_m3_Hwi_Module__startupDone__F)
                  000045d4    00000018     sysbios.aem4f : m3_TaskSupport_asm.obj (.text:ti_sysbios_family_arm_m3_TaskSupport_swap__E)
                  000045ec    00000004     --HOLE-- [fill = 0]
                  000045f0    00000018                   : BIOS.obj (.text:ti_sysbios_gates_GateMutex_leave__E)
                  00004608    00000018                   : BIOS.obj (.text:ti_sysbios_knl_Task_sleepTimeout__I)
                  00004620    00000018     ti.targets.arm.rtsarm.aem4f : Error.oem4f (.text:xdc_runtime_Error_check__E)
                  00004638    00000018                                 : System.oem4f (.text:xdc_runtime_System_exit__E)
                  00004650    00000018                                 : Text.oem4f (.text:xdc_runtime_Text_ropeText__E)
                  00004668    00000016     empty_min_pem4f.oem4f (.text:ti_sysbios_BIOS_exitFunc__I)
                  0000467e    00000016     empty_min.obj (.text:ti_sysbios_knl_Task_Params_init)
                  00004694    00000014     empty_min.obj (.text:heartBeatFxn)
                  000046a8    00000014     rtsv7M4_T_le_v4SPD16_eabi.lib : strlen.c.obj (.text:strlen)
                  000046bc    00000014     empty_min_pem4f.oem4f (.text:ti_sysbios_family_arm_m3_Hwi_Object__get__S)
                  000046d0    00000014     sysbios.aem4f : BIOS.obj (.text:ti_sysbios_family_arm_m3_Hwi_switchFromBootStack__E)
                  000046e4    00000014     empty_min_pem4f.oem4f (.text:ti_sysbios_heaps_HeapMem_Object__get__S)
                  000046f8    00000014     empty_min_pem4f.oem4f (.text:ti_sysbios_knl_Swi_Object__get__S)
                  0000470c    00000004     --HOLE-- [fill = 0]
                  00004710    00000012     sysbios.aem4f : BIOS.obj (.text:ti_sysbios_hal_Hwi_Module_startup__E)
                  00004722    00000012     empty_min_pem4f.oem4f (.text:xdc_runtime_Startup_exec__I)
                  00004734    00000010     empty_min_pem4f.oem4f (.text:.bootCodeSection:ti_catalog_arm_cortexm4_tiva_ce_Boot_init__I)
                  00004744    00000004     --HOLE-- [fill = 0]
                  00004748    00000010     sysbios.aem4f : BIOS.obj (.text:ti_sysbios_BIOS_setThreadType__E)
                  00004758    00000010                   : BIOS.obj (.text:ti_sysbios_BIOS_start__E)
                  00004768    00000010                   : m3_TaskSupport_asm.obj (.text:ti_sysbios_family_arm_m3_TaskSupport_glue)
                  00004778    00000010                   : BIOS.obj (.text:ti_sysbios_gates_GateMutex_Instance_finalize__E)
                  00004788    00000010                   : BIOS.obj (.text:ti_sysbios_knl_Semaphore_Instance_finalize__E)
                  00004798    00000010                   : BIOS.obj (.text:ti_sysbios_knl_Swi_disable__E)
                  000047a8    00000010                   : BIOS.obj (.text:ti_sysbios_knl_Task_disable__E)
                  000047b8    00000010     ti.targets.arm.rtsarm.aem4f : Gate.oem4f (.text:xdc_runtime_Gate_leaveSystem__E)
                  000047c8    00000010                                 : Memory.oem4f (.text:xdc_runtime_Memory_free__E)
                  000047d8    00000010                                 : SysMin.oem4f (.text:xdc_runtime_SysMin_ready__E)
                  000047e8    00000010                                 : System.oem4f (.text:xdc_runtime_System_vsnprintf__E)
                  000047f8    00000010     empty_min_pem4f.oem4f (.text:xdc_runtime_Text_visitRope__I)
                  00004808    0000000e     driverlib.lib : gpio.obj (.text:GPIOIntStatus)
                  00004816    0000000e     rtsv7M4_T_le_v4SPD16_eabi.lib : copy_decompress_none.c.obj (.text:decompress:none:__TI_decompress_none)
                  00004824    00000004     --HOLE-- [fill = 0]
                  00004828    0000000e     sysbios.aem4f : BIOS.obj (.text:ti_sysbios_knl_Queue_empty__E)
                  00004836    0000000e     empty_min_pem4f.oem4f (.text:ti_sysbios_knl_Task_Object__get__S)
                  00004844    0000000c     rtsv7M4_T_le_v4SPD16_eabi.lib : _lock.c.obj (.text:_register_lock)
                  00004850    0000000c                                   : _lock.c.obj (.text:_register_unlock)
                  0000485c    0000000c                                   : copy_zero_init.c.obj (.text:decompress:ZI:__TI_zero_init)
                  00004868    0000000c     sysbios.aem4f : BIOS.obj (.text:ti_sysbios_family_arm_lm4_Timer_getMaxTicks__E)
                  00004874    0000000c     empty_min_pem4f.oem4f (.text:ti_sysbios_family_arm_m3_Hwi_Params__init__S)
                  00004880    0000000c     sysbios.aem4f : BIOS.obj (.text:ti_sysbios_family_arm_m3_Hwi_disableFxn__E)
                  0000488c    00000004     --HOLE-- [fill = 0]
                  00004890    0000000c                   : BIOS.obj (.text:ti_sysbios_family_arm_m3_TaskSupport_getStackAlignment__E)
                  0000489c    00000004     --HOLE-- [fill = 0]
                  000048a0    0000000c                   : BIOS.obj (.text:ti_sysbios_gates_GateHwi_enter__E)
                  000048ac    0000000c     empty_min_pem4f.oem4f (.text:ti_sysbios_knl_Queue_Object__get__S)
                  000048b8    0000000c     empty_min_pem4f.oem4f (.text:ti_sysbios_knl_Task_Params__init__S)
                  000048c4    0000000c     ti.targets.arm.rtsarm.aem4f : Error.oem4f (.text:xdc_runtime_Error_init__E)
                  000048d0    0000000c                                 : Gate.oem4f (.text:xdc_runtime_Gate_enterSystem__E)
                  000048dc    0000000c                                 : Memory.oem4f (.text:xdc_runtime_Memory_calloc__E)
                  000048e8    0000000c                                 : Memory.oem4f (.text:xdc_runtime_Memory_getMaxDefaultTypeAlign__E)
                  000048f4    0000000a     empty_min_pem4f.oem4f (.text:xdc_runtime_IHeap_alloc)
                  000048fe    0000000a     empty_min_pem4f.oem4f (.text:xdc_runtime_IHeap_free)
                  00004908    00000008     EK_TM4C1294XL.obj (.text:EK_TM4C1294XL_initGPIO)
                  00004910    00000008     sysbios.aem4f : BIOS.obj (.text:ti_sysbios_family_arm_lm4_Timer_masterDisable__I)
                  00004918    00000008                   : BIOS.obj (.text:ti_sysbios_family_arm_m3_Hwi_doSwiRestore__I)
                  00004920    00000008                   : BIOS.obj (.text:ti_sysbios_family_arm_m3_Hwi_startup__E)
                  00004928    00000006     driverlib.lib : gpio.obj (.text:GPIOPinRead)
                  0000492e    00000006                   : gpio.obj (.text:GPIOPinWrite)
                  00004934    00000004     --HOLE-- [fill = 0]
                  00004938    00000006     sysbios.aem4f : BIOS.obj (.text:ti_sysbios_family_arm_m3_Hwi_doTaskRestore__I)
                  0000493e    00000002     --HOLE-- [fill = 0]
                  00004940    00000006                   : BIOS.obj (.text:ti_sysbios_family_arm_m3_Hwi_restoreFxn__E)
                  00004946    00000002     --HOLE-- [fill = 0]
                  00004948    00000006                   : BIOS.obj (.text:ti_sysbios_gates_GateHwi_leave__E)
                  0000494e    00000002     --HOLE-- [fill = 0]
                  00004950    00000006                   : BIOS.obj (.text:ti_sysbios_heaps_HeapMem_isBlocking__E)
                  00004956    00000002     --HOLE-- [fill = 0]
                  00004958    00000006                   : BIOS.obj (.text:ti_sysbios_knl_Queue_Instance_init__E)
                  0000495e    00000002     --HOLE-- [fill = 0]
                  00004960    00000006                   : BIOS.obj (.text:ti_sysbios_knl_Swi_startup__E)
                  00004966    00000006     ti.targets.arm.rtsarm.aem4f : System.oem4f (.text:xdc_runtime_System_Module_startup__E)
                  0000496c    00000004     --HOLE-- [fill = 0]
                  00004970    00000004     sysbios.aem4f : BIOS.obj (.text:ti_sysbios_gates_GateHwi_query__E)
                  00004974    00000004     --HOLE-- [fill = 0]
                  00004978    00000004                   : BIOS.obj (.text:ti_sysbios_gates_GateMutex_query__E)
                  0000497c    00000004     --HOLE-- [fill = 0]
                  00004980    00000004                   : BIOS.obj (.text:ti_sysbios_knl_Task_startup__E)
                  00004984    00000004     --HOLE-- [fill = 0]
                  00004988    00000002                   : BIOS.obj (.text:ti_sysbios_gates_GateHwi_Instance_init__E)
                  0000498a    00000006     --HOLE-- [fill = 0]
                  00004990    00000002                   : BIOS.obj (.text:ti_sysbios_knl_Clock_logTick__E)

.const     0    00004994    00001fad     
                  00004994    00001844     empty_min_pem4f.oem4f (.const:xdc_runtime_Text_charTab__A)
                  000061d8    00000120     Boot.aem4f : Boot_sysctl.oem4f (.const:g_pppui32XTALtoVCO)
                  000062f8    000000bc     empty_min_pem4f.oem4f (.const:xdc_runtime_Text_nodeTab__A)
                  000063b4    0000006c     Boot.aem4f : Boot_sysctl.oem4f (.const:g_pui32Xtals)
                  00006420    00000054     drivers_tivaware.aem4f : GPIOTiva.oem4f (.const:.string)
                  00006474    00000048     empty_min_pem4f.oem4f (.const:.string)
                  000064bc    00000048     drivers_tivaware.aem4f : GPIOTiva.oem4f (.const:gpioBaseAddresses)
                  00006504    0000003c     empty_min_pem4f.oem4f (.const:ti_sysbios_knl_Task_Object__PARAMS__C)
                  00006540    00000030     Boot.aem4f : Boot_sysctl.oem4f (.const:g_sXTALtoMEMTIM)
                  00006570    00000030     empty_min_pem4f.oem4f (.const:ti_sysbios_family_arm_m3_Hwi_Object__PARAMS__C)
                  000065a0    00000028     empty_min_pem4f.oem4f (.const:ti_sysbios_heaps_HeapMem_Module__FXNS__C)
                  000065c8    00000024     empty_min_pem4f.oem4f (.const:ti_sysbios_gates_GateHwi_Module__FXNS__C)
                  000065ec    00000024     empty_min_pem4f.oem4f (.const:ti_sysbios_gates_GateMutex_Module__FXNS__C)
                  00006610    00000024     empty_min_pem4f.oem4f (.const:ti_sysbios_heaps_HeapMem_Object__PARAMS__C)
                  00006634    00000024     empty_min_pem4f.oem4f (.const:ti_sysbios_knl_Semaphore_Object__PARAMS__C)
                  00006658    00000020     empty_min_pem4f.oem4f (.const:ti_sysbios_family_arm_m3_Hwi_Object__DESC__C)
                  00006678    00000020     empty_min_pem4f.oem4f (.const:ti_sysbios_gates_GateHwi_Object__DESC__C)
                  00006698    00000020     empty_min_pem4f.oem4f (.const:ti_sysbios_gates_GateMutex_Object__DESC__C)
                  000066b8    00000020     empty_min_pem4f.oem4f (.const:ti_sysbios_heaps_HeapMem_Object__DESC__C)
                  000066d8    00000020     empty_min_pem4f.oem4f (.const:ti_sysbios_knl_Queue_Object__DESC__C)
                  000066f8    00000020     empty_min_pem4f.oem4f (.const:ti_sysbios_knl_Semaphore_Object__DESC__C)
                  00006718    00000020     empty_min_pem4f.oem4f (.const:ti_sysbios_knl_Task_Object__DESC__C)
                  00006738    00000020     empty_min_pem4f.oem4f (.const:xdc_runtime_Startup_sfxnTab__A)
                  00006758    00000018     empty_min_pem4f.oem4f (.const:ti_sysbios_gates_GateHwi_Object__PARAMS__C)
                  00006770    00000018     empty_min_pem4f.oem4f (.const:ti_sysbios_gates_GateMutex_Object__PARAMS__C)
                  00006788    00000018     empty_min_pem4f.oem4f (.const:ti_sysbios_knl_Queue_Object__PARAMS__C)
                  000067a0    00000014     EK_TM4C1294XL.obj (.const:GPIOTiva_config)
                  000067b4    00000014     empty_min_pem4f.oem4f (.const:xdc_runtime_Startup_firstFxns__A)
                  000067c8    00000010     empty_min_pem4f.oem4f (.const:xdc_runtime_Startup_sfxnRts__A)
                  000067d8    00000008     Boot.aem4f : Boot_sysctl.oem4f (.const)
                  000067e0    00000008     empty_min_pem4f.oem4f (.const:ti_sysbios_family_arm_m3_Hwi_excHookFuncs__A)
                  000067e8    00000008     empty_min_pem4f.oem4f (.const:ti_sysbios_knl_Idle_funcList__C)
                  000067f0    00000008     empty_min_pem4f.oem4f (.const:xdc_runtime_Startup_firstFxns__C)
                  000067f8    00000008     empty_min_pem4f.oem4f (.const:xdc_runtime_Startup_lastFxns__C)
                  00006800    00000004     empty_min_pem4f.oem4f (.const:ti_catalog_arm_cortexm4_tiva_ce_Boot_A_mustNotUseEnhancedClockMode__C)
                  00006804    00000004     empty_min_pem4f.oem4f (.const:ti_catalog_arm_cortexm4_tiva_ce_Boot_Module__diagsEnabled__C)
                  00006808    00000004     empty_min_pem4f.oem4f (.const:ti_catalog_arm_cortexm4_tiva_ce_Boot_Module__diagsIncluded__C)
                  0000680c    00000004     empty_min_pem4f.oem4f (.const:ti_catalog_arm_cortexm4_tiva_ce_Boot_Module__diagsMask__C)
                  00006810    00000004     empty_min_pem4f.oem4f (.const:ti_sysbios_family_arm_lm4_Timer_enableFunc__C)
                  00006814    00000004     empty_min_pem4f.oem4f (.const:ti_sysbios_family_arm_lm4_Timer_numTimerDevices__C)
                  00006818    00000004     empty_min_pem4f.oem4f (.const:ti_sysbios_family_arm_lm4_Timer_startupNeeded__C)
                  0000681c    00000004     empty_min_pem4f.oem4f (.const:ti_sysbios_family_arm_m3_Hwi_E_NMI__C)
                  00006820    00000004     empty_min_pem4f.oem4f (.const:ti_sysbios_family_arm_m3_Hwi_E_alreadyDefined__C)
                  00006824    00000004     empty_min_pem4f.oem4f (.const:ti_sysbios_family_arm_m3_Hwi_E_busFault__C)
                  00006828    00000004     empty_min_pem4f.oem4f (.const:ti_sysbios_family_arm_m3_Hwi_E_debugMon__C)
                  0000682c    00000004     empty_min_pem4f.oem4f (.const:ti_sysbios_family_arm_m3_Hwi_E_hardFault__C)
                  00006830    00000004     empty_min_pem4f.oem4f (.const:ti_sysbios_family_arm_m3_Hwi_E_memFault__C)
                  00006834    00000004     empty_min_pem4f.oem4f (.const:ti_sysbios_family_arm_m3_Hwi_E_noIsr__C)
                  00006838    00000004     empty_min_pem4f.oem4f (.const:ti_sysbios_family_arm_m3_Hwi_E_reserved__C)
                  0000683c    00000004     empty_min_pem4f.oem4f (.const:ti_sysbios_family_arm_m3_Hwi_E_svCall__C)
                  00006840    00000004     empty_min_pem4f.oem4f (.const:ti_sysbios_family_arm_m3_Hwi_E_usageFault__C)
                  00006844    00000004     empty_min_pem4f.oem4f (.const:ti_sysbios_family_arm_m3_Hwi_NUM_INTERRUPTS__C)
                  00006848    00000004     empty_min_pem4f.oem4f (.const:ti_sysbios_family_arm_m3_Hwi_Object__count__C)
                  0000684c    00000004     empty_min_pem4f.oem4f (.const:ti_sysbios_family_arm_m3_Hwi_ccr__C)
                  00006850    00000004     empty_min_pem4f.oem4f (.const:ti_sysbios_family_arm_m3_Hwi_excHandlerFunc__C)
                  00006854    00000004     empty_min_pem4f.oem4f (.const:ti_sysbios_family_arm_m3_Hwi_excHookFuncs__C)
                  00006858    00000004     empty_min_pem4f.oem4f (.const:ti_sysbios_family_arm_m3_Hwi_nullIsrFunc__C)
                  0000685c    00000004     empty_min_pem4f.oem4f (.const:ti_sysbios_family_arm_m3_Hwi_priGroup__C)
                  00006860    00000004     empty_min_pem4f.oem4f (.const:ti_sysbios_family_arm_m3_TaskSupport_stackAlignment__C)
                  00006864    00000004     empty_min_pem4f.oem4f (.const:ti_sysbios_gates_GateMutex_Instance_State_sem__O)
                  00006868    00000004     empty_min_pem4f.oem4f (.const:ti_sysbios_heaps_HeapMem_E_memory__C)
                  0000686c    00000004     empty_min_pem4f.oem4f (.const:ti_sysbios_heaps_HeapMem_Module__gateObj__C)
                  00006870    00000004     empty_min_pem4f.oem4f (.const:ti_sysbios_heaps_HeapMem_Object__count__C)
                  00006874    00000004     empty_min_pem4f.oem4f (.const:ti_sysbios_heaps_HeapMem_reqAlign__C)
                  00006878    00000004     empty_min_pem4f.oem4f (.const:ti_sysbios_knl_Clock_Module_State_clockQ__O)
                  0000687c    00000004     empty_min_pem4f.oem4f (.const:ti_sysbios_knl_Semaphore_Instance_State_pendQ__O)
                  00006880    00000004     empty_min_pem4f.oem4f (.const:ti_sysbios_knl_Swi_Object__count__C)
                  00006884    00000004     empty_min_pem4f.oem4f (.const:ti_sysbios_knl_Task_Module_State_inactiveQ__O)
                  00006888    00000004     empty_min_pem4f.oem4f (.const:ti_sysbios_knl_Task_Object__count__C)
                  0000688c    00000004     empty_min_pem4f.oem4f (.const:ti_sysbios_knl_Task_allBlockedFunc__C)
                  00006890    00000004     empty_min_pem4f.oem4f (.const:ti_sysbios_knl_Task_defaultStackHeap__C)
                  00006894    00000004     empty_min_pem4f.oem4f (.const:ti_sysbios_knl_Task_defaultStackSize__C)
                  00006898    00000004     empty_min_pem4f.oem4f (.const:ti_sysbios_knl_Task_numConstructedTasks__C)
                  0000689c    00000004     empty_min_pem4f.oem4f (.const:xdc_runtime_Assert_E_assertFailed__C)
                  000068a0    00000004     empty_min_pem4f.oem4f (.const:xdc_runtime_Core_A_initializedParams__C)
                  000068a4    00000004     empty_min_pem4f.oem4f (.const:xdc_runtime_Core_Module__diagsEnabled__C)
                  000068a8    00000004     empty_min_pem4f.oem4f (.const:xdc_runtime_Core_Module__diagsIncluded__C)
                  000068ac    00000004     empty_min_pem4f.oem4f (.const:xdc_runtime_Core_Module__diagsMask__C)
                  000068b0    00000004     empty_min_pem4f.oem4f (.const:xdc_runtime_Error_E_memory__C)
                  000068b4    00000004     empty_min_pem4f.oem4f (.const:xdc_runtime_Error_Module__diagsEnabled__C)
                  000068b8    00000004     empty_min_pem4f.oem4f (.const:xdc_runtime_Error_Module__diagsIncluded__C)
                  000068bc    00000004     empty_min_pem4f.oem4f (.const:xdc_runtime_Error_Module__diagsMask__C)
                  000068c0    00000004     empty_min_pem4f.oem4f (.const:xdc_runtime_Error_Module__loggerFxn8__C)
                  000068c4    00000004     empty_min_pem4f.oem4f (.const:xdc_runtime_Error_Module__loggerObj__C)
                  000068c8    00000004     empty_min_pem4f.oem4f (.const:xdc_runtime_Error_policyFxn__C)
                  000068cc    00000004     empty_min_pem4f.oem4f (.const:xdc_runtime_Error_raiseHook__C)
                  000068d0    00000004     empty_min_pem4f.oem4f (.const:xdc_runtime_IGateProvider_Interface__BASE__C)
                  000068d4    00000004     empty_min_pem4f.oem4f (.const:xdc_runtime_IHeap_Interface__BASE__C)
                  000068d8    00000004     empty_min_pem4f.oem4f (.const:xdc_runtime_IModule_Interface__BASE__C)
                  000068dc    00000004     empty_min_pem4f.oem4f (.const:xdc_runtime_Log_L_error__C)
                  000068e0    00000004     empty_min_pem4f.oem4f (.const:xdc_runtime_Memory_defaultHeapInstance__C)
                  000068e4    00000004     empty_min_pem4f.oem4f (.const:xdc_runtime_Startup_execImpl__C)
                  000068e8    00000004     empty_min_pem4f.oem4f (.const:xdc_runtime_Startup_maxPasses__C)
                  000068ec    00000004     empty_min_pem4f.oem4f (.const:xdc_runtime_Startup_sfxnRts__C)
                  000068f0    00000004     empty_min_pem4f.oem4f (.const:xdc_runtime_Startup_sfxnTab__C)
                  000068f4    00000004     empty_min_pem4f.oem4f (.const:xdc_runtime_SysMin_bufSize__C)
                  000068f8    00000004     empty_min_pem4f.oem4f (.const:xdc_runtime_SysMin_outputFunc__C)
                  000068fc    00000004     empty_min_pem4f.oem4f (.const:xdc_runtime_System_Module__gateObj__C)
                  00006900    00000004     empty_min_pem4f.oem4f (.const:xdc_runtime_System_abortFxn__C)
                  00006904    00000004     empty_min_pem4f.oem4f (.const:xdc_runtime_System_exitFxn__C)
                  00006908    00000004     empty_min_pem4f.oem4f (.const:xdc_runtime_System_extendFxn__C)
                  0000690c    00000004     empty_min_pem4f.oem4f (.const:xdc_runtime_System_maxAtexitHandlers__C)
                  00006910    00000004     empty_min_pem4f.oem4f (.const:xdc_runtime_Text_charTab__C)
                  00006914    00000004     empty_min_pem4f.oem4f (.const:xdc_runtime_Text_nameEmpty__C)
                  00006918    00000004     empty_min_pem4f.oem4f (.const:xdc_runtime_Text_nameStatic__C)
                  0000691c    00000004     empty_min_pem4f.oem4f (.const:xdc_runtime_Text_nameUnknown__C)
                  00006920    00000004     empty_min_pem4f.oem4f (.const:xdc_runtime_Text_nodeTab__C)
                  00006924    00000004     empty_min_pem4f.oem4f (.const:xdc_runtime_Text_visitRopeFxn__C)
                  00006928    00000002     empty_min_pem4f.oem4f (.const:ti_catalog_arm_cortexm4_tiva_ce_Boot_Module__id__C)
                  0000692a    00000002     empty_min_pem4f.oem4f (.const:ti_sysbios_family_arm_m3_Hwi_Module__id__C)
                  0000692c    00000002     empty_min_pem4f.oem4f (.const:ti_sysbios_heaps_HeapMem_Module__id__C)
                  0000692e    00000002     empty_min_pem4f.oem4f (.const:xdc_runtime_Core_Module__id__C)
                  00006930    00000002     empty_min_pem4f.oem4f (.const:xdc_runtime_Error_Module__loggerDefined__C)
                  00006932    00000002     empty_min_pem4f.oem4f (.const:xdc_runtime_Error_maxDepth__C)
                  00006934    00000002     empty_min_pem4f.oem4f (.const:xdc_runtime_Memory_Module__id__C)
                  00006936    00000002     empty_min_pem4f.oem4f (.const:xdc_runtime_SysMin_flushAtExit__C)
                  00006938    00000002     empty_min_pem4f.oem4f (.const:xdc_runtime_Text_charCnt__C)
                  0000693a    00000002     empty_min_pem4f.oem4f (.const:xdc_runtime_Text_isLoaded__C)
                  0000693c    00000002     empty_min_pem4f.oem4f (.const:xdc_runtime_Text_registryModsLastId__C)
                  0000693e    00000002     empty_min_pem4f.oem4f (.const:xdc_runtime_Text_unnamedModsLastId__C)
                  00006940    00000001     empty_min_pem4f.oem4f (.const:xdc_runtime_Error_policy__C)

.cinit     0    00006948    000001f0     
                  00006948    000001b6     (.cinit..data.load) [load image, compression = lzss]
                  00006afe    00000002     --HOLE-- [fill = 0]
                  00006b00    0000000c     (__TI_handler_table)
                  00006b0c    00000004     --HOLE-- [fill = 0]
                  00006b10    00000008     (.cinit..bss.load) [load image, compression = zero_init]
                  00006b18    00000008     (.cinit..vecs.load) [load image, compression = zero_init]
                  00006b20    00000018     (__TI_cinit_table)

.init_array 
*          0    00000000    00000000     UNINITIALIZED

.resetVecs 
*          0    00000000    0000003c     
                  00000000    0000003c     empty_min_pem4f.oem4f (.resetVecs)

.bss       0    20000360    00000bec     UNINITIALIZED
                  20000360    00000400     (.common:ti_sysbios_heaps_HeapMem_Instance_State_0_buf__A)
                  20000760    00000360     (.common:ti_sysbios_family_arm_m3_Hwi_dispatchTable)
                  20000ac0    00000200     (.common:task0Stack)
                  20000cc0    00000120     rtsv7M4_T_le_v4SPD16_eabi.lib : trgmsg.c.obj (.bss:_CIOBUF_)
                  20000de0    00000090     drivers_tivaware.aem4f : GPIOTiva.oem4f (.bss:gpioCallbackInfo)
                  20000e70    00000080     (.common:xdc_runtime_SysMin_Module_State_0_outbuf__A)
                  20000ef0    00000050     (.common:task0Struct)
                  20000f40    00000008     (.common:parmbuf)
                  20000f48    00000004     (.common:gpioInterruptVectors)

.data      0    20000f4c    000003ce     UNINITIALIZED
                  20000f4c    00000080     empty_min_pem4f.oem4f (.data:ti_sysbios_knl_Swi_Module_State_0_readyQ__A)
                  20000fcc    00000080     empty_min_pem4f.oem4f (.data:ti_sysbios_knl_Task_Module_State_0_readyQ__A)
                  2000104c    00000044     empty_min_pem4f.oem4f (.data:ti_sysbios_knl_Task_Module__state__V)
                  20001090    00000040     empty_min_pem4f.oem4f (.data:ti_sysbios_family_arm_lm4_Timer_Module_State_0_device__A)
                  200010d0    00000040     empty_min_pem4f.oem4f (.data:ti_sysbios_family_arm_lm4_Timer_Object__table__V)
                  20001110    00000038     empty_min_pem4f.oem4f (.data:ti_sysbios_gates_GateMutex_Object__table__V)
                  20001148    00000034     empty_min_pem4f.oem4f (.data:ti_sysbios_family_arm_m3_Hwi_Module__state__V)
                  2000117c    00000030     empty_min_pem4f.oem4f (.data:ti_sysbios_knl_Swi_Object__table__V)
                  200011ac    0000002c     empty_min_pem4f.oem4f (.data:ti_sysbios_knl_Clock_Module__state__V)
                  200011d8    00000024     empty_min_pem4f.oem4f (.data:ti_sysbios_BIOS_Module__state__V)
                  200011fc    00000020     empty_min_pem4f.oem4f (.data:ti_sysbios_family_arm_lm4_Timer_Module_State_0_handles__A)
                  2000121c    0000001c     empty_min_pem4f.oem4f (.data:ti_sysbios_knl_Swi_Module__state__V)
                  20001238    00000018     empty_min_pem4f.oem4f (.data:ti_sysbios_family_arm_m3_Hwi_Object__table__V)
                  20001250    00000018     empty_min_pem4f.oem4f (.data:ti_sysbios_heaps_HeapMem_Object__table__V)
                  20001268    00000010     EK_TM4C1294XL.obj (.data:gpioPinConfigs)
                  20001278    0000000c     empty_min_pem4f.oem4f (.data:ti_sysbios_family_arm_lm4_Timer_Module__state__V)
                  20001284    0000000c     empty_min_pem4f.oem4f (.data:xdc_runtime_SysMin_Module__state__V)
                  20001290    00000008     rtsv7M4_T_le_v4SPD16_eabi.lib : _lock.c.obj (.data:$O1$$)
                  20001298    00000008     EK_TM4C1294XL.obj (.data:gpioCallbackFunctions)
                  200012a0    00000008     empty_min_pem4f.oem4f (.data:ti_sysbios_family_arm_m3_Hwi_Module__root__V)
                  200012a8    00000008     empty_min_pem4f.oem4f (.data:ti_sysbios_gates_GateHwi_Module__root__V)
                  200012b0    00000008     empty_min_pem4f.oem4f (.data:ti_sysbios_gates_GateMutex_Module__root__V)
                  200012b8    00000008     empty_min_pem4f.oem4f (.data:ti_sysbios_heaps_HeapMem_Module__root__V)
                  200012c0    00000008     empty_min_pem4f.oem4f (.data:ti_sysbios_knl_Queue_Module__root__V)
                  200012c8    00000008     empty_min_pem4f.oem4f (.data:ti_sysbios_knl_Semaphore_Module__root__V)
                  200012d0    00000008     empty_min_pem4f.oem4f (.data:ti_sysbios_knl_Task_Module__root__V)
                  200012d8    00000008     empty_min_pem4f.oem4f (.data:xdc_runtime_Registry_Module__state__V)
                  200012e0    00000008     empty_min_pem4f.oem4f (.data:xdc_runtime_Startup_Module__state__V)
                  200012e8    00000008     empty_min_pem4f.oem4f (.data:xdc_runtime_System_Module_State_0_atexitHandlers__A)
                  200012f0    00000008     empty_min_pem4f.oem4f (.data:xdc_runtime_System_Module__state__V)
                  200012f8    00000005     drivers_tivaware.aem4f : GPIOTiva.oem4f (.data)
                  200012fd    00000001     --HOLE--
                  200012fe    00000002     empty_min_pem4f.oem4f (.data:ti_sysbios_family_arm_m3_Hwi_Module_State_0_excActive__A)
                  20001300    00000004     rtsv7M4_T_le_v4SPD16_eabi.lib : stkdepth_vars.c.obj (.data)
                  20001304    00000004     empty_min_pem4f.oem4f (.data:ti_sysbios_family_arm_m3_Hwi_Module_State_0_excContext__A)
                  20001308    00000004     empty_min_pem4f.oem4f (.data:ti_sysbios_family_arm_m3_Hwi_Module_State_0_excStack__A)
                  2000130c    00000004     empty_min_pem4f.oem4f (.data:ti_sysbios_gates_GateHwi_Object__table__V)
                  20001310    00000004     empty_min_pem4f.oem4f (.data:ti_sysbios_knl_Task_Module_State_0_idleTask__A)
                  20001314    00000004     empty_min_pem4f.oem4f (.data:xdc_runtime_Memory_Module__state__V)
                  20001318    00000002     empty_min_pem4f.oem4f (.data:xdc_runtime_Error_Module__state__V)

.stack     0    20001320    00000300     UNINITIALIZED
                  20001320    00000300     --HOLE--

.bootVecs 
*          0    00000000    00000008     DSECT
                  00000000    00000008     boot.aem4f : boot.oem4f (.bootVecs)

.vecs      0    20000000    00000360     UNINITIALIZED
                  20000000    00000360     empty_min_pem4f.oem4f (.vecs)

xdc.meta   0    00000000    000000e3     COPY SECTION
                  00000000    000000e3     empty_min_pem4f.oem4f (xdc.meta)

MODULE SUMMARY

       Module                       code    ro data   rw data
       ------                       ----    -------   -------
    .\
       empty_min.obj                122     0         592    
       EK_TM4C1294XL.obj            192     20        24     
    +--+----------------------------+-------+---------+---------+
       Total:                       314     20        616    
                                                             
    D:\ccs_RTOS\empty_min_EK_TM4C1294XL_TI\Debug\configPkg\package\cfg\
       empty_min_pem4f.oem4f        1656    7541      3812   
    +--+----------------------------+-------+---------+---------+
       Total:                       1656    7541      3812   
                                                             
    C:/ti/tirtos_tivac_2_16_00_08/products/TivaWare_C_Series-2.1.1.71b/driverlib/ccs/Debug/driverlib.lib
       gpio.obj                     464     0         0      
       sysctl.obj                   52      0         0      
    +--+----------------------------+-------+---------+---------+
       Total:                       516     0         0      
                                                             
    C:/ti/tirtos_tivac_2_16_00_08/products/tidrivers_tivac_2_16_00_08/packages/ti/drivers/lib/drivers_tivaware.aem4f
       GPIOTiva.oem4f               844     156       153    
    +--+----------------------------+-------+---------+---------+
       Total:                       844     156       153    
                                                             
    C:\ti\ccs901\ccs\tools\compiler\ti-cgt-arm_18.12.1.LTS\lib\rtsv7M4_T_le_v4SPD16_eabi.lib
       trgmsg.c.obj                 108     0         288    
       memcpy_t2.asm.obj            156     0         0      
       memset_t2.asm.obj            122     0         0      
       copy_decompress_lzss.c.obj   104     0         0      
       hostwrite.c.obj              88      0         0      
       cpy_tbl.c.obj                76      0         0      
       u_divt2.asm.obj              64      0         0      
       _lock.c.obj                  26      0         8      
       args_main.c.obj              24      0         0      
       strlen.c.obj                 20      0         0      
       copy_decompress_none.c.obj   14      0         0      
       copy_zero_init.c.obj         12      0         0      
       hostopen.c.obj               0       0         8      
       exit.c.obj                   4       0         0      
       stkdepth_vars.c.obj          0       0         4      
       div0.asm.obj                 2       0         0      
    +--+----------------------------+-------+---------+---------+
       Total:                       820     0         308    
                                                             
    C:\ti\tirtos_tivac_2_16_00_08\products\bios_6_45_01_29\packages\ti\catalog\arm\cortexm4\tiva\ce\lib\Boot.aem4f
       Boot_sysctl.oem4f            628     452       0      
       Boot.oem4f                   152     0         0      
    +--+----------------------------+-------+---------+---------+
       Total:                       780     452       0      
                                                             
    C:\ti\tirtos_tivac_2_16_00_08\products\bios_6_45_01_29\packages\ti\targets\arm\rtsarm\lib\auto_init.aem4f
       auto_init.oem4f              160     0         0      
    +--+----------------------------+-------+---------+---------+
       Total:                       160     0         0      
                                                             
    C:\ti\tirtos_tivac_2_16_00_08\products\bios_6_45_01_29\packages\ti\targets\arm\rtsarm\lib\boot.aem4f
       boot.oem4f                   88      0         0      
    +--+----------------------------+-------+---------+---------+
       Total:                       88      0         0      
                                                             
    C:\ti\tirtos_tivac_2_16_00_08\products\bios_6_45_01_29\packages\ti\targets\arm\rtsarm\lib\ti.targets.arm.rtsarm.aem4f
       System.oem4f                 1255    0         0      
       Text.oem4f                   672     0         0      
       Error.oem4f                  524     0         0      
       Core-mem.oem4f               358     0         0      
       Startup.oem4f                328     0         0      
       SysMin.oem4f                 248     0         0      
       Core-smem.oem4f              204     0         0      
       Memory.oem4f                 176     0         0      
       Assert.oem4f                 84      0         0      
       Core-params.oem4f            70      0         0      
       Core-label.oem4f             52      0         0      
       Registry.oem4f               32      0         0      
       Gate.oem4f                   28      0         0      
    +--+----------------------------+-------+---------+---------+
       Total:                       4031    0         0      
                                                             
    D:\ccs_RTOS\empty_min_EK_TM4C1294XL_TI\src\sysbios\sysbios.aem4f
       BIOS.obj                     8784    0         0      
       m3_Hwi_asm.obj               314     0         0      
       m3_TaskSupport_asm.obj       180     0         0      
       m3_Hwi_asm_switch.obj        118     0         0      
    +--+----------------------------+-------+---------+---------+
       Total:                       9396    0         0      
                                                             
       Stack:                       0       0         768    
       Linker Generated:            0       490       0      
    +--+----------------------------+-------+---------+---------+
       Grand Total:                 18605   8659      5657   


LINKER GENERATED COPY TABLES

__TI_cinit_table @ 00006b20 records: 3, size/record: 8, table size: 24
	.data: load addr=00006948, load size=000001b6 bytes, run addr=20000f4c, run size=000003ce bytes, compression=lzss
	.bss: load addr=00006b10, load size=00000008 bytes, run addr=20000360, run size=00000bec bytes, compression=zero_init
	.vecs: load addr=00006b18, load size=00000008 bytes, run addr=20000000, run size=00000360 bytes, compression=zero_init


LINKER GENERATED HANDLER TABLE

__TI_handler_table @ 00006b00 records: 3, size/record: 4, table size: 12
	index: 0, handler: __TI_decompress_lzss
	index: 1, handler: __TI_decompress_none
	index: 2, handler: __TI_zero_init


GLOBAL SYMBOLS: SORTED ALPHABETICALLY BY Name 

address   name                                                                 
-------   ----                                                                 
00000bbd  C$$EXIT                                                              
00003a8b  C$$IO$$                                                              
00004909  EK_TM4C1294XL_initGPIO                                               
00001f55  EK_TM4C1294XL_initGeneral                                            
00003fe1  GPIODirModeSet                                                       
000043bb  GPIOIntClear                                                         
00004809  GPIOIntStatus                                                        
00003071  GPIOIntTypeSet                                                       
00001291  GPIOPadConfigSet                                                     
00004929  GPIOPinRead                                                          
0000492f  GPIOPinWrite                                                         
000067a0  GPIOTiva_config                                                      
00002b95  GPIO_hwiIntFxn                                                       
00002595  GPIO_init                                                            
000031c5  GPIO_setCallback                                                     
00000ff5  GPIO_setConfig                                                       
00003215  GPIO_toggle                                                          
00003265  GPIO_write                                                           
00002fc1  HOSTwrite                                                            
UNDEFED   SHT$$INIT_ARRAY$$Base                                                
UNDEFED   SHT$$INIT_ARRAY$$Limit                                               
00003b79  SysCtlPeripheralEnable                                               
00000000  __ASM__                                                              
20000cc0  __CIOBUF_                                                            
00000061  __ISA__                                                              
00000074  __PLAT__                                                             
20001620  __STACK_END                                                          
00000300  __STACK_SIZE                                                         
00000095  __TARG__                                                             
00006b20  __TI_CINIT_Base                                                      
00006b38  __TI_CINIT_Limit                                                     
00006b00  __TI_Handler_Table_Base                                              
00006b0c  __TI_Handler_Table_Limit                                             
000020bd  __TI_auto_init                                                       
00002ac5  __TI_decompress_lzss                                                 
00004817  __TI_decompress_none                                                 
ffffffff  __TI_pprof_out_hndl                                                  
ffffffff  __TI_prof_data_size                                                  
ffffffff  __TI_prof_data_start                                                 
00003bad  __TI_readmsg                                                         
00006948  __TI_static_base__                                                   
00003a5d  __TI_writemsg                                                        
0000485d  __TI_zero_init                                                       
000000bb  __TRDR__                                                             
0000282f  __aeabi_idiv0                                                        
0000282f  __aeabi_ldiv0                                                        
000027b5  __aeabi_memclr                                                       
000027b5  __aeabi_memclr4                                                      
000027b5  __aeabi_memclr8                                                      
000021fd  __aeabi_memcpy                                                       
000021fd  __aeabi_memcpy4                                                      
000021fd  __aeabi_memcpy8                                                      
000027b7  __aeabi_memset                                                       
000027b7  __aeabi_memset4                                                      
000027b7  __aeabi_memset8                                                      
000038e1  __aeabi_uidiv                                                        
000038e1  __aeabi_uidivmod                                                     
ffffffff  __binit__                                                            
ffffffff  __c_args__                                                           
20001320  __stack                                                              
00004575  _args_main                                                           
00002f69  _c_int00                                                             
20001290  _lock                                                                
00002333  _nop                                                                 
00004845  _register_lock                                                       
00004851  _register_unlock                                                     
20001294  _unlock                                                              
00000bbd  abort                                                                
ffffffff  binit                                                                
00003449  copy_in                                                              
20001298  gpioCallbackFunctions                                                
20001268  gpioPinConfigs                                                       
00004695  heartBeatFxn                                                         
00003305  main                                                                 
20001300  main_func_sp                                                         
000021fd  memcpy                                                               
000027bd  memset                                                               
000047a9  osi_TaskDisable                                                      
00004759  osi_start                                                            
20000f40  parmbuf                                                              
000046a9  strlen                                                               
20000ac0  task0Stack                                                           
20000ef0  task0Struct                                                          
00006800  ti_catalog_arm_cortexm4_tiva_ce_Boot_A_mustNotUseEnhancedClockMode__C
00006804  ti_catalog_arm_cortexm4_tiva_ce_Boot_Module__diagsEnabled__C         
00006808  ti_catalog_arm_cortexm4_tiva_ce_Boot_Module__diagsIncluded__C        
0000680c  ti_catalog_arm_cortexm4_tiva_ce_Boot_Module__diagsMask__C            
00006928  ti_catalog_arm_cortexm4_tiva_ce_Boot_Module__id__C                   
00004735  ti_catalog_arm_cortexm4_tiva_ce_Boot_init__I                         
000007bd  ti_catalog_arm_cortexm4_tiva_ce_Boot_sysCtlClockFreqSetI__I          
00002335  ti_catalog_arm_cortexm4_tiva_ce_Boot_sysCtlClockFreqSet__E           
200011d8  ti_sysbios_BIOS_Module__state__V                                     
000044d9  ti_sysbios_BIOS_RtsGateProxy_Handle__label__S                        
0000413d  ti_sysbios_BIOS_RtsGateProxy_Object__delete__S                       
00000d35  ti_sysbios_BIOS_RtsGateProxy_enter__E                                
00000e9d  ti_sysbios_BIOS_RtsGateProxy_leave__E                                
00004979  ti_sysbios_BIOS_RtsGateProxy_query__E                                
00003ced  ti_sysbios_BIOS_atExitFunc__I                                        
000040ad  ti_sysbios_BIOS_errorRaiseHook__I                                    
00004669  ti_sysbios_BIOS_exitFunc__I                                          
0000297f  ti_sysbios_BIOS_nullFunc__I                                          
000040d1  ti_sysbios_BIOS_registerRTSLock__I                                   
000040f5  ti_sysbios_BIOS_removeRTSLock__I                                     
0000425d  ti_sysbios_BIOS_rtsLock__I                                           
0000458d  ti_sysbios_BIOS_rtsUnlock__I                                         
00004749  ti_sysbios_BIOS_setThreadType__E                                     
00004119  ti_sysbios_BIOS_startFunc__I                                         
00004759  ti_sysbios_BIOS_start__E                                             
20001090  ti_sysbios_family_arm_lm4_Timer_Module_State_0_device__A             
200011fc  ti_sysbios_family_arm_lm4_Timer_Module_State_0_handles__A            
000045a5  ti_sysbios_family_arm_lm4_Timer_Module__startupDone__F               
000045a5  ti_sysbios_family_arm_lm4_Timer_Module__startupDone__S               
20001278  ti_sysbios_family_arm_lm4_Timer_Module__state__V                     
00002bf9  ti_sysbios_family_arm_lm4_Timer_Module_startup__E                    
200010d0  ti_sysbios_family_arm_lm4_Timer_Object__table__V                     
00006810  ti_sysbios_family_arm_lm4_Timer_enableFunc__C                        
000035d9  ti_sysbios_family_arm_lm4_Timer_enableTimers__I                      
00002011  ti_sysbios_family_arm_lm4_Timer_enableTiva__I                        
00004869  ti_sysbios_family_arm_lm4_Timer_getMaxTicks__E                       
000030c9  ti_sysbios_family_arm_lm4_Timer_initDevice__I                        
00003741  ti_sysbios_family_arm_lm4_Timer_isrStub__E                           
00004911  ti_sysbios_family_arm_lm4_Timer_masterDisable__I                     
00001145  ti_sysbios_family_arm_lm4_Timer_masterEnable__I                      
00006814  ti_sysbios_family_arm_lm4_Timer_numTimerDevices__C                   
000014d9  ti_sysbios_family_arm_lm4_Timer_start__E                             
00006818  ti_sysbios_family_arm_lm4_Timer_startupNeeded__C                     
00003921  ti_sysbios_family_arm_lm4_Timer_startup__E                           
00003d21  ti_sysbios_family_arm_lm4_Timer_stop__E                              
000041f9  ti_sysbios_family_arm_lm4_Timer_write__I                             
0000681c  ti_sysbios_family_arm_m3_Hwi_E_NMI__C                                
00006820  ti_sysbios_family_arm_m3_Hwi_E_alreadyDefined__C                     
00006824  ti_sysbios_family_arm_m3_Hwi_E_busFault__C                           
00006828  ti_sysbios_family_arm_m3_Hwi_E_debugMon__C                           
0000682c  ti_sysbios_family_arm_m3_Hwi_E_hardFault__C                          
00006830  ti_sysbios_family_arm_m3_Hwi_E_memFault__C                           
00006834  ti_sysbios_family_arm_m3_Hwi_E_noIsr__C                              
00006838  ti_sysbios_family_arm_m3_Hwi_E_reserved__C                           
0000683c  ti_sysbios_family_arm_m3_Hwi_E_svCall__C                             
00006840  ti_sysbios_family_arm_m3_Hwi_E_usageFault__C                         
000044a5  ti_sysbios_family_arm_m3_Hwi_Handle__label__S                        
00003be1  ti_sysbios_family_arm_m3_Hwi_Instance_finalize__E                    
000023d1  ti_sysbios_family_arm_m3_Hwi_Instance_init__E                        
200012fe  ti_sysbios_family_arm_m3_Hwi_Module_State_0_excActive__A             
20001304  ti_sysbios_family_arm_m3_Hwi_Module_State_0_excContext__A            
20001308  ti_sysbios_family_arm_m3_Hwi_Module_State_0_excStack__A              
0000692a  ti_sysbios_family_arm_m3_Hwi_Module__id__C                           
200012a0  ti_sysbios_family_arm_m3_Hwi_Module__root__V                         
000045bd  ti_sysbios_family_arm_m3_Hwi_Module__startupDone__F                  
000045bd  ti_sysbios_family_arm_m3_Hwi_Module__startupDone__S                  
20001148  ti_sysbios_family_arm_m3_Hwi_Module__state__V                        
00003359  ti_sysbios_family_arm_m3_Hwi_Module_startup__E                       
00006844  ti_sysbios_family_arm_m3_Hwi_NUM_INTERRUPTS__C                       
00006658  ti_sysbios_family_arm_m3_Hwi_Object__DESC__C                         
00006570  ti_sysbios_family_arm_m3_Hwi_Object__PARAMS__C                       
00006848  ti_sysbios_family_arm_m3_Hwi_Object__count__C                        
000046bd  ti_sysbios_family_arm_m3_Hwi_Object__get__S                          
20001238  ti_sysbios_family_arm_m3_Hwi_Object__table__V                        
00004875  ti_sysbios_family_arm_m3_Hwi_Params__init__S                         
0000684c  ti_sysbios_family_arm_m3_Hwi_ccr__C                                  
00002c5d  ti_sysbios_family_arm_m3_Hwi_create                                  
00004881  ti_sysbios_family_arm_m3_Hwi_disableFxn__E                           
00003621  ti_sysbios_family_arm_m3_Hwi_disableInterrupt__E                     
00002cc1  ti_sysbios_family_arm_m3_Hwi_dispatchC__I                            
20000760  ti_sysbios_family_arm_m3_Hwi_dispatchTable                           
000018d1  ti_sysbios_family_arm_m3_Hwi_dispatch__I                             
00004919  ti_sysbios_family_arm_m3_Hwi_doSwiRestore__I                         
00004939  ti_sysbios_family_arm_m3_Hwi_doTaskRestore__I                        
00003669  ti_sysbios_family_arm_m3_Hwi_enableInterrupt__E                      
00000bc1  ti_sysbios_family_arm_m3_Hwi_excBusFault__I                          
00001d19  ti_sysbios_family_arm_m3_Hwi_excDebugMon__I                          
00000041  ti_sysbios_family_arm_m3_Hwi_excDumpRegs__I                          
0000427d  ti_sysbios_family_arm_m3_Hwi_excHandlerAsm__I                        
00006850  ti_sysbios_family_arm_m3_Hwi_excHandlerFunc__C                       
000009c1  ti_sysbios_family_arm_m3_Hwi_excHandlerMax__I                        
000042a1  ti_sysbios_family_arm_m3_Hwi_excHandler__I                           
00001dd9  ti_sysbios_family_arm_m3_Hwi_excHardFault__I                         
000067e0  ti_sysbios_family_arm_m3_Hwi_excHookFuncs__A                         
00006854  ti_sysbios_family_arm_m3_Hwi_excHookFuncs__C                         
00001149  ti_sysbios_family_arm_m3_Hwi_excMemFault__I                          
00003c19  ti_sysbios_family_arm_m3_Hwi_excNmi__I                               
00003a99  ti_sysbios_family_arm_m3_Hwi_excNoIsr__I                             
000036b1  ti_sysbios_family_arm_m3_Hwi_excReserved__I                          
000039a1  ti_sysbios_family_arm_m3_Hwi_excSvCall__I                            
00000d39  ti_sysbios_family_arm_m3_Hwi_excUsageFault__I                        
00003789  ti_sysbios_family_arm_m3_Hwi_getStackInfo__E                         
00002469  ti_sysbios_family_arm_m3_Hwi_initNVIC__E                             
00003019  ti_sysbios_family_arm_m3_Hwi_initStacks__E                           
00006858  ti_sysbios_family_arm_m3_Hwi_nullIsrFunc__C                          
e000e000  ti_sysbios_family_arm_m3_Hwi_nvic                                    
00004061  ti_sysbios_family_arm_m3_Hwi_pendSV__I                               
000026b1  ti_sysbios_family_arm_m3_Hwi_postInit__I                             
0000685c  ti_sysbios_family_arm_m3_Hwi_priGroup__C                             
20000000  ti_sysbios_family_arm_m3_Hwi_ramVectors                              
00000000  ti_sysbios_family_arm_m3_Hwi_resetVectors                            
00004941  ti_sysbios_family_arm_m3_Hwi_restoreFxn__E                           
00004085  ti_sysbios_family_arm_m3_Hwi_return                                  
00004921  ti_sysbios_family_arm_m3_Hwi_startup__E                              
000046d1  ti_sysbios_family_arm_m3_Hwi_switchFromBootStack__E                  
000019c5  ti_sysbios_family_arm_m3_TaskSupport_Module__startupDone__S          
00002621  ti_sysbios_family_arm_m3_TaskSupport_buildTaskStack                  
00004891  ti_sysbios_family_arm_m3_TaskSupport_getStackAlignment__E            
00004769  ti_sysbios_family_arm_m3_TaskSupport_glue                            
00006860  ti_sysbios_family_arm_m3_TaskSupport_stackAlignment__C               
00003d51  ti_sysbios_family_arm_m3_TaskSupport_start__E                        
000045d5  ti_sysbios_family_arm_m3_TaskSupport_swap__E                         
00004381  ti_sysbios_family_xxx_Hwi_switchAndRunFunc                           
000044bf  ti_sysbios_gates_GateHwi_Handle__label__S                            
00004989  ti_sysbios_gates_GateHwi_Instance_init__E                            
000065c8  ti_sysbios_gates_GateHwi_Module__FXNS__C                             
200012a8  ti_sysbios_gates_GateHwi_Module__root__V                             
00006678  ti_sysbios_gates_GateHwi_Object__DESC__C                             
00006758  ti_sysbios_gates_GateHwi_Object__PARAMS__C                           
00003d81  ti_sysbios_gates_GateHwi_Object__create__S                           
000042c1  ti_sysbios_gates_GateHwi_Object__delete__S                           
2000130c  ti_sysbios_gates_GateHwi_Object__table__V                            
000048a1  ti_sysbios_gates_GateHwi_enter__E                                    
00004949  ti_sysbios_gates_GateHwi_leave__E                                    
00004971  ti_sysbios_gates_GateHwi_query__E                                    
000044d9  ti_sysbios_gates_GateMutex_Handle__label__S                          
00006864  ti_sysbios_gates_GateMutex_Instance_State_sem__O                     
00004779  ti_sysbios_gates_GateMutex_Instance_finalize__E                      
000043c1  ti_sysbios_gates_GateMutex_Instance_init__E                          
000065ec  ti_sysbios_gates_GateMutex_Module__FXNS__C                           
200012b0  ti_sysbios_gates_GateMutex_Module__root__V                           
00006698  ti_sysbios_gates_GateMutex_Object__DESC__C                           
00006770  ti_sysbios_gates_GateMutex_Object__PARAMS__C                         
00003db1  ti_sysbios_gates_GateMutex_Object__create__S                         
0000413d  ti_sysbios_gates_GateMutex_Object__delete__S                         
20001110  ti_sysbios_gates_GateMutex_Object__table__V                          
00003de1  ti_sysbios_gates_GateMutex_enter__E                                  
000045f1  ti_sysbios_gates_GateMutex_leave__E                                  
00004979  ti_sysbios_gates_GateMutex_query__E                                  
000044a5  ti_sysbios_hal_Hwi_HwiProxy_Handle__label__S                         
000045bd  ti_sysbios_hal_Hwi_HwiProxy_Module__startupDone__S                   
00004875  ti_sysbios_hal_Hwi_HwiProxy_Params__init__S                          
00003621  ti_sysbios_hal_Hwi_HwiProxy_disableInterrupt__E                      
00004881  ti_sysbios_hal_Hwi_HwiProxy_disable__E                               
00003669  ti_sysbios_hal_Hwi_HwiProxy_enableInterrupt__E                       
00003789  ti_sysbios_hal_Hwi_HwiProxy_getStackInfo__E                          
[...]
000046bd  ti_sysbios_family_arm_m3_Hwi_Object__get__S                          
000046d1  ti_sysbios_family_arm_m3_Hwi_switchFromBootStack__E                  
000046d1  ti_sysbios_hal_Hwi_HwiProxy_switchFromBootStack__E                   
000046d1  ti_sysbios_hal_Hwi_switchFromBootStack__E                            
000046e5  ti_sysbios_heaps_HeapMem_Object__get__S                              
000046f9  ti_sysbios_knl_Swi_Object__get__S                                    
00004711  ti_sysbios_hal_Hwi_Module_startup__E                                 
00004723  xdc_runtime_Startup_exec__I                                          
00004735  ti_catalog_arm_cortexm4_tiva_ce_Boot_init__I                         
00004749  ti_sysbios_BIOS_setThreadType__E                                     
00004759  osi_start                                                            
00004759  ti_sysbios_BIOS_start__E                                             
00004769  ti_sysbios_family_arm_m3_TaskSupport_glue                            
00004779  ti_sysbios_gates_GateMutex_Instance_finalize__E                      
00004789  ti_sysbios_knl_Semaphore_Instance_finalize__E                        
00004799  ti_sysbios_knl_Swi_disable__E                                        
000047a9  osi_TaskDisable                                                      
000047a9  ti_sysbios_knl_Task_disable__E                                       
000047b9  xdc_runtime_Gate_leaveSystem__E                                      
000047c9  xdc_runtime_Memory_free__E                                           
000047d9  xdc_runtime_SysMin_ready__E                                          
000047d9  xdc_runtime_System_SupportProxy_ready__E                             
000047e9  xdc_runtime_System_vsnprintf__E                                      
000047f9  xdc_runtime_Text_visitRope__I                                        
00004809  GPIOIntStatus                                                        
00004817  __TI_decompress_none                                                 
00004829  ti_sysbios_knl_Queue_empty__E                                        
00004837  ti_sysbios_knl_Task_Object__get__S                                   
00004845  _register_lock                                                       
00004851  _register_unlock                                                     
0000485d  __TI_zero_init                                                       
00004869  ti_sysbios_family_arm_lm4_Timer_getMaxTicks__E                       
00004875  ti_sysbios_family_arm_m3_Hwi_Params__init__S                         
00004875  ti_sysbios_hal_Hwi_HwiProxy_Params__init__S                          
00004881  ti_sysbios_family_arm_m3_Hwi_disableFxn__E                           
00004881  ti_sysbios_hal_Hwi_HwiProxy_disable__E                               
00004891  ti_sysbios_family_arm_m3_TaskSupport_getStackAlignment__E            
00004891  ti_sysbios_knl_Task_SupportProxy_getStackAlignment__E                
000048a1  ti_sysbios_gates_GateHwi_enter__E                                    
000048ad  ti_sysbios_knl_Queue_Object__get__S                                  
000048b9  ti_sysbios_knl_Task_Params__init__S                                  
000048c5  xdc_runtime_Error_init__E                                            
000048d1  xdc_runtime_Gate_enterSystem__E                                      
000048dd  xdc_runtime_Memory_calloc__E                                         
000048e9  xdc_runtime_Memory_getMaxDefaultTypeAlign__E                         
000048f5  xdc_runtime_Memory_HeapProxy_alloc__E                                
000048ff  xdc_runtime_Memory_HeapProxy_free__E                                 
00004909  EK_TM4C1294XL_initGPIO                                               
00004911  ti_sysbios_family_arm_lm4_Timer_masterDisable__I                     
00004919  ti_sysbios_family_arm_m3_Hwi_doSwiRestore__I                         
00004921  ti_sysbios_family_arm_m3_Hwi_startup__E                              
00004921  ti_sysbios_hal_Hwi_HwiProxy_startup__E                               
00004921  ti_sysbios_hal_Hwi_startup__E                                        
00004929  GPIOPinRead                                                          
0000492f  GPIOPinWrite                                                         
00004939  ti_sysbios_family_arm_m3_Hwi_doTaskRestore__I                        
00004941  ti_sysbios_family_arm_m3_Hwi_restoreFxn__E                           
00004941  ti_sysbios_hal_Hwi_HwiProxy_restore__E                               
00004949  ti_sysbios_gates_GateHwi_leave__E                                    
00004951  ti_sysbios_heaps_HeapMem_isBlocking__E                               
00004959  ti_sysbios_knl_Queue_Instance_init__E                                
00004961  ti_sysbios_knl_Swi_startup__E                                        
00004967  xdc_runtime_System_Module_startup__E                                 
00004971  ti_sysbios_gates_GateHwi_query__E                                    
00004971  xdc_runtime_Main_Module_GateProxy_query__E                           
00004971  xdc_runtime_System_Module_GateProxy_query__E                         
00004979  ti_sysbios_BIOS_RtsGateProxy_query__E                                
00004979  ti_sysbios_gates_GateMutex_query__E                                  
00004979  ti_sysbios_heaps_HeapMem_Module_GateProxy_query__E                   
00004981  ti_sysbios_knl_Task_startup__E                                       
00004989  ti_sysbios_gates_GateHwi_Instance_init__E                            
00004991  ti_sysbios_knl_Clock_logTick__E                                      
00004994  xdc_runtime_Text_charTab__A                                          
000062f8  xdc_runtime_Text_nodeTab__A                                          
00006504  ti_sysbios_knl_Task_Object__PARAMS__C                                
00006570  ti_sysbios_family_arm_m3_Hwi_Object__PARAMS__C                       
000065a0  ti_sysbios_heaps_HeapMem_Module__FXNS__C                             
000065c8  ti_sysbios_gates_GateHwi_Module__FXNS__C                             
000065ec  ti_sysbios_gates_GateMutex_Module__FXNS__C                           
00006610  ti_sysbios_heaps_HeapMem_Object__PARAMS__C                           
00006634  ti_sysbios_knl_Semaphore_Object__PARAMS__C                           
00006658  ti_sysbios_family_arm_m3_Hwi_Object__DESC__C                         
00006678  ti_sysbios_gates_GateHwi_Object__DESC__C                             
00006698  ti_sysbios_gates_GateMutex_Object__DESC__C                           
000066b8  ti_sysbios_heaps_HeapMem_Object__DESC__C                             
000066d8  ti_sysbios_knl_Queue_Object__DESC__C                                 
000066f8  ti_sysbios_knl_Semaphore_Object__DESC__C                             
00006718  ti_sysbios_knl_Task_Object__DESC__C                                  
00006738  xdc_runtime_Startup_sfxnTab__A                                       
00006758  ti_sysbios_gates_GateHwi_Object__PARAMS__C                           
00006770  ti_sysbios_gates_GateMutex_Object__PARAMS__C                         
00006788  ti_sysbios_knl_Queue_Object__PARAMS__C                               
000067a0  GPIOTiva_config                                                      
000067b4  xdc_runtime_Startup_firstFxns__A                                     
000067c8  xdc_runtime_Startup_sfxnRts__A                                       
000067e0  ti_sysbios_family_arm_m3_Hwi_excHookFuncs__A                         
000067e8  ti_sysbios_knl_Idle_funcList__C                                      
000067f0  xdc_runtime_Startup_firstFxns__C                                     
000067f8  xdc_runtime_Startup_lastFxns__C                                      
00006800  ti_catalog_arm_cortexm4_tiva_ce_Boot_A_mustNotUseEnhancedClockMode__C
00006804  ti_catalog_arm_cortexm4_tiva_ce_Boot_Module__diagsEnabled__C         
00006808  ti_catalog_arm_cortexm4_tiva_ce_Boot_Module__diagsIncluded__C        
0000680c  ti_catalog_arm_cortexm4_tiva_ce_Boot_Module__diagsMask__C            
00006810  ti_sysbios_family_arm_lm4_Timer_enableFunc__C                        
00006814  ti_sysbios_family_arm_lm4_Timer_numTimerDevices__C                   
00006818  ti_sysbios_family_arm_lm4_Timer_startupNeeded__C                     
0000681c  ti_sysbios_family_arm_m3_Hwi_E_NMI__C                                
00006820  ti_sysbios_family_arm_m3_Hwi_E_alreadyDefined__C                     
00006824  ti_sysbios_family_arm_m3_Hwi_E_busFault__C                           
00006828  ti_sysbios_family_arm_m3_Hwi_E_debugMon__C                           
0000682c  ti_sysbios_family_arm_m3_Hwi_E_hardFault__C                          
00006830  ti_sysbios_family_arm_m3_Hwi_E_memFault__C                           
00006834  ti_sysbios_family_arm_m3_Hwi_E_noIsr__C                              
00006838  ti_sysbios_family_arm_m3_Hwi_E_reserved__C                           
0000683c  ti_sysbios_family_arm_m3_Hwi_E_svCall__C                             
00006840  ti_sysbios_family_arm_m3_Hwi_E_usageFault__C                         
00006844  ti_sysbios_family_arm_m3_Hwi_NUM_INTERRUPTS__C                       
00006848  ti_sysbios_family_arm_m3_Hwi_Object__count__C                        
0000684c  ti_sysbios_family_arm_m3_Hwi_ccr__C                                  
00006850  ti_sysbios_family_arm_m3_Hwi_excHandlerFunc__C                       
00006854  ti_sysbios_family_arm_m3_Hwi_excHookFuncs__C                         
00006858  ti_sysbios_family_arm_m3_Hwi_nullIsrFunc__C                          
0000685c  ti_sysbios_family_arm_m3_Hwi_priGroup__C                             
00006860  ti_sysbios_family_arm_m3_TaskSupport_stackAlignment__C               
00006864  ti_sysbios_gates_GateMutex_Instance_State_sem__O                     
00006868  ti_sysbios_heaps_HeapMem_E_memory__C                                 
0000686c  ti_sysbios_heaps_HeapMem_Module__gateObj__C                          
00006870  ti_sysbios_heaps_HeapMem_Object__count__C                            
00006874  ti_sysbios_heaps_HeapMem_reqAlign__C                                 
00006878  ti_sysbios_knl_Clock_Module_State_clockQ__O                          
0000687c  ti_sysbios_knl_Semaphore_Instance_State_pendQ__O                     
00006880  ti_sysbios_knl_Swi_Object__count__C                                  
00006884  ti_sysbios_knl_Task_Module_State_inactiveQ__O                        
00006888  ti_sysbios_knl_Task_Object__count__C                                 
0000688c  ti_sysbios_knl_Task_allBlockedFunc__C                                
00006890  ti_sysbios_knl_Task_defaultStackHeap__C                              
00006894  ti_sysbios_knl_Task_defaultStackSize__C                              
00006898  ti_sysbios_knl_Task_numConstructedTasks__C                           
0000689c  xdc_runtime_Assert_E_assertFailed__C                                 
000068a0  xdc_runtime_Core_A_initializedParams__C                              
000068a4  xdc_runtime_Core_Module__diagsEnabled__C                             
000068a8  xdc_runtime_Core_Module__diagsIncluded__C                            
000068ac  xdc_runtime_Core_Module__diagsMask__C                                
000068b0  xdc_runtime_Error_E_memory__C                                        
000068b4  xdc_runtime_Error_Module__diagsEnabled__C                            
000068b8  xdc_runtime_Error_Module__diagsIncluded__C                           
000068bc  xdc_runtime_Error_Module__diagsMask__C                               
000068c0  xdc_runtime_Error_Module__loggerFxn8__C                              
000068c4  xdc_runtime_Error_Module__loggerObj__C                               
000068c8  xdc_runtime_Error_policyFxn__C                                       
000068cc  xdc_runtime_Error_raiseHook__C                                       
000068d0  xdc_runtime_IGateProvider_Interface__BASE__C                         
000068d4  xdc_runtime_IHeap_Interface__BASE__C                                 
000068d8  xdc_runtime_IModule_Interface__BASE__C                               
000068dc  xdc_runtime_Log_L_error__C                                           
000068e0  xdc_runtime_Memory_defaultHeapInstance__C                            
000068e4  xdc_runtime_Startup_execImpl__C                                      
000068e8  xdc_runtime_Startup_maxPasses__C                                     
000068ec  xdc_runtime_Startup_sfxnRts__C                                       
000068f0  xdc_runtime_Startup_sfxnTab__C                                       
000068f4  xdc_runtime_SysMin_bufSize__C                                        
000068f8  xdc_runtime_SysMin_outputFunc__C                                     
000068fc  xdc_runtime_System_Module__gateObj__C                                
00006900  xdc_runtime_System_abortFxn__C                                       
00006904  xdc_runtime_System_exitFxn__C                                        
00006908  xdc_runtime_System_extendFxn__C                                      
0000690c  xdc_runtime_System_maxAtexitHandlers__C                              
00006910  xdc_runtime_Text_charTab__C                                          
00006914  xdc_runtime_Text_nameEmpty__C                                        
00006918  xdc_runtime_Text_nameStatic__C                                       
0000691c  xdc_runtime_Text_nameUnknown__C                                      
00006920  xdc_runtime_Text_nodeTab__C                                          
00006924  xdc_runtime_Text_visitRopeFxn__C                                     
00006928  ti_catalog_arm_cortexm4_tiva_ce_Boot_Module__id__C                   
0000692a  ti_sysbios_family_arm_m3_Hwi_Module__id__C                           
0000692c  ti_sysbios_heaps_HeapMem_Module__id__C                               
0000692e  xdc_runtime_Core_Module__id__C                                       
00006930  xdc_runtime_Error_Module__loggerDefined__C                           
00006932  xdc_runtime_Error_maxDepth__C                                        
00006934  xdc_runtime_Memory_Module__id__C                                     
00006936  xdc_runtime_SysMin_flushAtExit__C                                    
00006938  xdc_runtime_Text_charCnt__C                                          
0000693a  xdc_runtime_Text_isLoaded__C                                         
0000693c  xdc_runtime_Text_registryModsLastId__C                               
0000693e  xdc_runtime_Text_unnamedModsLastId__C                                
00006940  xdc_runtime_Error_policy__C                                          
00006948  __TI_static_base__                                                   
00006b00  __TI_Handler_Table_Base                                              
00006b0c  __TI_Handler_Table_Limit                                             
00006b20  __TI_CINIT_Base                                                      
00006b38  __TI_CINIT_Limit                                                     
20000000  ti_sysbios_family_arm_m3_Hwi_ramVectors                              
20000360  ti_sysbios_heaps_HeapMem_Instance_State_0_buf__A                     
20000760  ti_sysbios_family_arm_m3_Hwi_dispatchTable                           
20000ac0  task0Stack                                                           
20000cc0  __CIOBUF_                                                            
20000e70  xdc_runtime_SysMin_Module_State_0_outbuf__A                          
20000ef0  task0Struct                                                          
20000f40  parmbuf                                                              
20000f4c  ti_sysbios_knl_Swi_Module_State_0_readyQ__A                          
20000fcc  ti_sysbios_knl_Task_Module_State_0_readyQ__A                         
2000104c  ti_sysbios_knl_Task_Module__state__V                                 
20001090  ti_sysbios_family_arm_lm4_Timer_Module_State_0_device__A             
200010d0  ti_sysbios_family_arm_lm4_Timer_Object__table__V                     
20001110  ti_sysbios_gates_GateMutex_Object__table__V                          
20001148  ti_sysbios_family_arm_m3_Hwi_Module__state__V                        
2000117c  ti_sysbios_knl_Swi_Object__table__V                                  
200011ac  ti_sysbios_knl_Clock_Module__state__V                                
200011d8  ti_sysbios_BIOS_Module__state__V                                     
200011fc  ti_sysbios_family_arm_lm4_Timer_Module_State_0_handles__A            
2000121c  ti_sysbios_knl_Swi_Module__state__V                                  
20001238  ti_sysbios_family_arm_m3_Hwi_Object__table__V                        
20001250  ti_sysbios_heaps_HeapMem_Object__table__V                            
20001268  gpioPinConfigs                                                       
20001278  ti_sysbios_family_arm_lm4_Timer_Module__state__V                     
20001284  xdc_runtime_SysMin_Module__state__V                                  
20001290  _lock                                                                
20001294  _unlock                                                              
20001298  gpioCallbackFunctions                                                
200012a0  ti_sysbios_family_arm_m3_Hwi_Module__root__V                         
200012a8  ti_sysbios_gates_GateHwi_Module__root__V                             
200012b0  ti_sysbios_gates_GateMutex_Module__root__V                           
200012b8  ti_sysbios_heaps_HeapMem_Module__root__V                             
200012c0  ti_sysbios_knl_Queue_Module__root__V                                 
200012c8  ti_sysbios_knl_Semaphore_Module__root__V                             
200012d0  ti_sysbios_knl_Task_Module__root__V                                  
200012d8  xdc_runtime_Registry_Module__state__V                                
200012e0  xdc_runtime_Startup_Module__state__V                                 
200012e8  xdc_runtime_System_Module_State_0_atexitHandlers__A                  
200012f0  xdc_runtime_System_Module__state__V                                  
200012fe  ti_sysbios_family_arm_m3_Hwi_Module_State_0_excActive__A             
20001300  main_func_sp                                                         
20001304  ti_sysbios_family_arm_m3_Hwi_Module_State_0_excContext__A            
20001308  ti_sysbios_family_arm_m3_Hwi_Module_State_0_excStack__A              
2000130c  ti_sysbios_gates_GateHwi_Object__table__V                            
20001310  ti_sysbios_knl_Task_Module_State_0_idleTask__A                       
20001314  xdc_runtime_Memory_Module__state__V                                  
20001318  xdc_runtime_Error_Module__state__V                                   
20001320  __stack                                                              
20001620  __STACK_END                                                          
e000e000  ti_sysbios_family_arm_m3_Hwi_nvic                                    
ffffffff  __TI_pprof_out_hndl                                                  
ffffffff  __TI_prof_data_size                                                  
ffffffff  __TI_prof_data_start                                                 
ffffffff  __binit__                                                            
ffffffff  __c_args__                                                           
ffffffff  binit                                                                
UNDEFED   SHT$$INIT_ARRAY$$Base                                                
UNDEFED   SHT$$INIT_ARRAY$$Limit                                               

[500 symbols]
